2026-05-18 10:57:14,053 [INFO] 章节目录: /Users/vincent/Documents/小说模型/万古神龙：我的血脉全靠吞/执行/章节
2026-05-18 10:57:14,217 [INFO] Chrome profile 锁文件已清理
2026-05-18 10:57:16,167 [INFO] Chrome 浏览器已启动（已登录模式）
2026-05-18 10:57:16,171 [INFO] 正在打开作家工作台...
2026-05-18 10:57:23,699 [INFO] 已进入作家工作台
2026-05-18 10:57:23,699 [INFO] 正在发布: 第16章 老鸦岭
2026-05-18 10:57:32,093 [INFO]   当前URL: https://fanqienovel.com/main/writer/7639950067528387646/publish/7641060545050722878
2026-05-18 10:57:32,243 [INFO]   第1次检查，可见按钮: ['存草稿', '下一步']
2026-05-18 10:57:32,953 [INFO]   页面 HTML 已保存: /Users/vincent/Documents/小说模型/自动化/日志/debug/page_html_16.html
2026-05-18 10:57:32,953 [INFO] 填充发布表单...
2026-05-18 10:57:34,091 [INFO]   章节号已填入: 16
2026-05-18 10:57:34,865 [INFO]   标题已填入: 老鸦岭
2026-05-18 10:57:34,928 [INFO]   正文已注入 (2218 字)
2026-05-18 10:57:41,021 [INFO]   已点击: 下一步
2026-05-18 10:57:47,024 [INFO] 等待下一步后的弹窗...
2026-05-18 10:57:50,081 [INFO]   已点击: 提交
2026-05-18 10:57:53,121 [INFO]   已点击: 全面检测
2026-05-18 10:57:56,125 [INFO] 等待内容检测完成...
2026-05-18 10:57:56,277 [INFO]   第1次检查，可见按钮: ['存草稿', '下一步', '取消', '确认发布']
2026-05-18 10:57:56,551 [INFO]   第1次检查，可见按钮: ['存草稿', '下一步', '取消', '确认发布']
2026-05-18 10:57:56,551 [INFO]   发布设置弹窗按钮: ['存草稿', '下一步', '取消', '确认发布']
2026-05-18 10:57:56,851 [INFO]   AI 声明已勾选 (fallback)
2026-05-18 10:57:57,500 [INFO]   已点击: 确认发布
2026-05-18 10:58:01,506 [INFO] ✓ 第16章《老鸦岭》发布完成
2026-05-18 10:58:04,509 [INFO] 正在发布: 第17章 收网
2026-05-18 10:58:13,025 [INFO]   当前URL: https://fanqienovel.com/main/writer/7639950067528387646/publish/7641060720221618750
2026-05-18 10:58:13,142 [INFO]   第1次检查，可见按钮: ['存草稿', '下一步']
2026-05-18 10:58:13,858 [INFO]   页面 HTML 已保存: /Users/vincent/Documents/小说模型/自动化/日志/debug/page_html_17.html
2026-05-18 10:58:13,858 [INFO] 填充发布表单...
2026-05-18 10:58:14,740 [INFO]   章节号已填入: 17
2026-05-18 10:58:15,457 [INFO]   标题已填入: 收网
2026-05-18 10:58:15,502 [INFO]   正文已注入 (2110 字)
2026-05-18 10:58:21,692 [INFO]   已点击: 下一步
2026-05-18 10:58:27,700 [INFO] 等待下一步后的弹窗...
2026-05-18 10:58:30,743 [INFO]   已点击: 提交
2026-05-18 10:58:33,781 [INFO]   已点击: 全面检测
2026-05-18 10:58:36,787 [INFO] 等待内容检测完成...
2026-05-18 10:58:36,976 [INFO]   第1次检查，可见按钮: ['存草稿', '下一步', '取消', '确认发布']
2026-05-18 10:58:37,419 [INFO]   第1次检查，可见按钮: ['存草稿', '下一步', '取消', '确认发布']
2026-05-18 10:58:37,419 [INFO]   发布设置弹窗按钮: ['存草稿', '下一步', '取消', '确认发布']
2026-05-18 10:58:37,716 [INFO]   AI 声明已勾选 (fallback)
2026-05-18 10:58:38,360 [INFO]   已点击: 确认发布
2026-05-18 10:58:42,366 [INFO] ✓ 第17章《收网》发布完成
2026-05-18 10:58:45,959 [INFO] 浏览器已关闭
