2026-05-19 09:51:19,293 [INFO] 加载配置: 发布配置.yaml
2026-05-19 09:51:19,301 [INFO] 当前项目: 全球灾变：我的AI能自动升级
2026-05-19 09:51:19,302 [INFO] 章节目录: /Users/vincent/Documents/小说模型/全球灾变：我的AI能自动升级/执行/章节
2026-05-19 09:51:20,810 [INFO] Chrome 用户数据目录: /Users/vincent/Documents/小说模型/自动化/chrome_profiles/全球灾变（作品: 全球灾变：我的AI能自动升级）
2026-05-19 09:51:20,811 [INFO] Chrome profile 锁文件已清理
2026-05-19 09:51:25,277 [INFO] Chrome 浏览器已启动（已登录模式）
2026-05-19 09:51:25,277 [INFO] 正在打开作家工作台...
2026-05-19 09:51:33,071 [INFO] 已进入作家工作台
2026-05-19 09:51:33,072 [INFO] 正在发布: 第11章 夜巡者
2026-05-19 09:51:41,670 [INFO]   当前URL: https://fanqienovel.com/main/writer/7641137747754748990/publish/7641414665158787609
2026-05-19 09:51:41,821 [INFO]   第1次检查，可见按钮: ['存草稿', '下一步']
2026-05-19 09:51:42,380 [INFO]   页面 HTML 已保存: /Users/vincent/Documents/小说模型/自动化/日志/debug/page_html_11.html
2026-05-19 09:51:42,380 [INFO] 填充发布表单...
2026-05-19 09:51:43,404 [INFO]   章节号已填入: 11
2026-05-19 09:51:44,107 [INFO]   标题已填入: 夜巡者
2026-05-19 09:51:44,157 [INFO]   正文已注入 (2684 字)
2026-05-19 09:51:50,236 [INFO]   已点击: 下一步
2026-05-19 09:51:56,239 [INFO] 等待下一步后的弹窗...
2026-05-19 09:52:02,372 [INFO]   已点击: 全面检测
2026-05-19 09:52:05,379 [INFO] 等待内容检测完成...
2026-05-19 09:52:05,517 [INFO]   第1次检查，可见按钮: ['存草稿', '下一步', '取消', '确认发布']
2026-05-19 09:52:05,950 [INFO]   第1次检查，可见按钮: ['存草稿', '下一步', '取消', '确认发布']
2026-05-19 09:52:05,950 [INFO]   发布设置弹窗按钮: ['存草稿', '下一步', '取消', '确认发布']
2026-05-19 09:52:06,210 [INFO]   AI 声明已勾选 (fallback)
2026-05-19 09:52:06,861 [INFO]   已点击: 确认发布
2026-05-19 09:52:10,866 [INFO] ✓ 第11章《夜巡者》发布完成
2026-05-19 09:52:13,869 [INFO] 正在发布: 第12章 黎明前的博弈
2026-05-19 09:52:22,254 [INFO]   当前URL: https://fanqienovel.com/main/writer/7641137747754748990/publish/7641414837058159129
2026-05-19 09:52:22,384 [INFO]   第1次检查，可见按钮: ['存草稿', '下一步', '下一步']
2026-05-19 09:52:23,110 [INFO]   页面 HTML 已保存: /Users/vincent/Documents/小说模型/自动化/日志/debug/page_html_12.html
2026-05-19 09:52:23,111 [INFO] 填充发布表单...
2026-05-19 09:52:23,980 [INFO]   章节号已填入: 12
2026-05-19 09:52:24,789 [INFO]   标题已填入: 黎明前的博弈
2026-05-19 09:52:24,862 [INFO]   正文已注入 (4749 字)
2026-05-19 09:52:30,949 [INFO]   已点击: 下一步
2026-05-19 09:52:36,952 [INFO] 等待下一步后的弹窗...
2026-05-19 09:52:39,999 [INFO]   已点击: 提交
2026-05-19 09:52:43,066 [INFO]   已点击: 全面检测
2026-05-19 09:52:46,069 [INFO] 等待内容检测完成...
2026-05-19 09:52:46,237 [INFO]   第1次检查，可见按钮: ['存草稿', '下一步', '取消', '确认发布']
2026-05-19 09:52:46,753 [INFO]   第1次检查，可见按钮: ['存草稿', '下一步', '取消', '确认发布']
2026-05-19 09:52:46,753 [INFO]   发布设置弹窗按钮: ['存草稿', '下一步', '取消', '确认发布']
2026-05-19 09:52:47,195 [INFO]   AI 声明已勾选 (fallback)
2026-05-19 09:52:47,853 [INFO]   已点击: 确认发布
2026-05-19 09:52:51,858 [INFO] ✓ 第12章《黎明前的博弈》发布完成
2026-05-19 09:52:54,864 [INFO] 正在发布: 第13章 南侧之影
2026-05-19 09:53:03,361 [INFO]   当前URL: https://fanqienovel.com/main/writer/7641137747754748990/publish/7641415014158434841
2026-05-19 09:53:03,699 [INFO]   第1次检查，可见按钮: ['存草稿', '下一步', '下一步']
2026-05-19 09:53:04,745 [INFO]   页面 HTML 已保存: /Users/vincent/Documents/小说模型/自动化/日志/debug/page_html_13.html
2026-05-19 09:53:04,746 [INFO] 填充发布表单...
2026-05-19 09:53:05,919 [INFO]   章节号已填入: 13
2026-05-19 09:53:06,870 [INFO]   标题已填入: 南侧之影
2026-05-19 09:53:06,953 [INFO]   正文已注入 (3753 字)
2026-05-19 09:53:13,019 [INFO]   已点击: 下一步
2026-05-19 09:53:19,023 [INFO] 等待下一步后的弹窗...
2026-05-19 09:53:22,066 [INFO]   已点击: 提交
2026-05-19 09:53:25,110 [INFO]   已点击: 全面检测
2026-05-19 09:53:28,113 [INFO] 等待内容检测完成...
2026-05-19 09:53:28,287 [INFO]   第1次检查，可见按钮: ['存草稿', '下一步', '取消', '确认发布']
2026-05-19 09:53:28,755 [INFO]   第1次检查，可见按钮: ['存草稿', '下一步', '取消', '确认发布']
2026-05-19 09:53:28,755 [INFO]   发布设置弹窗按钮: ['存草稿', '下一步', '取消', '确认发布']
2026-05-19 09:53:29,073 [INFO]   AI 声明已勾选 (fallback)
2026-05-19 09:53:29,724 [INFO]   已点击: 确认发布
2026-05-19 09:53:33,726 [INFO] ✓ 第13章《南侧之影》发布完成
2026-05-19 09:53:36,732 [INFO] 正在发布: 第14章 渔翁得利
2026-05-19 09:53:45,153 [INFO]   当前URL: https://fanqienovel.com/main/writer/7641137747754748990/publish/7641415193024545305
2026-05-19 09:53:45,282 [INFO]   第1次检查，可见按钮: ['存草稿', '下一步', '下一步']
2026-05-19 09:53:45,949 [INFO]   页面 HTML 已保存: /Users/vincent/Documents/小说模型/自动化/日志/debug/page_html_14.html
2026-05-19 09:53:45,950 [INFO] 填充发布表单...
2026-05-19 09:53:46,866 [INFO]   章节号已填入: 14
2026-05-19 09:53:47,679 [INFO]   标题已填入: 渔翁得利
2026-05-19 09:53:47,755 [INFO]   正文已注入 (5831 字)
2026-05-19 09:53:53,820 [INFO]   已点击: 下一步
2026-05-19 09:53:59,823 [INFO] 等待下一步后的弹窗...
2026-05-19 09:54:02,871 [INFO]   已点击: 提交
2026-05-19 09:54:05,918 [INFO]   已点击: 全面检测
2026-05-19 09:54:08,922 [INFO] 等待内容检测完成...
2026-05-19 09:54:09,086 [INFO]   第1次检查，可见按钮: ['存草稿', '下一步', '取消', '确认发布']
2026-05-19 09:54:09,347 [INFO]   第1次检查，可见按钮: ['存草稿', '下一步', '取消', '确认发布']
2026-05-19 09:54:09,347 [INFO]   发布设置弹窗按钮: ['存草稿', '下一步', '取消', '确认发布']
2026-05-19 09:54:10,328 [INFO]   AI 声明已勾选 (fallback)
2026-05-19 09:54:10,977 [INFO]   已点击: 确认发布
2026-05-19 09:54:14,982 [INFO] ✓ 第14章《渔翁得利》发布完成
2026-05-19 09:54:17,986 [INFO] 正在发布: 第15章 冰霜之下的裂痕
2026-05-19 09:54:26,077 [INFO]   当前URL: https://fanqienovel.com/main/writer/7641137747754748990/publish/7641415370758160921
2026-05-19 09:54:26,223 [INFO]   第1次检查，可见按钮: ['存草稿', '下一步', '下一步']
2026-05-19 09:54:26,807 [INFO]   页面 HTML 已保存: /Users/vincent/Documents/小说模型/自动化/日志/debug/page_html_15.html
2026-05-19 09:54:26,808 [INFO] 填充发布表单...
2026-05-19 09:54:27,697 [INFO]   章节号已填入: 15
2026-05-19 09:54:28,496 [INFO]   标题已填入: 冰霜之下的裂痕
2026-05-19 09:54:28,547 [INFO]   正文已注入 (3789 字)
2026-05-19 09:54:34,610 [INFO]   已点击: 下一步
2026-05-19 09:54:40,615 [INFO] 等待下一步后的弹窗...
2026-05-19 09:54:46,728 [INFO]   已点击: 全面检测
2026-05-19 09:54:49,732 [INFO] 等待内容检测完成...
2026-05-19 09:54:49,887 [INFO]   第1次检查，可见按钮: ['存草稿', '下一步', '取消', '确认发布']
2026-05-19 09:54:50,156 [INFO]   第1次检查，可见按钮: ['存草稿', '下一步', '取消', '确认发布']
2026-05-19 09:54:50,156 [INFO]   发布设置弹窗按钮: ['存草稿', '下一步', '取消', '确认发布']
2026-05-19 09:54:50,470 [INFO]   AI 声明已勾选 (fallback)
2026-05-19 09:54:51,121 [INFO]   已点击: 确认发布
2026-05-19 09:54:55,125 [INFO] ✓ 第15章《冰霜之下的裂痕》发布完成
2026-05-19 09:54:58,134 [INFO] 正在发布: 第16章 数据深处的低语
2026-05-19 09:55:06,277 [INFO]   当前URL: https://fanqienovel.com/main/writer/7641137747754748990/publish/7641415542774956569
2026-05-19 09:55:06,407 [INFO]   第1次检查，可见按钮: ['存草稿', '下一步', '下一步']
2026-05-19 09:55:07,175 [INFO]   页面 HTML 已保存: /Users/vincent/Documents/小说模型/自动化/日志/debug/page_html_16.html
2026-05-19 09:55:07,175 [INFO] 填充发布表单...
2026-05-19 09:55:08,071 [INFO]   章节号已填入: 16
2026-05-19 09:55:08,896 [INFO]   标题已填入: 数据深处的低语
2026-05-19 09:55:08,958 [INFO]   正文已注入 (4648 字)
2026-05-19 09:55:15,116 [INFO]   已点击: 下一步
2026-05-19 09:55:21,118 [INFO] 等待下一步后的弹窗...
2026-05-19 09:55:27,242 [INFO]   已点击: 全面检测
2026-05-19 09:55:30,246 [INFO] 等待内容检测完成...
2026-05-19 09:55:30,401 [INFO]   第1次检查，可见按钮: ['存草稿', '下一步', '取消', '确认发布']
2026-05-19 09:55:30,806 [INFO]   第1次检查，可见按钮: ['存草稿', '下一步', '取消', '确认发布']
2026-05-19 09:55:30,807 [INFO]   发布设置弹窗按钮: ['存草稿', '下一步', '取消', '确认发布']
2026-05-19 09:55:31,107 [INFO]   AI 声明已勾选 (fallback)
2026-05-19 09:55:31,765 [INFO]   已点击: 确认发布
2026-05-19 09:55:35,769 [INFO] ✓ 第16章《数据深处的低语》发布完成
2026-05-19 09:55:38,777 [INFO] 正在发布: 第17章 归途的阴影
2026-05-19 09:55:47,188 [INFO]   当前URL: https://fanqienovel.com/main/writer/7641137747754748990/publish/7641415716956013081
2026-05-19 09:55:47,350 [INFO]   第1次检查，可见按钮: ['存草稿', '下一步', '下一步']
2026-05-19 09:55:48,098 [INFO]   页面 HTML 已保存: /Users/vincent/Documents/小说模型/自动化/日志/debug/page_html_17.html
2026-05-19 09:55:48,098 [INFO] 填充发布表单...
2026-05-19 09:55:49,003 [INFO]   章节号已填入: 17
2026-05-19 09:55:49,767 [INFO]   标题已填入: 归途的阴影
2026-05-19 09:55:49,820 [INFO]   正文已注入 (5579 字)
2026-05-19 09:55:55,906 [INFO]   已点击: 下一步
2026-05-19 09:56:01,911 [INFO] 等待下一步后的弹窗...
2026-05-19 09:56:08,016 [INFO]   已点击: 全面检测
2026-05-19 09:56:11,021 [INFO] 等待内容检测完成...
2026-05-19 09:56:11,183 [INFO]   第1次检查，可见按钮: ['存草稿', '下一步', '取消', '确认发布']
2026-05-19 09:56:11,629 [INFO]   第1次检查，可见按钮: ['存草稿', '下一步', '取消', '确认发布']
2026-05-19 09:56:11,629 [INFO]   发布设置弹窗按钮: ['存草稿', '下一步', '取消', '确认发布']
2026-05-19 09:56:11,952 [INFO]   AI 声明已勾选 (fallback)
2026-05-19 09:56:12,618 [INFO]   已点击: 确认发布
2026-05-19 09:56:16,623 [INFO] ✓ 第17章《归途的阴影》发布完成
2026-05-19 09:56:19,630 [INFO] 正在发布: 第18章 信任的裂痕
2026-05-19 09:56:27,726 [INFO]   当前URL: https://fanqienovel.com/main/writer/7641137747754748990/publish/7641415892638630425
2026-05-19 09:56:27,989 [INFO]   第1次检查，可见按钮: ['存草稿', '下一步', '下一步']
2026-05-19 09:56:28,547 [INFO]   页面 HTML 已保存: /Users/vincent/Documents/小说模型/自动化/日志/debug/page_html_18.html
2026-05-19 09:56:28,548 [INFO] 填充发布表单...
2026-05-19 09:56:29,413 [INFO]   章节号已填入: 18
2026-05-19 09:56:30,171 [INFO]   标题已填入: 信任的裂痕
2026-05-19 09:56:30,259 [INFO]   正文已注入 (4529 字)
2026-05-19 09:56:36,349 [INFO]   已点击: 下一步
2026-05-19 09:56:42,354 [INFO] 等待下一步后的弹窗...
2026-05-19 09:56:45,406 [INFO]   已点击: 提交
2026-05-19 09:56:48,465 [INFO]   已点击: 全面检测
2026-05-19 09:56:51,470 [INFO] 等待内容检测完成...
2026-05-19 09:56:51,615 [INFO]   第1次检查，可见按钮: ['存草稿', '下一步', '取消', '确认发布']
2026-05-19 09:56:51,852 [INFO]   第1次检查，可见按钮: ['存草稿', '下一步', '取消', '确认发布']
2026-05-19 09:56:51,852 [INFO]   发布设置弹窗按钮: ['存草稿', '下一步', '取消', '确认发布']
2026-05-19 09:56:52,132 [INFO]   AI 声明已勾选 (fallback)
2026-05-19 09:56:52,795 [INFO]   已点击: 确认发布
2026-05-19 09:56:56,799 [INFO] ✓ 第18章《信任的裂痕》发布完成
2026-05-19 09:56:59,809 [INFO] 正在发布: 第19章 追踪信号
2026-05-19 09:57:08,287 [INFO]   当前URL: https://fanqienovel.com/main/writer/7641137747754748990/publish/7641416066278621721
2026-05-19 09:57:08,403 [INFO]   第1次检查，可见按钮: ['存草稿', '下一步', '下一步']
2026-05-19 09:57:09,110 [INFO]   页面 HTML 已保存: /Users/vincent/Documents/小说模型/自动化/日志/debug/page_html_19.html
2026-05-19 09:57:09,111 [INFO] 填充发布表单...
2026-05-19 09:57:09,919 [INFO]   章节号已填入: 19
2026-05-19 09:57:10,685 [INFO]   标题已填入: 追踪信号
2026-05-19 09:57:10,731 [INFO]   正文已注入 (5024 字)
2026-05-19 09:57:16,785 [INFO]   已点击: 下一步
2026-05-19 09:57:22,789 [INFO] 等待下一步后的弹窗...
2026-05-19 09:57:25,837 [INFO]   已点击: 提交
2026-05-19 09:57:28,880 [INFO]   已点击: 全面检测
2026-05-19 09:57:31,885 [INFO] 等待内容检测完成...
2026-05-19 09:57:32,021 [INFO]   第1次检查，可见按钮: ['存草稿', '下一步', '取消', '确认发布']
2026-05-19 09:57:32,445 [INFO]   第1次检查，可见按钮: ['存草稿', '下一步', '取消', '确认发布']
2026-05-19 09:57:32,445 [INFO]   发布设置弹窗按钮: ['存草稿', '下一步', '取消', '确认发布']
2026-05-19 09:57:32,725 [INFO]   AI 声明已勾选 (fallback)
2026-05-19 09:57:33,381 [INFO]   已点击: 确认发布
2026-05-19 09:57:37,385 [INFO] ✓ 第19章《追踪信号》发布完成
2026-05-19 09:57:40,394 [INFO] 正在发布: 第20章 夜探南侧
2026-05-19 09:57:48,877 [INFO]   当前URL: https://fanqienovel.com/main/writer/7641137747754748990/publish/7641416239436284441
2026-05-19 09:57:49,013 [INFO]   第1次检查，可见按钮: ['存草稿', '下一步', '下一步']
2026-05-19 09:57:49,581 [INFO]   页面 HTML 已保存: /Users/vincent/Documents/小说模型/自动化/日志/debug/page_html_20.html
2026-05-19 09:57:49,581 [INFO] 填充发布表单...
2026-05-19 09:57:50,440 [INFO]   章节号已填入: 20
2026-05-19 09:57:51,194 [INFO]   标题已填入: 夜探南侧
2026-05-19 09:57:51,258 [INFO]   正文已注入 (3654 字)
2026-05-19 09:57:57,355 [INFO]   已点击: 下一步
2026-05-19 09:58:03,358 [INFO] 等待下一步后的弹窗...
2026-05-19 09:58:06,405 [INFO]   已点击: 提交
2026-05-19 09:58:09,453 [INFO]   已点击: 全面检测
2026-05-19 09:58:12,458 [INFO] 等待内容检测完成...
2026-05-19 09:58:12,631 [INFO]   第1次检查，可见按钮: ['存草稿', '下一步', '取消', '确认发布']
2026-05-19 09:58:13,007 [INFO]   第1次检查，可见按钮: ['存草稿', '下一步', '取消', '确认发布']
2026-05-19 09:58:13,007 [INFO]   发布设置弹窗按钮: ['存草稿', '下一步', '取消', '确认发布']
2026-05-19 09:58:13,311 [INFO]   AI 声明已勾选 (fallback)
2026-05-19 09:58:13,969 [INFO]   已点击: 确认发布
2026-05-19 09:58:17,973 [INFO] ✓ 第20章《夜探南侧》发布完成
2026-05-19 09:58:20,978 [INFO] 正在发布: 第21章 数据深处的声音
2026-05-19 09:58:29,540 [INFO]   当前URL: https://fanqienovel.com/main/writer/7641137747754748990/publish/7641416414464573977
2026-05-19 09:58:29,658 [INFO]   第1次检查，可见按钮: ['存草稿', '下一步', '下一步']
2026-05-19 09:58:30,171 [INFO]   页面 HTML 已保存: /Users/vincent/Documents/小说模型/自动化/日志/debug/page_html_21.html
2026-05-19 09:58:30,172 [INFO] 填充发布表单...
2026-05-19 09:58:31,034 [INFO]   章节号已填入: 21
2026-05-19 09:58:31,799 [INFO]   标题已填入: 数据深处的声音
2026-05-19 09:58:31,849 [INFO]   正文已注入 (6219 字)
2026-05-19 09:58:37,940 [INFO]   已点击: 下一步
2026-05-19 09:58:43,944 [INFO] 等待下一步后的弹窗...
2026-05-19 09:58:46,986 [INFO]   已点击: 提交
2026-05-19 09:58:50,030 [INFO]   已点击: 全面检测
2026-05-19 09:58:53,035 [INFO] 等待内容检测完成...
2026-05-19 09:58:53,186 [INFO]   第1次检查，可见按钮: ['存草稿', '下一步', '取消', '确认发布']
2026-05-19 09:58:53,575 [INFO]   第1次检查，可见按钮: ['存草稿', '下一步', '取消', '确认发布']
2026-05-19 09:58:53,575 [INFO]   发布设置弹窗按钮: ['存草稿', '下一步', '取消', '确认发布']
2026-05-19 09:58:53,872 [INFO]   AI 声明已勾选 (fallback)
2026-05-19 09:58:54,539 [INFO]   已点击: 确认发布
2026-05-19 09:58:58,542 [INFO] ✓ 第21章《数据深处的声音》发布完成
