2026-05-21 15:13:46,080 [INFO] 加载配置: 发布配置-万古神龙.yaml
2026-05-21 15:13:46,084 [INFO] 当前项目: 万古神龙
2026-05-21 15:13:46,084 [INFO] 章节目录: /Users/vincent/Documents/小说模型/万古神龙：我的血脉全靠吞/执行/章节
2026-05-21 15:13:46,380 [INFO] Chrome 用户数据目录: /Users/vincent/Documents/小说模型/自动化/chrome_profiles/万古神龙（作品: 万古神龙：我的血脉全靠吞）
2026-05-21 15:13:46,381 [INFO] Chrome profile 锁文件已清理
2026-05-21 15:13:48,447 [INFO] Chrome 浏览器已启动（已登录模式）
2026-05-21 15:13:48,447 [INFO] 正在打开作家工作台...
2026-05-21 15:13:56,274 [INFO] 已进入作家工作台
2026-05-21 15:13:56,276 [INFO] 正在发布: 第56章 蛇行
2026-05-21 15:14:06,690 [INFO]   当前URL: https://fanqienovel.com/main/writer/7639950067528387646/publish/7642239790217167422
2026-05-21 15:14:06,872 [INFO]   第1次检查，可见按钮: ['存草稿', '下一步', '下一步']
2026-05-21 15:14:07,664 [INFO]   页面 HTML 已保存: /Users/vincent/Documents/小说模型/自动化/日志/debug/page_html_56.html
2026-05-21 15:14:07,664 [INFO] 填充发布表单...
2026-05-21 15:14:08,703 [INFO]   章节号已填入: 56
2026-05-21 15:14:09,411 [INFO]   标题已填入: 蛇行
2026-05-21 15:14:09,472 [INFO]   正文已注入 (3310 字)
2026-05-21 15:14:15,531 [INFO]   已点击: 下一步
2026-05-21 15:14:21,533 [INFO] 等待下一步后的弹窗...
2026-05-21 15:14:24,574 [INFO]   已点击: 提交
2026-05-21 15:14:27,616 [INFO]   已点击: 全面检测
2026-05-21 15:14:30,620 [INFO] 等待内容检测完成...
2026-05-21 15:14:30,811 [INFO]   第1次检查，可见按钮: ['存草稿', '下一步', '取消', '确认发布']
2026-05-21 15:14:31,317 [INFO]   第1次检查，可见按钮: ['存草稿', '下一步', '取消', '确认发布']
2026-05-21 15:14:31,317 [INFO]   发布设置弹窗按钮: ['存草稿', '下一步', '取消', '确认发布']
2026-05-21 15:14:31,618 [INFO]   AI 声明已勾选 (fallback)
2026-05-21 15:14:32,267 [INFO]   已点击: 确认发布
2026-05-21 15:14:36,268 [INFO] ✓ 第56章《蛇行》发布完成
2026-05-21 15:14:39,274 [INFO] 正在发布: 第57章 龙骨初醒
2026-05-21 15:14:47,636 [INFO]   当前URL: https://fanqienovel.com/main/writer/7639950067528387646/publish/7642240095323423294
2026-05-21 15:14:47,779 [INFO]   第1次检查，可见按钮: ['存草稿', '下一步', '下一步']
2026-05-21 15:14:48,656 [INFO]   页面 HTML 已保存: /Users/vincent/Documents/小说模型/自动化/日志/debug/page_html_57.html
2026-05-21 15:14:48,656 [INFO] 填充发布表单...
2026-05-21 15:14:49,562 [INFO]   章节号已填入: 57
2026-05-21 15:14:50,345 [INFO]   标题已填入: 龙骨初醒
2026-05-21 15:14:50,394 [INFO]   正文已注入 (4006 字)
2026-05-21 15:14:56,448 [INFO]   已点击: 下一步
2026-05-21 15:15:02,452 [INFO] 等待下一步后的弹窗...
2026-05-21 15:15:08,600 [INFO]   已点击: 全面检测
2026-05-21 15:15:11,604 [INFO] 等待内容检测完成...
2026-05-21 15:15:11,873 [INFO]   第1次检查，可见按钮: ['存草稿', '下一步', '取消', '确认发布']
2026-05-21 15:15:12,962 [INFO]   第1次检查，可见按钮: ['存草稿', '下一步', '取消', '确认发布']
2026-05-21 15:15:12,965 [INFO]   发布设置弹窗按钮: ['存草稿', '下一步', '取消', '确认发布']
2026-05-21 15:15:13,577 [INFO]   AI 声明已勾选 (fallback)
2026-05-21 15:15:14,242 [INFO]   已点击: 确认发布
2026-05-21 15:15:18,246 [INFO] ✓ 第57章《龙骨初醒》发布完成
2026-05-21 15:15:21,254 [INFO] 正在发布: 第58章 追兵
2026-05-21 15:15:29,742 [INFO]   当前URL: https://fanqienovel.com/main/writer/7639950067528387646/publish/7642240276248920638
2026-05-21 15:15:29,910 [INFO]   第1次检查，可见按钮: ['存草稿', '下一步', '下一步']
2026-05-21 15:15:30,794 [INFO]   页面 HTML 已保存: /Users/vincent/Documents/小说模型/自动化/日志/debug/page_html_58.html
2026-05-21 15:15:30,795 [INFO] 填充发布表单...
2026-05-21 15:15:31,658 [INFO]   章节号已填入: 58
2026-05-21 15:15:32,438 [INFO]   标题已填入: 追兵
2026-05-21 15:15:32,497 [INFO]   正文已注入 (3133 字)
2026-05-21 15:15:38,571 [INFO]   已点击: 下一步
2026-05-21 15:15:44,574 [INFO] 等待下一步后的弹窗...
2026-05-21 15:15:50,686 [INFO]   已点击: 全面检测
2026-05-21 15:15:53,691 [INFO] 等待内容检测完成...
2026-05-21 15:15:53,850 [INFO]   第1次检查，可见按钮: ['存草稿', '下一步', '取消', '确认发布']
2026-05-21 15:15:54,336 [INFO]   第1次检查，可见按钮: ['存草稿', '下一步', '取消', '确认发布']
2026-05-21 15:15:54,336 [INFO]   发布设置弹窗按钮: ['存草稿', '下一步', '取消', '确认发布']
2026-05-21 15:15:54,636 [INFO]   AI 声明已勾选 (fallback)
2026-05-21 15:15:55,283 [INFO]   已点击: 确认发布
2026-05-21 15:15:59,288 [INFO] ✓ 第58章《追兵》发布完成
2026-05-21 15:16:02,291 [INFO] 正在发布: 第59章 逆鳞
2026-05-21 15:16:10,644 [INFO]   当前URL: https://fanqienovel.com/main/writer/7639950067528387646/publish/7642240452413882942
2026-05-21 15:16:10,791 [INFO]   第1次检查，可见按钮: ['存草稿', '下一步', '下一步']
2026-05-21 15:16:11,573 [INFO]   页面 HTML 已保存: /Users/vincent/Documents/小说模型/自动化/日志/debug/page_html_59.html
2026-05-21 15:16:11,573 [INFO] 填充发布表单...
2026-05-21 15:16:12,613 [INFO]   章节号已填入: 59
2026-05-21 15:16:13,463 [INFO]   标题已填入: 逆鳞
2026-05-21 15:16:13,714 [INFO]   正文已注入 (2825 字)
2026-05-21 15:16:19,774 [INFO]   已点击: 下一步
2026-05-21 15:16:25,778 [INFO] 等待下一步后的弹窗...
2026-05-21 15:16:31,872 [INFO]   已点击: 全面检测
2026-05-21 15:16:34,876 [INFO] 等待内容检测完成...
2026-05-21 15:16:35,052 [INFO]   第1次检查，可见按钮: ['存草稿', '下一步', '取消', '确认发布']
2026-05-21 15:16:35,541 [INFO]   第1次检查，可见按钮: ['存草稿', '下一步', '取消', '确认发布']
2026-05-21 15:16:35,541 [INFO]   发布设置弹窗按钮: ['存草稿', '下一步', '取消', '确认发布']
2026-05-21 15:16:35,808 [INFO]   AI 声明已勾选 (fallback)
2026-05-21 15:16:36,446 [INFO]   已点击: 确认发布
2026-05-21 15:16:40,450 [INFO] ✓ 第59章《逆鳞》发布完成
2026-05-21 15:16:43,456 [INFO] 正在发布: 第60章 记忆之河
2026-05-21 15:16:51,863 [INFO]   当前URL: https://fanqienovel.com/main/writer/7639950067528387646/publish/7642240628591444542
2026-05-21 15:16:51,994 [INFO]   第1次检查，可见按钮: ['存草稿', '下一步', '下一步']
2026-05-21 15:16:52,525 [INFO]   页面 HTML 已保存: /Users/vincent/Documents/小说模型/自动化/日志/debug/page_html_60.html
2026-05-21 15:16:52,526 [INFO] 填充发布表单...
2026-05-21 15:16:53,367 [INFO]   章节号已填入: 60
2026-05-21 15:16:54,145 [INFO]   标题已填入: 记忆之河
2026-05-21 15:16:54,185 [INFO]   正文已注入 (2808 字)
2026-05-21 15:17:00,229 [INFO]   已点击: 下一步
2026-05-21 15:17:06,235 [INFO] 等待下一步后的弹窗...
2026-05-21 15:17:09,268 [INFO]   已点击: 提交
2026-05-21 15:17:12,304 [INFO]   已点击: 全面检测
2026-05-21 15:17:15,308 [INFO] 等待内容检测完成...
2026-05-21 15:17:15,473 [INFO]   第1次检查，可见按钮: ['存草稿', '下一步', '取消', '确认发布']
2026-05-21 15:17:15,824 [INFO]   第1次检查，可见按钮: ['存草稿', '下一步', '取消', '确认发布']
2026-05-21 15:17:15,824 [INFO]   发布设置弹窗按钮: ['存草稿', '下一步', '取消', '确认发布']
2026-05-21 15:17:16,136 [INFO]   AI 声明已勾选 (fallback)
2026-05-21 15:17:16,792 [INFO]   已点击: 确认发布
2026-05-21 15:17:20,795 [INFO] ✓ 第60章《记忆之河》发布完成
2026-05-21 15:17:23,801 [INFO] 正在发布: 第61章 无名之局
2026-05-21 15:17:32,185 [INFO]   当前URL: https://fanqienovel.com/main/writer/7639950067528387646/publish/7642240801975566910
2026-05-21 15:17:32,311 [INFO]   第1次检查，可见按钮: ['存草稿', '下一步', '下一步']
2026-05-21 15:17:32,840 [INFO]   页面 HTML 已保存: /Users/vincent/Documents/小说模型/自动化/日志/debug/page_html_61.html
2026-05-21 15:17:32,840 [INFO] 填充发布表单...
2026-05-21 15:17:33,705 [INFO]   章节号已填入: 61
2026-05-21 15:17:34,477 [INFO]   标题已填入: 无名之局
2026-05-21 15:17:34,521 [INFO]   正文已注入 (2811 字)
2026-05-21 15:17:40,576 [INFO]   已点击: 下一步
2026-05-21 15:17:46,579 [INFO] 等待下一步后的弹窗...
2026-05-21 15:17:49,678 [INFO]   已点击: 提交
2026-05-21 15:17:52,716 [INFO]   已点击: 全面检测
2026-05-21 15:17:55,720 [INFO] 等待内容检测完成...
2026-05-21 15:17:55,896 [INFO]   第1次检查，可见按钮: ['存草稿', '下一步', '取消', '确认发布']
2026-05-21 15:17:56,235 [INFO]   第1次检查，可见按钮: ['存草稿', '下一步', '取消', '确认发布']
2026-05-21 15:17:56,235 [INFO]   发布设置弹窗按钮: ['存草稿', '下一步', '取消', '确认发布']
2026-05-21 15:17:56,525 [INFO]   AI 声明已勾选 (fallback)
2026-05-21 15:17:57,203 [INFO]   已点击: 确认发布
2026-05-21 15:18:01,208 [INFO] ✓ 第61章《无名之局》发布完成
2026-05-21 15:18:04,214 [INFO] 正在发布: 第62章 溶洞
2026-05-21 15:18:12,714 [INFO]   当前URL: https://fanqienovel.com/main/writer/7639950067528387646/publish/7642240975955296830
2026-05-21 15:18:12,946 [INFO]   第1次检查，可见按钮: ['存草稿', '下一步', '下一步']
2026-05-21 15:18:14,919 [INFO]   页面 HTML 已保存: /Users/vincent/Documents/小说模型/自动化/日志/debug/page_html_62.html
2026-05-21 15:18:14,921 [INFO] 填充发布表单...
2026-05-21 15:18:15,835 [INFO]   章节号已填入: 62
2026-05-21 15:18:16,572 [INFO]   标题已填入: 溶洞
2026-05-21 15:18:16,613 [INFO]   正文已注入 (2840 字)
2026-05-21 15:18:22,673 [INFO]   已点击: 下一步
2026-05-21 15:18:28,707 [INFO] 等待下一步后的弹窗...
2026-05-21 15:18:34,801 [INFO]   已点击: 全面检测
2026-05-21 15:18:37,805 [INFO] 等待内容检测完成...
2026-05-21 15:18:37,969 [INFO]   第1次检查，可见按钮: ['存草稿', '下一步', '取消', '确认发布']
2026-05-21 15:18:38,451 [INFO]   第1次检查，可见按钮: ['存草稿', '下一步', '取消', '确认发布']
2026-05-21 15:18:38,452 [INFO]   发布设置弹窗按钮: ['存草稿', '下一步', '取消', '确认发布']
2026-05-21 15:18:38,766 [INFO]   AI 声明已勾选 (fallback)
2026-05-21 15:18:39,413 [INFO]   已点击: 确认发布
2026-05-21 15:18:43,417 [INFO] ✓ 第62章《溶洞》发布完成
2026-05-21 15:18:46,423 [INFO] 正在发布: 第63章 天凤信
2026-05-21 15:18:54,796 [INFO]   当前URL: https://fanqienovel.com/main/writer/7639950067528387646/publish/7642241156918559294
2026-05-21 15:18:54,932 [INFO]   第1次检查，可见按钮: ['存草稿', '下一步', '下一步']
2026-05-21 15:18:55,470 [INFO]   页面 HTML 已保存: /Users/vincent/Documents/小说模型/自动化/日志/debug/page_html_63.html
2026-05-21 15:18:55,470 [INFO] 填充发布表单...
2026-05-21 15:18:56,274 [INFO]   章节号已填入: 63
2026-05-21 15:18:57,227 [INFO]   标题已填入: 天凤信
2026-05-21 15:18:57,283 [INFO]   正文已注入 (2734 字)
2026-05-21 15:19:03,336 [INFO]   已点击: 下一步
2026-05-21 15:19:09,341 [INFO] 等待下一步后的弹窗...
2026-05-21 15:19:12,380 [INFO]   已点击: 提交
2026-05-21 15:19:15,420 [INFO]   已点击: 全面检测
2026-05-21 15:19:18,425 [INFO] 等待内容检测完成...
2026-05-21 15:19:18,604 [INFO]   第1次检查，可见按钮: ['存草稿', '下一步', '取消', '确认发布']
2026-05-21 15:19:18,937 [INFO]   第1次检查，可见按钮: ['存草稿', '下一步', '取消', '确认发布']
2026-05-21 15:19:18,938 [INFO]   发布设置弹窗按钮: ['存草稿', '下一步', '取消', '确认发布']
2026-05-21 15:19:19,237 [INFO]   AI 声明已勾选 (fallback)
2026-05-21 15:19:19,937 [INFO]   已点击: 确认发布
2026-05-21 15:19:23,939 [INFO] ✓ 第63章《天凤信》发布完成
2026-05-21 15:19:26,945 [INFO] 正在发布: 第64章 蛟骨共鸣
2026-05-21 15:19:35,278 [INFO]   当前URL: https://fanqienovel.com/main/writer/7639950067528387646/publish/7642241331263177278
2026-05-21 15:19:35,401 [INFO]   第1次检查，可见按钮: ['存草稿', '下一步', '下一步']
2026-05-21 15:19:35,942 [INFO]   页面 HTML 已保存: /Users/vincent/Documents/小说模型/自动化/日志/debug/page_html_64.html
2026-05-21 15:19:35,943 [INFO] 填充发布表单...
2026-05-21 15:19:36,724 [INFO]   章节号已填入: 64
2026-05-21 15:19:37,506 [INFO]   标题已填入: 蛟骨共鸣
2026-05-21 15:19:37,545 [INFO]   正文已注入 (2746 字)
2026-05-21 15:19:43,596 [INFO]   已点击: 下一步
2026-05-21 15:19:49,598 [INFO] 等待下一步后的弹窗...
2026-05-21 15:19:55,688 [INFO]   已点击: 全面检测
2026-05-21 15:19:58,691 [INFO] 等待内容检测完成...
2026-05-21 15:19:58,845 [INFO]   第1次检查，可见按钮: ['存草稿', '下一步', '取消', '确认发布']
2026-05-21 15:19:59,159 [INFO]   第1次检查，可见按钮: ['存草稿', '下一步', '取消', '确认发布']
2026-05-21 15:19:59,160 [INFO]   发布设置弹窗按钮: ['存草稿', '下一步', '取消', '确认发布']
2026-05-21 15:19:59,437 [INFO]   AI 声明已勾选 (fallback)
2026-05-21 15:20:00,113 [INFO]   已点击: 确认发布
2026-05-21 15:20:04,117 [INFO] ✓ 第64章《蛟骨共鸣》发布完成
2026-05-21 15:20:07,123 [INFO] 正在发布: 第65章 山外
2026-05-21 15:20:15,820 [INFO]   当前URL: https://fanqienovel.com/main/writer/7639950067528387646/publish/7642241506048229950
2026-05-21 15:20:15,983 [INFO]   第1次检查，可见按钮: ['存草稿', '下一步', '下一步']
2026-05-21 15:20:16,565 [INFO]   页面 HTML 已保存: /Users/vincent/Documents/小说模型/自动化/日志/debug/page_html_65.html
2026-05-21 15:20:16,566 [INFO] 填充发布表单...
2026-05-21 15:20:17,382 [INFO]   章节号已填入: 65
2026-05-21 15:20:18,149 [INFO]   标题已填入: 山外
2026-05-21 15:20:18,206 [INFO]   正文已注入 (2774 字)
2026-05-21 15:20:24,287 [INFO]   已点击: 下一步
2026-05-21 15:20:30,289 [INFO] 等待下一步后的弹窗...
2026-05-21 15:20:36,391 [INFO]   已点击: 全面检测
2026-05-21 15:20:39,399 [INFO] 等待内容检测完成...
2026-05-21 15:20:39,585 [INFO]   第1次检查，可见按钮: ['存草稿', '下一步', '取消', '确认发布']
2026-05-21 15:20:39,948 [INFO]   第1次检查，可见按钮: ['存草稿', '下一步', '取消', '确认发布']
2026-05-21 15:20:39,948 [INFO]   发布设置弹窗按钮: ['存草稿', '下一步', '取消', '确认发布']
2026-05-21 15:20:40,329 [INFO]   AI 声明已勾选 (fallback)
2026-05-21 15:20:40,986 [INFO]   已点击: 确认发布
2026-05-21 15:20:44,989 [INFO] ✓ 第65章《山外》发布完成
2026-05-21 15:20:47,995 [INFO] 正在发布: 第66章 新途
2026-05-21 15:20:56,397 [INFO]   当前URL: https://fanqienovel.com/main/writer/7639950067528387646/publish/7642241679214264894
2026-05-21 15:20:56,536 [INFO]   第1次检查，可见按钮: ['存草稿', '下一步', '下一步']
2026-05-21 15:20:57,161 [INFO]   页面 HTML 已保存: /Users/vincent/Documents/小说模型/自动化/日志/debug/page_html_66.html
2026-05-21 15:20:57,161 [INFO] 填充发布表单...
2026-05-21 15:20:57,986 [INFO]   章节号已填入: 66
2026-05-21 15:20:58,719 [INFO]   标题已填入: 新途
2026-05-21 15:20:58,774 [INFO]   正文已注入 (2746 字)
2026-05-21 15:21:04,832 [INFO]   已点击: 下一步
2026-05-21 15:21:10,837 [INFO] 等待下一步后的弹窗...
2026-05-21 15:21:13,880 [INFO]   已点击: 提交
2026-05-21 15:21:16,920 [INFO]   已点击: 全面检测
2026-05-21 15:21:19,924 [INFO] 等待内容检测完成...
2026-05-21 15:21:20,126 [INFO]   第1次检查，可见按钮: ['存草稿', '下一步', '取消', '确认发布']
2026-05-21 15:21:20,518 [INFO]   第1次检查，可见按钮: ['存草稿', '下一步', '取消', '确认发布']
2026-05-21 15:21:20,518 [INFO]   发布设置弹窗按钮: ['存草稿', '下一步', '取消', '确认发布']
2026-05-21 15:21:20,866 [INFO]   AI 声明已勾选 (fallback)
2026-05-21 15:21:21,521 [INFO]   已点击: 确认发布
2026-05-21 15:21:25,526 [INFO] ✓ 第66章《新途》发布完成
