2026-05-18 11:16:39,036 [INFO] 章节目录: /Users/vincent/Documents/小说模型/万古神龙：我的血脉全靠吞/执行/章节
2026-05-18 11:16:39,417 [INFO] Chrome profile 锁文件已清理
2026-05-18 11:16:42,386 [INFO] Chrome 浏览器已启动（已登录模式）
2026-05-18 11:16:42,386 [INFO] 正在打开作家工作台...
2026-05-18 11:16:48,929 [INFO] 已进入作家工作台
2026-05-18 11:16:48,930 [INFO] 正在发布: 第23章 出关
2026-05-18 11:16:57,321 [INFO]   当前URL: https://fanqienovel.com/main/writer/7639950067528387646/publish/7641065549929120318
2026-05-18 11:16:57,452 [INFO]   第1次检查，可见按钮: ['存草稿', '下一步']
2026-05-18 11:16:58,153 [INFO]   页面 HTML 已保存: /Users/vincent/Documents/小说模型/自动化/日志/debug/page_html_23.html
2026-05-18 11:16:58,153 [INFO] 填充发布表单...
2026-05-18 11:16:59,104 [INFO]   章节号已填入: 23
2026-05-18 11:16:59,825 [INFO]   标题已填入: 出关
2026-05-18 11:16:59,877 [INFO]   正文已注入 (2770 字)
2026-05-18 11:17:05,933 [INFO]   已点击: 下一步
2026-05-18 11:17:11,936 [INFO] 等待下一步后的弹窗...
2026-05-18 11:17:14,994 [INFO]   已点击: 提交
2026-05-18 11:17:18,037 [INFO]   已点击: 全面检测
2026-05-18 11:17:21,041 [INFO] 等待内容检测完成...
2026-05-18 11:17:21,188 [INFO]   第1次检查，可见按钮: ['存草稿', '下一步', '取消', '确认发布']
2026-05-18 11:17:21,491 [INFO]   第1次检查，可见按钮: ['存草稿', '下一步', '取消', '确认发布']
2026-05-18 11:17:21,491 [INFO]   发布设置弹窗按钮: ['存草稿', '下一步', '取消', '确认发布']
2026-05-18 11:17:21,771 [INFO]   AI 声明已勾选 (fallback)
2026-05-18 11:17:22,432 [INFO]   已点击: 确认发布
2026-05-18 11:17:26,437 [INFO] ✓ 第23章《出关》发布完成
2026-05-18 11:17:29,444 [INFO] 正在发布: 第24章 首擂
2026-05-18 11:17:37,787 [INFO]   当前URL: https://fanqienovel.com/main/writer/7639950067528387646/publish/7641065723220984382
2026-05-18 11:17:37,896 [INFO]   第1次检查，可见按钮: ['存草稿', '下一步']
2026-05-18 11:17:38,415 [INFO]   页面 HTML 已保存: /Users/vincent/Documents/小说模型/自动化/日志/debug/page_html_24.html
2026-05-18 11:17:38,415 [INFO] 填充发布表单...
2026-05-18 11:17:39,216 [INFO]   章节号已填入: 24
2026-05-18 11:17:39,957 [INFO]   标题已填入: 首擂
2026-05-18 11:17:40,005 [INFO]   正文已注入 (2643 字)
2026-05-18 11:17:46,090 [INFO]   已点击: 下一步
2026-05-18 11:17:52,095 [INFO] 等待下一步后的弹窗...
2026-05-18 11:17:55,135 [INFO]   已点击: 提交
2026-05-18 11:17:58,210 [INFO]   已点击: 全面检测
2026-05-18 11:18:01,214 [INFO] 等待内容检测完成...
2026-05-18 11:18:01,407 [INFO]   第1次检查，可见按钮: ['存草稿', '下一步', '取消', '确认发布']
2026-05-18 11:18:01,733 [INFO]   第1次检查，可见按钮: ['存草稿', '下一步', '取消', '确认发布']
2026-05-18 11:18:01,733 [INFO]   发布设置弹窗按钮: ['存草稿', '下一步', '取消', '确认发布']
2026-05-18 11:18:02,226 [INFO]   AI 声明已勾选 (fallback)
2026-05-18 11:18:02,891 [INFO]   已点击: 确认发布
2026-05-18 11:18:06,896 [INFO] ✓ 第24章《首擂》发布完成
2026-05-18 11:18:09,899 [INFO] 正在发布: 第25章 旧火
2026-05-18 11:18:18,369 [INFO]   当前URL: https://fanqienovel.com/main/writer/7639950067528387646/publish/7641065897368486462
2026-05-18 11:18:18,471 [INFO]   第1次检查，可见按钮: ['存草稿', '下一步']
2026-05-18 11:18:18,968 [INFO]   页面 HTML 已保存: /Users/vincent/Documents/小说模型/自动化/日志/debug/page_html_25.html
2026-05-18 11:18:18,968 [INFO] 填充发布表单...
2026-05-18 11:18:19,730 [INFO]   章节号已填入: 25
2026-05-18 11:18:20,464 [INFO]   标题已填入: 旧火
2026-05-18 11:18:20,501 [INFO]   正文已注入 (3122 字)
2026-05-18 11:18:26,571 [INFO]   已点击: 下一步
2026-05-18 11:18:32,576 [INFO] 等待下一步后的弹窗...
2026-05-18 11:18:35,631 [INFO]   已点击: 提交
2026-05-18 11:18:38,680 [INFO]   已点击: 全面检测
2026-05-18 11:18:41,685 [INFO] 等待内容检测完成...
2026-05-18 11:18:41,873 [INFO]   第1次检查，可见按钮: ['存草稿', '下一步', '取消', '确认发布']
2026-05-18 11:18:42,157 [INFO]   第1次检查，可见按钮: ['存草稿', '下一步', '取消', '确认发布']
2026-05-18 11:18:42,158 [INFO]   发布设置弹窗按钮: ['存草稿', '下一步', '取消', '确认发布']
2026-05-18 11:18:42,790 [INFO]   AI 声明已勾选 (fallback)
2026-05-18 11:18:43,480 [INFO]   已点击: 确认发布
2026-05-18 11:18:47,484 [INFO] ✓ 第25章《旧火》发布完成
2026-05-18 11:18:50,505 [INFO] 正在发布: 第26章 毒藤
2026-05-18 11:18:59,235 [INFO]   当前URL: https://fanqienovel.com/main/writer/7639950067528387646/publish/7641066072963023422
2026-05-18 11:18:59,354 [INFO]   第1次检查，可见按钮: ['存草稿', '下一步']
2026-05-18 11:19:00,181 [INFO]   页面 HTML 已保存: /Users/vincent/Documents/小说模型/自动化/日志/debug/page_html_26.html
2026-05-18 11:19:00,181 [INFO] 填充发布表单...
2026-05-18 11:19:01,048 [INFO]   章节号已填入: 26
2026-05-18 11:19:01,771 [INFO]   标题已填入: 毒藤
2026-05-18 11:19:01,812 [INFO]   正文已注入 (2207 字)
2026-05-18 11:19:07,868 [INFO]   已点击: 下一步
2026-05-18 11:19:13,873 [INFO] 等待下一步后的弹窗...
2026-05-18 11:19:16,917 [INFO]   已点击: 提交
2026-05-18 11:19:19,965 [INFO]   已点击: 全面检测
2026-05-18 11:19:22,968 [INFO] 等待内容检测完成...
2026-05-18 11:19:23,133 [INFO]   第1次检查，可见按钮: ['存草稿', '下一步', '取消', '确认发布']
2026-05-18 11:19:23,551 [INFO]   第1次检查，可见按钮: ['存草稿', '下一步', '取消', '确认发布']
2026-05-18 11:19:23,569 [INFO]   发布设置弹窗按钮: ['存草稿', '下一步', '取消', '确认发布']
2026-05-18 11:19:23,891 [INFO]   AI 声明已勾选 (fallback)
2026-05-18 11:19:24,551 [INFO]   已点击: 确认发布
2026-05-18 11:19:28,555 [INFO] ✓ 第26章《毒藤》发布完成
2026-05-18 11:19:31,560 [INFO] 正在发布: 第27章 凤鸣
2026-05-18 11:19:40,003 [INFO]   当前URL: https://fanqienovel.com/main/writer/7639950067528387646/publish/7641066247827751486
2026-05-18 11:19:40,120 [INFO]   第1次检查，可见按钮: ['存草稿', '下一步']
2026-05-18 11:19:40,966 [INFO]   页面 HTML 已保存: /Users/vincent/Documents/小说模型/自动化/日志/debug/page_html_27.html
2026-05-18 11:19:40,966 [INFO] 填充发布表单...
2026-05-18 11:19:41,875 [INFO]   章节号已填入: 27
2026-05-18 11:19:42,586 [INFO]   标题已填入: 凤鸣
2026-05-18 11:19:42,630 [INFO]   正文已注入 (2141 字)
2026-05-18 11:19:48,702 [INFO]   已点击: 下一步
2026-05-18 11:19:54,707 [INFO] 等待下一步后的弹窗...
2026-05-18 11:19:57,746 [INFO]   已点击: 提交
2026-05-18 11:20:00,794 [INFO]   已点击: 全面检测
2026-05-18 11:20:03,798 [INFO] 等待内容检测完成...
2026-05-18 11:20:03,982 [INFO]   第1次检查，可见按钮: ['存草稿', '下一步', '取消', '确认发布']
2026-05-18 11:20:04,512 [INFO]   第1次检查，可见按钮: ['存草稿', '下一步', '取消', '确认发布']
2026-05-18 11:20:04,512 [INFO]   发布设置弹窗按钮: ['存草稿', '下一步', '取消', '确认发布']
2026-05-18 11:20:04,817 [INFO]   AI 声明已勾选 (fallback)
2026-05-18 11:20:05,481 [INFO]   已点击: 确认发布
2026-05-18 11:20:09,485 [INFO] ✓ 第27章《凤鸣》发布完成
2026-05-18 11:20:12,885 [INFO] 浏览器已关闭
