2026-05-18 11:44:08,224 [INFO] 章节目录: /Users/vincent/Documents/小说模型/万古神龙：我的血脉全靠吞/执行/章节
2026-05-18 11:44:08,530 [INFO] Chrome profile 锁文件已清理
2026-05-18 11:44:11,622 [INFO] Chrome 浏览器已启动（已登录模式）
2026-05-18 11:44:11,623 [INFO] 正在打开作家工作台...
2026-05-18 11:44:19,807 [INFO] 已进入作家工作台
2026-05-18 11:44:19,808 [INFO] 正在发布: 第33章 石寒铁
2026-05-18 11:44:28,253 [INFO]   当前URL: https://fanqienovel.com/main/writer/7639950067528387646/publish/7641072640592986686
2026-05-18 11:44:28,414 [INFO]   第1次检查，可见按钮: ['存草稿', '下一步']
2026-05-18 11:44:29,300 [INFO]   页面 HTML 已保存: /Users/vincent/Documents/小说模型/自动化/日志/debug/page_html_33.html
2026-05-18 11:44:29,300 [INFO] 填充发布表单...
2026-05-18 11:44:30,566 [INFO]   章节号已填入: 33
2026-05-18 11:44:31,306 [INFO]   标题已填入: 石寒铁
2026-05-18 11:44:31,398 [INFO]   正文已注入 (2833 字)
2026-05-18 11:44:37,463 [INFO]   已点击: 下一步
2026-05-18 11:44:43,468 [INFO] 等待下一步后的弹窗...
2026-05-18 11:44:46,510 [INFO]   已点击: 提交
2026-05-18 11:44:49,567 [INFO]   已点击: 全面检测
2026-05-18 11:44:52,570 [INFO] 等待内容检测完成...
2026-05-18 11:44:52,720 [INFO]   第1次检查，可见按钮: ['存草稿', '下一步', '取消', '确认发布']
2026-05-18 11:44:53,203 [INFO]   第1次检查，可见按钮: ['存草稿', '下一步', '取消', '确认发布']
2026-05-18 11:44:53,203 [INFO]   发布设置弹窗按钮: ['存草稿', '下一步', '取消', '确认发布']
2026-05-18 11:44:53,479 [INFO]   AI 声明已勾选 (fallback)
2026-05-18 11:44:54,132 [INFO]   已点击: 确认发布
2026-05-18 11:44:58,134 [INFO] ✓ 第33章《石寒铁》发布完成
2026-05-18 11:45:01,140 [INFO] 正在发布: 第34章 暗痕
2026-05-18 11:45:09,547 [INFO]   当前URL: https://fanqienovel.com/main/writer/7639950067528387646/publish/7641072816753754686
2026-05-18 11:45:09,658 [INFO]   第1次检查，可见按钮: ['存草稿', '下一步']
2026-05-18 11:45:10,452 [INFO]   页面 HTML 已保存: /Users/vincent/Documents/小说模型/自动化/日志/debug/page_html_34.html
2026-05-18 11:45:10,453 [INFO] 填充发布表单...
2026-05-18 11:45:11,275 [INFO]   章节号已填入: 34
2026-05-18 11:45:12,025 [INFO]   标题已填入: 暗痕
2026-05-18 11:45:12,069 [INFO]   正文已注入 (3255 字)
2026-05-18 11:45:18,126 [INFO]   已点击: 下一步
2026-05-18 11:45:24,130 [INFO] 等待下一步后的弹窗...
2026-05-18 11:45:30,224 [INFO]   已点击: 全面检测
2026-05-18 11:45:33,230 [INFO] 等待内容检测完成...
2026-05-18 11:45:33,386 [INFO]   第1次检查，可见按钮: ['存草稿', '下一步', '取消', '确认发布']
2026-05-18 11:45:33,806 [INFO]   第1次检查，可见按钮: ['存草稿', '下一步', '取消', '确认发布']
2026-05-18 11:45:33,806 [INFO]   发布设置弹窗按钮: ['存草稿', '下一步', '取消', '确认发布']
2026-05-18 11:45:34,117 [INFO]   AI 声明已勾选 (fallback)
2026-05-18 11:45:34,773 [INFO]   已点击: 确认发布
2026-05-18 11:45:38,777 [INFO] ✓ 第34章《暗痕》发布完成
2026-05-18 11:45:41,784 [INFO] 正在发布: 第35章 赤甲
2026-05-18 11:45:50,189 [INFO]   当前URL: https://fanqienovel.com/main/writer/7639950067528387646/publish/7641072991622660670
2026-05-18 11:45:50,286 [INFO]   第1次检查，可见按钮: ['存草稿', '下一步']
2026-05-18 11:45:50,997 [INFO]   页面 HTML 已保存: /Users/vincent/Documents/小说模型/自动化/日志/debug/page_html_35.html
2026-05-18 11:45:50,998 [INFO] 填充发布表单...
2026-05-18 11:45:51,809 [INFO]   章节号已填入: 35
2026-05-18 11:45:52,540 [INFO]   标题已填入: 赤甲
2026-05-18 11:45:52,586 [INFO]   正文已注入 (2637 字)
2026-05-18 11:45:58,648 [INFO]   已点击: 下一步
2026-05-18 11:46:04,651 [INFO] 等待下一步后的弹窗...
2026-05-18 11:46:07,691 [INFO]   已点击: 提交
2026-05-18 11:46:10,743 [INFO]   已点击: 全面检测
2026-05-18 11:46:13,748 [INFO] 等待内容检测完成...
2026-05-18 11:46:13,908 [INFO]   第1次检查，可见按钮: ['存草稿', '下一步', '取消', '确认发布']
2026-05-18 11:46:14,174 [INFO]   第1次检查，可见按钮: ['存草稿', '下一步', '取消', '确认发布']
2026-05-18 11:46:14,174 [INFO]   发布设置弹窗按钮: ['存草稿', '下一步', '取消', '确认发布']
2026-05-18 11:46:14,435 [INFO]   AI 声明已勾选 (fallback)
2026-05-18 11:46:15,081 [INFO]   已点击: 确认发布
2026-05-18 11:46:19,086 [INFO] ✓ 第35章《赤甲》发布完成
2026-05-18 11:46:22,093 [INFO] 正在发布: 第36章 破冰
2026-05-18 11:46:30,509 [INFO]   当前URL: https://fanqienovel.com/main/writer/7639950067528387646/publish/7641073164948095550
2026-05-18 11:46:30,804 [INFO]   第1次检查，可见按钮: ['存草稿', '下一步']
2026-05-18 11:46:31,831 [INFO]   页面 HTML 已保存: /Users/vincent/Documents/小说模型/自动化/日志/debug/page_html_36.html
2026-05-18 11:46:31,831 [INFO] 填充发布表单...
2026-05-18 11:46:32,676 [INFO]   章节号已填入: 36
2026-05-18 11:46:33,402 [INFO]   标题已填入: 破冰
2026-05-18 11:46:33,445 [INFO]   正文已注入 (2595 字)
2026-05-18 11:46:39,494 [INFO]   已点击: 下一步
2026-05-18 11:46:45,498 [INFO] 等待下一步后的弹窗...
2026-05-18 11:46:48,537 [INFO]   已点击: 提交
2026-05-18 11:46:51,579 [INFO]   已点击: 全面检测
2026-05-18 11:46:54,584 [INFO] 等待内容检测完成...
2026-05-18 11:46:54,747 [INFO]   第1次检查，可见按钮: ['存草稿', '下一步', '取消', '确认发布']
2026-05-18 11:46:55,226 [INFO]   第1次检查，可见按钮: ['存草稿', '下一步', '取消', '确认发布']
2026-05-18 11:46:55,226 [INFO]   发布设置弹窗按钮: ['存草稿', '下一步', '取消', '确认发布']
2026-05-18 11:46:55,520 [INFO]   AI 声明已勾选 (fallback)
2026-05-18 11:46:56,163 [INFO]   已点击: 确认发布
2026-05-18 11:47:00,166 [INFO] ✓ 第36章《破冰》发布完成
2026-05-18 11:47:03,173 [INFO] 正在发布: 第37章 凤羽帖
2026-05-18 11:47:11,544 [INFO]   当前URL: https://fanqienovel.com/main/writer/7639950067528387646/publish/7641073340655862334
2026-05-18 11:47:11,673 [INFO]   第1次检查，可见按钮: ['存草稿', '下一步']
2026-05-18 11:47:12,825 [INFO]   页面 HTML 已保存: /Users/vincent/Documents/小说模型/自动化/日志/debug/page_html_37.html
2026-05-18 11:47:12,826 [INFO] 填充发布表单...
2026-05-18 11:47:13,763 [INFO]   章节号已填入: 37
2026-05-18 11:47:14,492 [INFO]   标题已填入: 凤羽帖
2026-05-18 11:47:14,536 [INFO]   正文已注入 (3050 字)
2026-05-18 11:47:20,560 [ERROR] 点击「下一步」失败
2026-05-18 11:47:24,020 [INFO] 浏览器已关闭
