2026-05-21 09:34:21,990 [INFO] 加载配置: 发布配置.yaml
2026-05-21 09:34:21,992 [INFO] 当前项目: 全球灾变：我的AI能自动升级
2026-05-21 09:34:21,992 [INFO] 章节目录: /Users/vincent/Documents/小说模型/全球灾变：我的AI能自动升级/执行/章节
2026-05-21 09:34:22,403 [INFO] Chrome 用户数据目录: /Users/vincent/Documents/小说模型/自动化/chrome_profiles/全球灾变（作品: 全球灾变：我的AI能自动升级）
2026-05-21 09:34:22,404 [INFO] Chrome profile 锁文件已清理
2026-05-21 09:34:26,451 [INFO] Chrome 浏览器已启动（已登录模式）
2026-05-21 09:34:26,451 [INFO] 正在打开作家工作台...
2026-05-21 09:34:35,004 [INFO] 已进入作家工作台
2026-05-21 09:34:35,005 [INFO] 正在发布: 第32章 托管（下）
2026-05-21 09:34:43,794 [INFO]   当前URL: https://fanqienovel.com/main/writer/7641137747754748990/publish/7642152462027063833
2026-05-21 09:34:43,994 [INFO]   第1次检查，可见按钮: ['存草稿', '下一步', '下一步']
2026-05-21 09:34:44,587 [INFO]   页面 HTML 已保存: /Users/vincent/Documents/小说模型/自动化/日志/debug/page_html_32.html
2026-05-21 09:34:44,590 [INFO] 填充发布表单...
2026-05-21 09:34:45,607 [INFO]   章节号已填入: 32
2026-05-21 09:34:46,372 [INFO]   标题已填入: 托管（下）
2026-05-21 09:34:46,440 [INFO]   正文已注入 (5827 字)
2026-05-21 09:34:52,529 [INFO]   已点击: 下一步
2026-05-21 09:34:58,533 [INFO] 等待下一步后的弹窗...
2026-05-21 09:35:01,593 [INFO]   已点击: 提交
2026-05-21 09:35:04,636 [INFO]   已点击: 全面检测
2026-05-21 09:35:07,641 [INFO] 等待内容检测完成...
2026-05-21 09:35:07,944 [INFO]   第1次检查，可见按钮: ['存草稿', '下一步', '取消', '确认发布']
2026-05-21 09:35:08,264 [INFO]   第1次检查，可见按钮: ['存草稿', '下一步', '取消', '确认发布']
2026-05-21 09:35:08,264 [INFO]   发布设置弹窗按钮: ['存草稿', '下一步', '取消', '确认发布']
2026-05-21 09:35:08,624 [INFO]   AI 声明已勾选 (fallback)
2026-05-21 09:35:09,280 [INFO]   已点击: 确认发布
2026-05-21 09:35:13,283 [INFO] ✓ 第32章《托管（下）》发布完成
2026-05-21 09:35:16,293 [INFO] 正在发布: 第33章 余波
2026-05-21 09:35:24,741 [INFO]   当前URL: https://fanqienovel.com/main/writer/7641137747754748990/publish/7642152637281862169
2026-05-21 09:35:24,859 [INFO]   第1次检查，可见按钮: ['存草稿', '下一步', '下一步']
2026-05-21 09:35:25,414 [INFO]   页面 HTML 已保存: /Users/vincent/Documents/小说模型/自动化/日志/debug/page_html_33.html
2026-05-21 09:35:25,414 [INFO] 填充发布表单...
2026-05-21 09:35:26,280 [INFO]   章节号已填入: 33
2026-05-21 09:35:26,998 [INFO]   标题已填入: 余波
2026-05-21 09:35:27,042 [INFO]   正文已注入 (3370 字)
2026-05-21 09:35:33,130 [INFO]   已点击: 下一步
2026-05-21 09:35:39,135 [INFO] 等待下一步后的弹窗...
2026-05-21 09:35:42,189 [INFO]   已点击: 提交
2026-05-21 09:35:45,226 [INFO]   已点击: 全面检测
2026-05-21 09:35:48,231 [INFO] 等待内容检测完成...
2026-05-21 09:35:48,378 [INFO]   第1次检查，可见按钮: ['存草稿', '下一步', '取消', '确认发布']
2026-05-21 09:35:48,670 [INFO]   第1次检查，可见按钮: ['存草稿', '下一步', '取消', '确认发布']
2026-05-21 09:35:48,670 [INFO]   发布设置弹窗按钮: ['存草稿', '下一步', '取消', '确认发布']
2026-05-21 09:35:48,931 [INFO]   AI 声明已勾选 (fallback)
2026-05-21 09:35:49,591 [INFO]   已点击: 确认发布
2026-05-21 09:35:53,595 [INFO] ✓ 第33章《余波》发布完成
2026-05-21 09:35:56,603 [INFO] 正在发布: 第34章 质问
2026-05-21 09:36:05,009 [INFO]   当前URL: https://fanqienovel.com/main/writer/7641137747754748990/publish/7642152809873293849
2026-05-21 09:36:05,128 [INFO]   第1次检查，可见按钮: ['存草稿', '下一步', '下一步']
2026-05-21 09:36:05,663 [INFO]   页面 HTML 已保存: /Users/vincent/Documents/小说模型/自动化/日志/debug/page_html_34.html
2026-05-21 09:36:05,664 [INFO] 填充发布表单...
2026-05-21 09:36:06,517 [INFO]   章节号已填入: 34
2026-05-21 09:36:07,259 [INFO]   标题已填入: 质问
2026-05-21 09:36:07,302 [INFO]   正文已注入 (3092 字)
2026-05-21 09:36:13,376 [INFO]   已点击: 下一步
2026-05-21 09:36:19,377 [INFO] 等待下一步后的弹窗...
2026-05-21 09:36:22,432 [INFO]   已点击: 提交
2026-05-21 09:36:25,484 [INFO]   已点击: 全面检测
2026-05-21 09:36:28,489 [INFO] 等待内容检测完成...
2026-05-21 09:36:28,636 [INFO]   第1次检查，可见按钮: ['存草稿', '下一步', '取消', '确认发布']
2026-05-21 09:36:28,910 [INFO]   第1次检查，可见按钮: ['存草稿', '下一步', '取消', '确认发布']
2026-05-21 09:36:28,910 [INFO]   发布设置弹窗按钮: ['存草稿', '下一步', '取消', '确认发布']
2026-05-21 09:36:29,181 [INFO]   AI 声明已勾选 (fallback)
2026-05-21 09:36:29,864 [INFO]   已点击: 确认发布
2026-05-21 09:36:33,868 [INFO] ✓ 第34章《质问》发布完成
2026-05-21 09:36:36,879 [INFO] 正在发布: 第35章 决断
2026-05-21 09:36:45,245 [INFO]   当前URL: https://fanqienovel.com/main/writer/7641137747754748990/publish/7642152982842180121
2026-05-21 09:36:45,365 [INFO]   第1次检查，可见按钮: ['存草稿', '下一步', '下一步']
2026-05-21 09:36:45,896 [INFO]   页面 HTML 已保存: /Users/vincent/Documents/小说模型/自动化/日志/debug/page_html_35.html
2026-05-21 09:36:45,899 [INFO] 填充发布表单...
2026-05-21 09:36:46,731 [INFO]   章节号已填入: 35
2026-05-21 09:36:47,467 [INFO]   标题已填入: 决断
2026-05-21 09:36:47,511 [INFO]   正文已注入 (3474 字)
2026-05-21 09:36:53,582 [INFO]   已点击: 下一步
2026-05-21 09:36:59,587 [INFO] 等待下一步后的弹窗...
2026-05-21 09:37:02,641 [INFO]   已点击: 提交
2026-05-21 09:37:05,697 [INFO]   已点击: 全面检测
2026-05-21 09:37:08,702 [INFO] 等待内容检测完成...
2026-05-21 09:37:08,853 [INFO]   第1次检查，可见按钮: ['存草稿', '下一步', '取消', '确认发布']
2026-05-21 09:37:09,132 [INFO]   第1次检查，可见按钮: ['存草稿', '下一步', '取消', '确认发布']
2026-05-21 09:37:09,132 [INFO]   发布设置弹窗按钮: ['存草稿', '下一步', '取消', '确认发布']
2026-05-21 09:37:09,510 [INFO]   AI 声明已勾选 (fallback)
2026-05-21 09:37:10,200 [INFO]   已点击: 确认发布
2026-05-21 09:37:14,206 [INFO] ✓ 第35章《决断》发布完成
2026-05-21 09:37:17,214 [INFO] 正在发布: 第36章 冰释
2026-05-21 09:37:25,642 [INFO]   当前URL: https://fanqienovel.com/main/writer/7641137747754748990/publish/7642153155924328985
2026-05-21 09:37:25,770 [INFO]   第1次检查，可见按钮: ['存草稿', '下一步', '下一步']
2026-05-21 09:37:26,302 [INFO]   页面 HTML 已保存: /Users/vincent/Documents/小说模型/自动化/日志/debug/page_html_36.html
2026-05-21 09:37:26,303 [INFO] 填充发布表单...
2026-05-21 09:37:27,228 [INFO]   章节号已填入: 36
2026-05-21 09:37:27,947 [INFO]   标题已填入: 冰释
2026-05-21 09:37:27,989 [INFO]   正文已注入 (3001 字)
2026-05-21 09:37:34,056 [INFO]   已点击: 下一步
2026-05-21 09:37:40,058 [INFO] 等待下一步后的弹窗...
2026-05-21 09:37:43,103 [INFO]   已点击: 提交
2026-05-21 09:37:46,139 [INFO]   已点击: 全面检测
2026-05-21 09:37:49,145 [INFO] 等待内容检测完成...
2026-05-21 09:37:49,289 [INFO]   第1次检查，可见按钮: ['存草稿', '下一步', '取消', '确认发布']
2026-05-21 09:37:49,565 [INFO]   第1次检查，可见按钮: ['存草稿', '下一步', '取消', '确认发布']
2026-05-21 09:37:49,565 [INFO]   发布设置弹窗按钮: ['存草稿', '下一步', '取消', '确认发布']
2026-05-21 09:37:49,956 [INFO]   AI 声明已勾选 (fallback)
2026-05-21 09:37:50,643 [INFO]   已点击: 确认发布
2026-05-21 09:37:54,647 [INFO] ✓ 第36章《冰释》发布完成
2026-05-21 09:37:57,656 [INFO] 正在发布: 第37章 四人
2026-05-21 09:38:06,066 [INFO]   当前URL: https://fanqienovel.com/main/writer/7641137747754748990/publish/7642153330432541209
2026-05-21 09:38:06,180 [INFO]   第1次检查，可见按钮: ['存草稿', '下一步', '下一步']
2026-05-21 09:38:06,705 [INFO]   页面 HTML 已保存: /Users/vincent/Documents/小说模型/自动化/日志/debug/page_html_37.html
2026-05-21 09:38:06,705 [INFO] 填充发布表单...
2026-05-21 09:38:07,575 [INFO]   章节号已填入: 37
2026-05-21 09:38:08,293 [INFO]   标题已填入: 四人
2026-05-21 09:38:08,335 [INFO]   正文已注入 (3023 字)
2026-05-21 09:38:14,399 [INFO]   已点击: 下一步
2026-05-21 09:38:20,404 [INFO] 等待下一步后的弹窗...
2026-05-21 09:38:26,540 [INFO]   已点击: 全面检测
2026-05-21 09:38:29,545 [INFO] 等待内容检测完成...
2026-05-21 09:38:29,724 [INFO]   第1次检查，可见按钮: ['存草稿', '下一步', '取消', '确认发布']
2026-05-21 09:38:29,990 [INFO]   第1次检查，可见按钮: ['存草稿', '下一步', '取消', '确认发布']
2026-05-21 09:38:29,990 [INFO]   发布设置弹窗按钮: ['存草稿', '下一步', '取消', '确认发布']
2026-05-21 09:38:30,239 [INFO]   AI 声明已勾选 (fallback)
2026-05-21 09:38:30,922 [INFO]   已点击: 确认发布
2026-05-21 09:38:34,926 [INFO] ✓ 第37章《四人》发布完成
2026-05-21 09:38:37,934 [INFO] 正在发布: 第38章 南行
2026-05-21 09:38:46,355 [INFO]   当前URL: https://fanqienovel.com/main/writer/7641137747754748990/publish/7642153503070110233
2026-05-21 09:38:46,481 [INFO]   第1次检查，可见按钮: ['存草稿', '下一步', '下一步']
2026-05-21 09:38:47,059 [INFO]   页面 HTML 已保存: /Users/vincent/Documents/小说模型/自动化/日志/debug/page_html_38.html
2026-05-21 09:38:47,060 [INFO] 填充发布表单...
2026-05-21 09:38:47,914 [INFO]   章节号已填入: 38
2026-05-21 09:38:48,624 [INFO]   标题已填入: 南行
2026-05-21 09:38:48,669 [INFO]   正文已注入 (3732 字)
2026-05-21 09:38:54,735 [INFO]   已点击: 下一步
2026-05-21 09:39:00,740 [INFO] 等待下一步后的弹窗...
2026-05-21 09:39:03,798 [INFO]   已点击: 提交
2026-05-21 09:39:06,854 [INFO]   已点击: 全面检测
2026-05-21 09:39:09,858 [INFO] 等待内容检测完成...
2026-05-21 09:39:10,065 [INFO]   第1次检查，可见按钮: ['存草稿', '下一步', '取消', '确认发布']
2026-05-21 09:39:10,389 [INFO]   第1次检查，可见按钮: ['存草稿', '下一步', '取消', '确认发布']
2026-05-21 09:39:10,390 [INFO]   发布设置弹窗按钮: ['存草稿', '下一步', '取消', '确认发布']
2026-05-21 09:39:10,692 [INFO]   AI 声明已勾选 (fallback)
2026-05-21 09:39:11,340 [INFO]   已点击: 确认发布
2026-05-21 09:39:15,343 [INFO] ✓ 第38章《南行》发布完成
2026-05-21 09:39:18,348 [INFO] 正在发布: 第39章 异变
2026-05-21 09:39:26,712 [INFO]   当前URL: https://fanqienovel.com/main/writer/7641137747754748990/publish/7642153676114510361
2026-05-21 09:39:26,832 [INFO]   第1次检查，可见按钮: ['存草稿', '下一步', '下一步']
2026-05-21 09:39:27,378 [INFO]   页面 HTML 已保存: /Users/vincent/Documents/小说模型/自动化/日志/debug/page_html_39.html
2026-05-21 09:39:27,378 [INFO] 填充发布表单...
2026-05-21 09:39:28,235 [INFO]   章节号已填入: 39
2026-05-21 09:39:28,975 [INFO]   标题已填入: 异变
2026-05-21 09:39:29,013 [INFO]   正文已注入 (3001 字)
2026-05-21 09:39:35,079 [INFO]   已点击: 下一步
2026-05-21 09:39:41,082 [INFO] 等待下一步后的弹窗...
2026-05-21 09:39:47,209 [INFO]   已点击: 全面检测
2026-05-21 09:39:50,215 [INFO] 等待内容检测完成...
2026-05-21 09:39:50,359 [INFO]   第1次检查，可见按钮: ['存草稿', '下一步', '取消', '确认发布']
2026-05-21 09:39:50,645 [INFO]   第1次检查，可见按钮: ['存草稿', '下一步', '取消', '确认发布']
2026-05-21 09:39:50,645 [INFO]   发布设置弹窗按钮: ['存草稿', '下一步', '取消', '确认发布']
2026-05-21 09:39:51,140 [INFO]   AI 声明已勾选 (fallback)
2026-05-21 09:39:51,800 [INFO]   已点击: 确认发布
2026-05-21 09:39:55,809 [INFO] ✓ 第39章《异变》发布完成
2026-05-21 09:39:58,819 [INFO] 正在发布: 第40章 潜入
2026-05-21 09:40:07,251 [INFO]   当前URL: https://fanqienovel.com/main/writer/7641137747754748990/publish/7642153850761134617
2026-05-21 09:40:07,368 [INFO]   第1次检查，可见按钮: ['存草稿', '下一步', '下一步']
2026-05-21 09:40:07,912 [INFO]   页面 HTML 已保存: /Users/vincent/Documents/小说模型/自动化/日志/debug/page_html_40.html
2026-05-21 09:40:07,912 [INFO] 填充发布表单...
2026-05-21 09:40:08,802 [INFO]   章节号已填入: 40
2026-05-21 09:40:09,532 [INFO]   标题已填入: 潜入
2026-05-21 09:40:09,570 [INFO]   正文已注入 (3015 字)
2026-05-21 09:40:15,637 [INFO]   已点击: 下一步
2026-05-21 09:40:21,645 [INFO] 等待下一步后的弹窗...
2026-05-21 09:40:24,690 [INFO]   已点击: 提交
2026-05-21 09:40:27,748 [INFO]   已点击: 全面检测
2026-05-21 09:40:30,756 [INFO] 等待内容检测完成...
2026-05-21 09:40:30,910 [INFO]   第1次检查，可见按钮: ['存草稿', '下一步', '取消', '确认发布']
2026-05-21 09:40:31,216 [INFO]   第1次检查，可见按钮: ['存草稿', '下一步', '取消', '确认发布']
2026-05-21 09:40:31,216 [INFO]   发布设置弹窗按钮: ['存草稿', '下一步', '取消', '确认发布']
2026-05-21 09:40:31,482 [INFO]   AI 声明已勾选 (fallback)
2026-05-21 09:40:32,140 [INFO]   已点击: 确认发布
2026-05-21 09:40:36,149 [INFO] ✓ 第40章《潜入》发布完成
2026-05-21 09:40:39,160 [INFO] 正在发布: 第41章 巢心
2026-05-21 09:40:47,554 [INFO]   当前URL: https://fanqienovel.com/main/writer/7641137747754748990/publish/7642154023608386073
2026-05-21 09:40:47,667 [INFO]   第1次检查，可见按钮: ['存草稿', '下一步', '下一步']
2026-05-21 09:40:48,179 [INFO]   页面 HTML 已保存: /Users/vincent/Documents/小说模型/自动化/日志/debug/page_html_41.html
2026-05-21 09:40:48,179 [INFO] 填充发布表单...
2026-05-21 09:40:49,052 [INFO]   章节号已填入: 41
2026-05-21 09:40:49,774 [INFO]   标题已填入: 巢心
2026-05-21 09:40:49,812 [INFO]   正文已注入 (3214 字)
2026-05-21 09:40:55,894 [INFO]   已点击: 下一步
2026-05-21 09:41:01,899 [INFO] 等待下一步后的弹窗...
2026-05-21 09:41:04,956 [INFO]   已点击: 提交
2026-05-21 09:41:08,015 [INFO]   已点击: 全面检测
2026-05-21 09:41:11,022 [INFO] 等待内容检测完成...
2026-05-21 09:41:11,208 [INFO]   第1次检查，可见按钮: ['存草稿', '下一步', '取消', '确认发布']
2026-05-21 09:41:11,482 [INFO]   第1次检查，可见按钮: ['存草稿', '下一步', '取消', '确认发布']
2026-05-21 09:41:11,482 [INFO]   发布设置弹窗按钮: ['存草稿', '下一步', '取消', '确认发布']
2026-05-21 09:41:11,755 [INFO]   AI 声明已勾选 (fallback)
2026-05-21 09:41:12,421 [INFO]   已点击: 确认发布
2026-05-21 09:41:16,428 [INFO] ✓ 第41章《巢心》发布完成
2026-05-21 09:41:19,902 [INFO] 浏览器已关闭
