2026-05-18 16:06:32,743 [INFO] 章节目录: /Users/vincent/Documents/小说模型/全球灾变：我的AI能自动升级/执行/章节
2026-05-18 16:06:33,092 [INFO] Chrome profile 锁文件已清理
2026-05-18 16:06:36,323 [INFO] Chrome 浏览器已启动（已登录模式）
2026-05-18 16:06:36,325 [INFO] 正在打开作家工作台...
2026-05-18 16:06:42,778 [INFO] 已进入作家工作台
2026-05-18 16:06:42,779 [INFO] 正在发布: 第3章 第一次托管
2026-05-18 16:06:51,217 [INFO]   当前URL: https://fanqienovel.com/main/writer/7641137747754748990/publish/
2026-05-18 16:06:51,289 [INFO]   第1次检查，可见按钮: ['下一步']
2026-05-18 16:06:52,025 [INFO]   页面 HTML 已保存: /Users/vincent/Documents/小说模型/自动化/日志/debug/page_html_3.html
2026-05-18 16:06:52,026 [INFO] 填充发布表单...
2026-05-18 16:06:53,042 [INFO]   章节号已填入: 3
2026-05-18 16:06:53,794 [INFO]   标题已填入: 第一次托管
2026-05-18 16:06:53,850 [INFO]   正文已注入 (4565 字)
2026-05-18 16:06:59,888 [INFO]   已点击: 下一步
2026-05-18 16:07:05,891 [INFO] 等待下一步后的弹窗...
2026-05-18 16:07:15,003 [INFO] 等待内容检测完成...
2026-05-18 16:07:15,056 [INFO]   第1次检查，可见按钮: ['下一步']
2026-05-18 16:07:25,121 [INFO]   第2次检查，可见按钮: ['下一步']
2026-05-18 16:07:35,190 [INFO]   第3次检查，可见按钮: ['下一步']
2026-05-18 16:07:45,252 [INFO]   第4次检查，可见按钮: ['下一步']
2026-05-18 16:07:55,316 [INFO]   第5次检查，可见按钮: ['下一步']
2026-05-18 16:08:05,383 [INFO]   第6次检查，可见按钮: ['设置', '编辑分卷', '新建章节']
2026-05-18 16:08:15,442 [INFO]   第7次检查，可见按钮: ['设置', '编辑分卷', '新建章节']
2026-05-18 16:08:25,596 [INFO]   第8次检查，可见按钮: ['设置', '编辑分卷', '新建章节']
2026-05-18 16:08:35,647 [INFO]   第9次检查，可见按钮: ['设置', '编辑分卷', '新建章节']
2026-05-18 16:08:45,698 [INFO]   第10次检查，可见按钮: ['设置', '编辑分卷', '新建章节']
