2026-05-18 19:02:27,151 [INFO] 加载配置: 发布配置.yaml
2026-05-18 19:02:27,156 [INFO] 当前项目: 全球灾变：我的AI能自动升级
2026-05-18 19:02:27,156 [INFO] 章节目录: /Users/vincent/Documents/小说模型/全球灾变：我的AI能自动升级/执行/章节
2026-05-18 19:02:27,508 [INFO] Chrome 用户数据目录: /Users/vincent/Documents/小说模型/自动化/chrome_profiles/全球灾变（作品: 全球灾变：我的AI能自动升级）
2026-05-18 19:02:27,510 [INFO] Chrome profile 锁文件已清理
2026-05-18 19:02:42,509 [INFO] Chrome 浏览器已启动（已登录模式）
2026-05-18 19:02:42,510 [INFO] 正在打开作家工作台...
2026-05-18 19:02:50,322 [ERROR] 发布过程异常: Message: no such window: target window already closed
from unknown error: web view not found
  (Session info: chrome=147.0.7727.138)
Stacktrace:
0   chromedriver                        0x000000010fe055d8 chromedriver + 6821336
1   chromedriver                        0x000000010fdfcc5a chromedriver + 6786138
2   chromedriver                        0x000000010f7f29d5 chromedriver + 453077
3   chromedriver                        0x000000010f7c5d18 chromedriver + 269592
4   chromedriver                        0x000000010f874dd8 chromedriver + 986584
5   chromedriver                        0x000000010f88f1f8 chromedriver + 1094136
6   chromedriver                        0x000000010f8394b4 chromedriver + 742580
7   chromedriver                        0x000000010f83a261 chromedriver + 746081
8   chromedriver                        0x000000010fdbd1f7 chromedriver + 6525431
9   chromedriver                        0x000000010fdc1686 chromedriver + 6542982
10  chromedriver                        0x000000010fd9cefb chromedriver + 6393595
11  chromedriver                        0x000000010fdc20f8 chromedriver + 6545656
12  chromedriver                        0x000000010fd8c440 chromedriver + 6325312
13  chromedriver                        0x000000010fde9738 chromedriver + 6707000
14  chromedriver                        0x000000010fde98f2 chromedriver + 6707442
15  chromedriver                        0x000000010fdfc871 chromedriver + 6785137
16  libsystem_pthread.dylib             0x00007ff81a2ffdf1 _pthread_start + 99
17  libsystem_pthread.dylib             0x00007ff81a2fb857 thread_start + 15

