2026-05-20 10:16:40,733 [INFO] 加载配置: 发布配置-万古神龙.yaml
2026-05-20 10:16:40,736 [INFO] 当前项目: 万古神龙
2026-05-20 10:16:40,737 [INFO] 章节目录: /Users/vincent/Documents/小说模型/万古神龙：我的血脉全靠吞/执行/章节
2026-05-20 10:16:42,336 [INFO] Chrome 用户数据目录: /Users/vincent/Documents/小说模型/自动化/chrome_profiles/万古神龙（作品: 万古神龙：我的血脉全靠吞）
2026-05-20 10:16:42,337 [INFO] Chrome profile 锁文件已清理
2026-05-20 10:16:57,436 [INFO] Chrome 浏览器已启动（已登录模式）
2026-05-20 10:16:57,444 [INFO] 正在打开作家工作台...
2026-05-20 10:17:05,488 [INFO] 已进入作家工作台
2026-05-20 10:17:05,491 [INFO] 正在发布: 第46章 蛇牙向东
2026-05-20 10:17:13,607 [INFO]   当前URL: https://fanqienovel.com/main/writer/7639950067528387646/publish/7641433553644831294
2026-05-20 10:17:13,769 [INFO]   第1次检查，可见按钮: ['存草稿', '下一步', '下一步']
2026-05-20 10:17:14,514 [INFO]   页面 HTML 已保存: /Users/vincent/Documents/小说模型/自动化/日志/debug/page_html_46.html
2026-05-20 10:17:14,514 [INFO] 填充发布表单...
2026-05-20 10:17:15,473 [INFO]   章节号已填入: 46
2026-05-20 10:17:16,390 [INFO]   标题已填入: 蛇牙向东
2026-05-20 10:17:16,471 [INFO]   正文已注入 (2856 字)
2026-05-20 10:17:22,547 [INFO]   已点击: 下一步
2026-05-20 10:17:28,552 [INFO] 等待下一步后的弹窗...
2026-05-20 10:17:34,656 [INFO]   已点击: 全面检测
2026-05-20 10:17:37,661 [INFO] 等待内容检测完成...
2026-05-20 10:17:37,824 [INFO]   第1次检查，可见按钮: ['存草稿', '下一步', '取消', '确认发布']
2026-05-20 10:17:38,091 [INFO]   第1次检查，可见按钮: ['存草稿', '下一步', '取消', '确认发布']
2026-05-20 10:17:38,092 [INFO]   发布设置弹窗按钮: ['存草稿', '下一步', '取消', '确认发布']
2026-05-20 10:17:38,402 [INFO]   AI 声明已勾选 (fallback)
2026-05-20 10:17:39,054 [INFO]   已点击: 确认发布
2026-05-20 10:17:43,059 [INFO] ✓ 第46章《蛇牙向东》发布完成
2026-05-20 10:17:46,076 [INFO] 正在发布: 第47章 分谷
2026-05-20 10:17:54,458 [INFO]   当前URL: https://fanqienovel.com/main/writer/7639950067528387646/publish/7641792503951147582
2026-05-20 10:17:54,594 [INFO]   第1次检查，可见按钮: ['存草稿', '下一步', '下一步']
2026-05-20 10:17:55,155 [INFO]   页面 HTML 已保存: /Users/vincent/Documents/小说模型/自动化/日志/debug/page_html_47.html
2026-05-20 10:17:55,155 [INFO] 填充发布表单...
2026-05-20 10:17:55,951 [INFO]   章节号已填入: 47
2026-05-20 10:17:56,701 [INFO]   标题已填入: 分谷
2026-05-20 10:17:56,753 [INFO]   正文已注入 (4083 字)
2026-05-20 10:18:02,813 [INFO]   已点击: 下一步
2026-05-20 10:18:08,815 [INFO] 等待下一步后的弹窗...
2026-05-20 10:18:11,866 [INFO]   已点击: 提交
2026-05-20 10:18:14,913 [INFO]   已点击: 全面检测
2026-05-20 10:18:17,923 [INFO] 等待内容检测完成...
2026-05-20 10:18:18,098 [INFO]   第1次检查，可见按钮: ['存草稿', '下一步', '取消', '确认发布']
2026-05-20 10:18:18,381 [INFO]   第1次检查，可见按钮: ['存草稿', '下一步', '取消', '确认发布']
2026-05-20 10:18:18,382 [INFO]   发布设置弹窗按钮: ['存草稿', '下一步', '取消', '确认发布']
2026-05-20 10:18:18,666 [INFO]   AI 声明已勾选 (fallback)
2026-05-20 10:18:19,330 [INFO]   已点击: 确认发布
2026-05-20 10:18:23,334 [INFO] ✓ 第47章《分谷》发布完成
2026-05-20 10:18:26,341 [INFO] 正在发布: 第48章 凤音
2026-05-20 10:18:34,789 [INFO]   当前URL: https://fanqienovel.com/main/writer/7639950067528387646/publish/7641792676815192638
2026-05-20 10:18:34,914 [INFO]   第1次检查，可见按钮: ['存草稿', '下一步', '下一步']
2026-05-20 10:18:35,483 [INFO]   页面 HTML 已保存: /Users/vincent/Documents/小说模型/自动化/日志/debug/page_html_48.html
2026-05-20 10:18:35,484 [INFO] 填充发布表单...
2026-05-20 10:18:36,286 [INFO]   章节号已填入: 48
2026-05-20 10:18:37,038 [INFO]   标题已填入: 凤音
2026-05-20 10:18:37,090 [INFO]   正文已注入 (3423 字)
2026-05-20 10:18:43,171 [INFO]   已点击: 下一步
2026-05-20 10:18:49,177 [INFO] 等待下一步后的弹窗...
2026-05-20 10:18:55,292 [INFO]   已点击: 全面检测
2026-05-20 10:18:58,296 [INFO] 等待内容检测完成...
2026-05-20 10:18:58,485 [INFO]   第1次检查，可见按钮: ['存草稿', '下一步', '取消', '确认发布']
2026-05-20 10:18:58,779 [INFO]   第1次检查，可见按钮: ['存草稿', '下一步', '取消', '确认发布']
2026-05-20 10:18:58,779 [INFO]   发布设置弹窗按钮: ['存草稿', '下一步', '取消', '确认发布']
2026-05-20 10:18:59,170 [INFO]   AI 声明已勾选 (fallback)
2026-05-20 10:18:59,819 [INFO]   已点击: 确认发布
2026-05-20 10:19:03,823 [INFO] ✓ 第48章《凤音》发布完成
2026-05-20 10:19:06,831 [INFO] 正在发布: 第49章 暗流
2026-05-20 10:19:15,360 [INFO]   当前URL: https://fanqienovel.com/main/writer/7639950067528387646/publish/7641792850983666238
2026-05-20 10:19:15,525 [INFO]   第1次检查，可见按钮: ['存草稿', '下一步', '下一步']
2026-05-20 10:19:16,086 [INFO]   页面 HTML 已保存: /Users/vincent/Documents/小说模型/自动化/日志/debug/page_html_49.html
2026-05-20 10:19:16,087 [INFO] 填充发布表单...
2026-05-20 10:19:16,880 [INFO]   章节号已填入: 49
2026-05-20 10:19:17,691 [INFO]   标题已填入: 暗流
2026-05-20 10:19:17,751 [INFO]   正文已注入 (3025 字)
2026-05-20 10:19:23,813 [INFO]   已点击: 下一步
2026-05-20 10:19:29,816 [INFO] 等待下一步后的弹窗...
2026-05-20 10:19:32,901 [INFO]   已点击: 提交
2026-05-20 10:19:35,945 [INFO]   已点击: 全面检测
2026-05-20 10:19:38,949 [INFO] 等待内容检测完成...
2026-05-20 10:19:39,116 [INFO]   第1次检查，可见按钮: ['存草稿', '下一步', '取消', '确认发布']
2026-05-20 10:19:39,399 [INFO]   第1次检查，可见按钮: ['存草稿', '下一步', '取消', '确认发布']
2026-05-20 10:19:39,400 [INFO]   发布设置弹窗按钮: ['存草稿', '下一步', '取消', '确认发布']
2026-05-20 10:19:39,696 [INFO]   AI 声明已勾选 (fallback)
2026-05-20 10:19:40,360 [INFO]   已点击: 确认发布
2026-05-20 10:19:44,363 [INFO] ✓ 第49章《暗流》发布完成
2026-05-20 10:19:47,370 [INFO] 正在发布: 第50章 龙骨旧事
2026-05-20 10:19:55,819 [INFO]   当前URL: https://fanqienovel.com/main/writer/7639950067528387646/publish/7641793024833356350
2026-05-20 10:19:55,956 [INFO]   第1次检查，可见按钮: ['存草稿', '下一步', '下一步']
2026-05-20 10:19:56,503 [INFO]   页面 HTML 已保存: /Users/vincent/Documents/小说模型/自动化/日志/debug/page_html_50.html
2026-05-20 10:19:56,503 [INFO] 填充发布表单...
2026-05-20 10:19:57,350 [INFO]   章节号已填入: 50
2026-05-20 10:19:58,107 [INFO]   标题已填入: 龙骨旧事
2026-05-20 10:19:58,164 [INFO]   正文已注入 (3186 字)
2026-05-20 10:20:04,231 [INFO]   已点击: 下一步
2026-05-20 10:20:10,236 [INFO] 等待下一步后的弹窗...
2026-05-20 10:20:13,280 [INFO]   已点击: 提交
2026-05-20 10:20:16,332 [INFO]   已点击: 全面检测
2026-05-20 10:20:19,337 [INFO] 等待内容检测完成...
2026-05-20 10:20:19,680 [INFO]   第1次检查，可见按钮: ['存草稿', '下一步', '取消', '确认发布']
2026-05-20 10:20:19,953 [INFO]   第1次检查，可见按钮: ['存草稿', '下一步', '取消', '确认发布']
2026-05-20 10:20:19,953 [INFO]   发布设置弹窗按钮: ['存草稿', '下一步', '取消', '确认发布']
2026-05-20 10:20:20,260 [INFO]   AI 声明已勾选 (fallback)
2026-05-20 10:20:20,913 [INFO]   已点击: 确认发布
2026-05-20 10:20:24,917 [INFO] ✓ 第50章《龙骨旧事》发布完成
2026-05-20 10:20:27,923 [INFO] 正在发布: 第51章 南直理
2026-05-20 10:20:36,325 [INFO]   当前URL: https://fanqienovel.com/main/writer/7639950067528387646/publish/7641793198775353918
2026-05-20 10:20:36,451 [INFO]   第1次检查，可见按钮: ['存草稿', '下一步', '下一步']
2026-05-20 10:20:36,991 [INFO]   页面 HTML 已保存: /Users/vincent/Documents/小说模型/自动化/日志/debug/page_html_51.html
2026-05-20 10:20:36,992 [INFO] 填充发布表单...
2026-05-20 10:20:37,782 [INFO]   章节号已填入: 51
2026-05-20 10:20:38,551 [INFO]   标题已填入: 南直理
2026-05-20 10:20:38,594 [INFO]   正文已注入 (3410 字)
2026-05-20 10:20:44,646 [INFO]   已点击: 下一步
2026-05-20 10:20:50,651 [INFO] 等待下一步后的弹窗...
2026-05-20 10:20:53,701 [INFO]   已点击: 提交
2026-05-20 10:20:56,772 [INFO]   已点击: 全面检测
2026-05-20 10:20:59,777 [INFO] 等待内容检测完成...
2026-05-20 10:20:59,977 [INFO]   第1次检查，可见按钮: ['存草稿', '下一步', '取消', '确认发布']
2026-05-20 10:21:00,305 [INFO]   第1次检查，可见按钮: ['存草稿', '下一步', '取消', '确认发布']
2026-05-20 10:21:00,305 [INFO]   发布设置弹窗按钮: ['存草稿', '下一步', '取消', '确认发布']
2026-05-20 10:21:00,592 [INFO]   AI 声明已勾选 (fallback)
2026-05-20 10:21:01,248 [INFO]   已点击: 确认发布
2026-05-20 10:21:05,253 [INFO] ✓ 第51章《南直理》发布完成
2026-05-20 10:21:08,259 [INFO] 正在发布: 第52章 青峦余波
2026-05-20 10:21:16,668 [INFO]   当前URL: https://fanqienovel.com/main/writer/7639950067528387646/publish/7641793371635188286
2026-05-20 10:21:16,801 [INFO]   第1次检查，可见按钮: ['存草稿', '下一步', '下一步']
2026-05-20 10:21:17,372 [INFO]   页面 HTML 已保存: /Users/vincent/Documents/小说模型/自动化/日志/debug/page_html_52.html
2026-05-20 10:21:17,372 [INFO] 填充发布表单...
2026-05-20 10:21:18,207 [INFO]   章节号已填入: 52
2026-05-20 10:21:18,986 [INFO]   标题已填入: 青峦余波
2026-05-20 10:21:19,037 [INFO]   正文已注入 (3001 字)
2026-05-20 10:21:25,112 [INFO]   已点击: 下一步
2026-05-20 10:21:31,120 [INFO] 等待下一步后的弹窗...
2026-05-20 10:21:37,236 [INFO]   已点击: 全面检测
2026-05-20 10:21:40,241 [INFO] 等待内容检测完成...
2026-05-20 10:21:40,393 [INFO]   第1次检查，可见按钮: ['存草稿', '下一步', '取消', '确认发布']
2026-05-20 10:21:40,685 [INFO]   第1次检查，可见按钮: ['存草稿', '下一步', '取消', '确认发布']
2026-05-20 10:21:40,685 [INFO]   发布设置弹窗按钮: ['存草稿', '下一步', '取消', '确认发布']
2026-05-20 10:21:40,985 [INFO]   AI 声明已勾选 (fallback)
2026-05-20 10:21:41,637 [INFO]   已点击: 确认发布
2026-05-20 10:21:45,643 [INFO] ✓ 第52章《青峦余波》发布完成
2026-05-20 10:21:48,650 [INFO] 正在发布: 第53章 猎脉升级
2026-05-20 10:21:57,222 [INFO]   当前URL: https://fanqienovel.com/main/writer/7639950067528387646/publish/7641793546097263166
2026-05-20 10:21:57,357 [INFO]   第1次检查，可见按钮: ['存草稿', '下一步', '下一步']
2026-05-20 10:21:57,921 [INFO]   页面 HTML 已保存: /Users/vincent/Documents/小说模型/自动化/日志/debug/page_html_53.html
2026-05-20 10:21:57,921 [INFO] 填充发布表单...
2026-05-20 10:21:58,716 [INFO]   章节号已填入: 53
2026-05-20 10:21:59,506 [INFO]   标题已填入: 猎脉升级
2026-05-20 10:21:59,551 [INFO]   正文已注入 (3059 字)
2026-05-20 10:22:05,603 [INFO]   已点击: 下一步
2026-05-20 10:22:11,608 [INFO] 等待下一步后的弹窗...
2026-05-20 10:22:14,769 [INFO]   已点击: 提交
2026-05-20 10:22:17,810 [INFO]   已点击: 全面检测
2026-05-20 10:22:20,816 [INFO] 等待内容检测完成...
2026-05-20 10:22:20,995 [INFO]   第1次检查，可见按钮: ['存草稿', '下一步', '取消', '确认发布']
2026-05-20 10:22:21,284 [INFO]   第1次检查，可见按钮: ['存草稿', '下一步', '取消', '确认发布']
2026-05-20 10:22:21,284 [INFO]   发布设置弹窗按钮: ['存草稿', '下一步', '取消', '确认发布']
2026-05-20 10:22:21,555 [INFO]   AI 声明已勾选 (fallback)
2026-05-20 10:22:22,212 [INFO]   已点击: 确认发布
2026-05-20 10:22:26,216 [INFO] ✓ 第53章《猎脉升级》发布完成
2026-05-20 10:22:29,225 [INFO] 正在发布: 第54章 抉择
2026-05-20 10:22:37,685 [INFO]   当前URL: https://fanqienovel.com/main/writer/7639950067528387646/publish/7641793720072798782
2026-05-20 10:22:37,900 [INFO]   第1次检查，可见按钮: ['存草稿', '下一步', '下一步']
2026-05-20 10:22:38,489 [INFO]   页面 HTML 已保存: /Users/vincent/Documents/小说模型/自动化/日志/debug/page_html_54.html
2026-05-20 10:22:38,489 [INFO] 填充发布表单...
2026-05-20 10:22:39,322 [INFO]   章节号已填入: 54
2026-05-20 10:22:40,070 [INFO]   标题已填入: 抉择
2026-05-20 10:22:40,129 [INFO]   正文已注入 (3035 字)
2026-05-20 10:22:46,195 [INFO]   已点击: 下一步
2026-05-20 10:22:52,200 [INFO] 等待下一步后的弹窗...
2026-05-20 10:22:58,343 [INFO]   已点击: 全面检测
2026-05-20 10:23:01,348 [INFO] 等待内容检测完成...
2026-05-20 10:23:01,515 [INFO]   第1次检查，可见按钮: ['存草稿', '下一步', '取消', '确认发布']
2026-05-20 10:23:02,265 [INFO]   第1次检查，可见按钮: ['存草稿', '下一步', '取消', '确认发布']
2026-05-20 10:23:02,265 [INFO]   发布设置弹窗按钮: ['存草稿', '下一步', '取消', '确认发布']
2026-05-20 10:23:02,570 [INFO]   AI 声明已勾选 (fallback)
2026-05-20 10:23:03,218 [INFO]   已点击: 确认发布
2026-05-20 10:23:07,223 [INFO] ✓ 第54章《抉择》发布完成
2026-05-20 10:23:10,232 [INFO] 正在发布: 第55章 离谷
2026-05-20 10:23:18,611 [INFO]   当前URL: https://fanqienovel.com/main/writer/7639950067528387646/publish/7641793895486997054
2026-05-20 10:23:18,787 [INFO]   第1次检查，可见按钮: ['存草稿', '下一步', '下一步']
2026-05-20 10:23:19,391 [INFO]   页面 HTML 已保存: /Users/vincent/Documents/小说模型/自动化/日志/debug/page_html_55.html
2026-05-20 10:23:19,391 [INFO] 填充发布表单...
2026-05-20 10:23:20,372 [INFO]   章节号已填入: 55
2026-05-20 10:23:21,147 [INFO]   标题已填入: 离谷
2026-05-20 10:23:21,191 [INFO]   正文已注入 (3043 字)
2026-05-20 10:23:27,263 [INFO]   已点击: 下一步
2026-05-20 10:23:33,266 [INFO] 等待下一步后的弹窗...
2026-05-20 10:23:36,308 [INFO]   已点击: 提交
2026-05-20 10:23:39,226 [INFO]   已点击: 全面检测
2026-05-20 10:23:42,232 [INFO] 等待内容检测完成...
2026-05-20 10:23:42,417 [INFO]   第1次检查，可见按钮: ['存草稿', '下一步', '取消', '确认发布']
2026-05-20 10:23:42,749 [INFO]   第1次检查，可见按钮: ['存草稿', '下一步', '取消', '确认发布']
2026-05-20 10:23:42,749 [INFO]   发布设置弹窗按钮: ['存草稿', '下一步', '取消', '确认发布']
2026-05-20 10:23:43,066 [INFO]   AI 声明已勾选 (fallback)
2026-05-20 10:23:43,757 [INFO]   已点击: 确认发布
2026-05-20 10:23:47,762 [INFO] ✓ 第55章《离谷》发布完成
