2026-05-18 19:05:00,190 [INFO] 加载配置: 发布配置.yaml
2026-05-18 19:05:00,193 [INFO] 当前项目: 全球灾变：我的AI能自动升级
2026-05-18 19:05:00,193 [INFO] 章节目录: /Users/vincent/Documents/小说模型/全球灾变：我的AI能自动升级/执行/章节
2026-05-18 19:05:00,569 [INFO] Chrome 用户数据目录: /Users/vincent/Documents/小说模型/自动化/chrome_profiles/全球灾变（作品: 全球灾变：我的AI能自动升级）
2026-05-18 19:05:00,569 [INFO] Chrome profile 锁文件已清理
2026-05-18 19:05:08,239 [INFO] Chrome 浏览器已启动（已登录模式）
2026-05-18 19:05:08,240 [INFO] 正在打开作家工作台...
2026-05-18 19:05:46,126 [INFO] 检测到登录成功
2026-05-18 19:05:46,127 [INFO] 正在发布: 第8章 探索者的傲慢
2026-05-18 19:05:54,500 [INFO]   当前URL: https://fanqienovel.com/main/writer/7641137747754748990/publish/7641186398082433598
2026-05-18 19:05:54,632 [INFO]   第1次检查，可见按钮: ['存草稿', '下一步']
2026-05-18 19:05:55,556 [INFO]   页面 HTML 已保存: /Users/vincent/Documents/小说模型/自动化/日志/debug/page_html_8.html
2026-05-18 19:05:55,557 [INFO] 填充发布表单...
2026-05-18 19:05:56,476 [INFO]   章节号已填入: 8
2026-05-18 19:05:57,278 [INFO]   标题已填入: 探索者的傲慢
2026-05-18 19:05:57,342 [INFO]   正文已注入 (3347 字)
2026-05-18 19:06:03,413 [INFO]   已点击: 下一步
2026-05-18 19:06:09,418 [INFO] 等待下一步后的弹窗...
2026-05-18 19:06:15,516 [INFO]   已点击: 全面检测
2026-05-18 19:06:18,522 [INFO] 等待内容检测完成...
2026-05-18 19:06:18,676 [INFO]   第1次检查，可见按钮: ['存草稿', '下一步', '取消', '确认发布']
2026-05-18 19:06:19,135 [INFO]   第1次检查，可见按钮: ['存草稿', '下一步', '取消', '确认发布']
2026-05-18 19:06:19,135 [INFO]   发布设置弹窗按钮: ['存草稿', '下一步', '取消', '确认发布']
2026-05-18 19:06:19,648 [INFO]   AI 声明已勾选 (fallback)
2026-05-18 19:06:20,307 [INFO]   已点击: 确认发布
2026-05-18 19:06:24,313 [INFO] ✓ 第8章《探索者的傲慢》发布完成
2026-05-18 19:06:27,320 [INFO] 正在发布: 第9章 机械之心
2026-05-18 19:06:35,716 [INFO]   当前URL: https://fanqienovel.com/main/writer/7641137747754748990/publish/7641186574813643326
2026-05-18 19:06:35,879 [INFO]   第1次检查，可见按钮: ['存草稿', '下一步', '下一步']
2026-05-18 19:06:36,606 [INFO]   页面 HTML 已保存: /Users/vincent/Documents/小说模型/自动化/日志/debug/page_html_9.html
2026-05-18 19:06:36,608 [INFO] 填充发布表单...
2026-05-18 19:06:37,496 [INFO]   章节号已填入: 9
2026-05-18 19:06:38,301 [INFO]   标题已填入: 机械之心
2026-05-18 19:06:38,355 [INFO]   正文已注入 (3727 字)
2026-05-18 19:06:44,415 [INFO]   已点击: 下一步
2026-05-18 19:06:50,419 [INFO] 等待下一步后的弹窗...
2026-05-18 19:06:53,470 [INFO]   已点击: 提交
2026-05-18 19:06:56,519 [INFO]   已点击: 全面检测
2026-05-18 19:06:59,524 [INFO] 等待内容检测完成...
2026-05-18 19:06:59,702 [INFO]   第1次检查，可见按钮: ['存草稿', '下一步', '取消', '确认发布']
2026-05-18 19:07:00,078 [INFO]   第1次检查，可见按钮: ['存草稿', '下一步', '取消', '确认发布']
2026-05-18 19:07:00,079 [INFO]   发布设置弹窗按钮: ['存草稿', '下一步', '取消', '确认发布']
2026-05-18 19:07:00,380 [INFO]   AI 声明已勾选 (fallback)
2026-05-18 19:07:01,035 [INFO]   已点击: 确认发布
2026-05-18 19:07:05,039 [INFO] ✓ 第9章《机械之心》发布完成
2026-05-18 19:07:08,046 [INFO] 正在发布: 第10章 咸鱼的日常
2026-05-18 19:07:16,469 [INFO]   当前URL: https://fanqienovel.com/main/writer/7641137747754748990/publish/7641186749481239102
2026-05-18 19:07:16,589 [INFO]   第1次检查，可见按钮: ['存草稿', '下一步', '下一步']
2026-05-18 19:07:17,376 [INFO]   页面 HTML 已保存: /Users/vincent/Documents/小说模型/自动化/日志/debug/page_html_10.html
2026-05-18 19:07:17,377 [INFO] 填充发布表单...
2026-05-18 19:07:18,260 [INFO]   章节号已填入: 10
2026-05-18 19:07:19,025 [INFO]   标题已填入: 咸鱼的日常
2026-05-18 19:07:19,092 [INFO]   正文已注入 (3051 字)
2026-05-18 19:07:25,157 [INFO]   已点击: 下一步
2026-05-18 19:07:31,162 [INFO] 等待下一步后的弹窗...
2026-05-18 19:07:34,213 [INFO]   已点击: 提交
2026-05-18 19:07:37,294 [INFO]   已点击: 全面检测
2026-05-18 19:07:40,298 [INFO] 等待内容检测完成...
2026-05-18 19:07:40,458 [INFO]   第1次检查，可见按钮: ['存草稿', '下一步', '取消', '确认发布']
2026-05-18 19:07:40,864 [INFO]   第1次检查，可见按钮: ['存草稿', '下一步', '取消', '确认发布']
2026-05-18 19:07:40,864 [INFO]   发布设置弹窗按钮: ['存草稿', '下一步', '取消', '确认发布']
2026-05-18 19:07:41,159 [INFO]   AI 声明已勾选 (fallback)
2026-05-18 19:07:41,823 [INFO]   已点击: 确认发布
2026-05-18 19:07:45,827 [INFO] ✓ 第10章《咸鱼的日常》发布完成
2026-05-18 19:07:49,211 [INFO] 浏览器已关闭
