2026-05-15 15:24:07,102 [INFO] Chrome profile 锁文件已清理
2026-05-15 15:24:08,836 [INFO] Chrome 浏览器已启动（已登录模式）
2026-05-15 15:24:08,837 [INFO] 正在打开作家工作台...
2026-05-15 15:24:16,062 [INFO] 已进入作家工作台
2026-05-15 15:24:16,064 [INFO] 正在发布: 第9章 散修窝
2026-05-15 15:24:16,415 [INFO] 等待第一步表单就绪...
2026-05-15 15:24:16,434 [INFO]   第1次检查，可见按钮: []
2026-05-15 15:24:26,590 [INFO]   第2次检查，可见按钮: ['存草稿', '下一步']
2026-05-15 15:24:27,084 [INFO]   页面 HTML 已保存: /Users/vincent/Documents/小说模型/自动化/日志/debug/page_html_9.html
2026-05-15 15:24:27,935 [INFO]   章节号已填入: 9
2026-05-15 15:24:28,718 [INFO]   标题已填入: 散修窝
2026-05-15 15:24:28,770 [INFO]   正文已注入 (2240 字)
2026-05-15 15:24:34,847 [INFO]   已点击: 下一步
2026-05-15 15:24:40,852 [INFO] 等待下一步后的弹窗...
2026-05-15 15:24:43,912 [INFO]   已点击: 提交
2026-05-15 15:24:46,960 [INFO]   已点击: 全面检测
2026-05-15 15:24:49,964 [INFO] 等待内容检测完成...
2026-05-15 15:24:50,126 [INFO]   第1次检查，可见按钮: ['存草稿', '下一步', '取消', '确认发布']
2026-05-15 15:24:50,413 [INFO]   第1次检查，可见按钮: ['存草稿', '下一步', '取消', '确认发布']
2026-05-15 15:24:50,413 [INFO]   发布设置弹窗按钮: ['存草稿', '下一步', '取消', '确认发布']
2026-05-15 15:24:50,692 [INFO]   AI 声明已勾选 (fallback)
2026-05-15 15:24:51,347 [INFO]   已点击: 确认发布
2026-05-15 15:24:55,348 [INFO] ✓ 第9章《散修窝》发布完成
2026-05-15 15:24:58,860 [INFO] 浏览器已关闭
