2026-05-17 20:29:23,407 [INFO] 章节目录: /Users/vincent/Documents/小说模型/万古神龙：我的血脉全靠吞/执行/章节
2026-05-17 20:29:23,772 [INFO] Chrome profile 锁文件已清理
2026-05-17 20:29:26,992 [INFO] Chrome 浏览器已启动（已登录模式）
2026-05-17 20:29:26,993 [INFO] 正在打开作家工作台...
2026-05-17 20:29:35,192 [INFO] 已进入作家工作台
2026-05-17 20:29:35,193 [INFO] 正在发布: 第13章 夜话
2026-05-17 20:29:35,655 [INFO] 等待第一步表单就绪...
2026-05-17 20:29:35,673 [INFO]   第1次检查，可见按钮: []
2026-05-17 20:29:45,807 [INFO]   第2次检查，可见按钮: ['下一步']
2026-05-17 20:29:46,279 [INFO]   页面 HTML 已保存: /Users/vincent/Documents/小说模型/自动化/日志/debug/page_html_13.html
2026-05-17 20:29:47,192 [INFO]   章节号已填入: 13
2026-05-17 20:29:47,908 [INFO]   标题已填入: 夜话
2026-05-17 20:29:47,952 [INFO]   正文已注入 (1974 字)
2026-05-17 20:29:54,010 [INFO]   已点击: 下一步
2026-05-17 20:30:00,015 [INFO] 等待下一步后的弹窗...
2026-05-17 20:30:09,169 [INFO] 等待内容检测完成...
2026-05-17 20:30:09,313 [INFO]   第1次检查，可见按钮: ['下一步', '取消', '确认发布']
2026-05-17 20:30:09,588 [INFO]   第1次检查，可见按钮: ['下一步', '取消', '确认发布']
2026-05-17 20:30:09,588 [INFO]   发布设置弹窗按钮: ['下一步', '取消', '确认发布']
2026-05-17 20:30:09,823 [INFO]   AI 声明已勾选 (fallback)
2026-05-17 20:30:10,488 [INFO]   已点击: 确认发布
2026-05-17 20:30:14,492 [INFO] ✓ 第13章《夜话》发布完成
2026-05-17 20:30:17,500 [INFO] 正在发布: 第14章 暗河
2026-05-17 20:30:17,907 [INFO] 等待第一步表单就绪...
2026-05-17 20:30:17,917 [INFO]   第1次检查，可见按钮: []
2026-05-17 20:30:28,034 [INFO]   第2次检查，可见按钮: ['下一步']
2026-05-17 20:30:28,619 [INFO]   页面 HTML 已保存: /Users/vincent/Documents/小说模型/自动化/日志/debug/page_html_14.html
2026-05-17 20:30:29,442 [INFO]   章节号已填入: 14
2026-05-17 20:30:30,184 [INFO]   标题已填入: 暗河
2026-05-17 20:30:30,230 [INFO]   正文已注入 (1744 字)
2026-05-17 20:30:36,278 [INFO]   已点击: 下一步
2026-05-17 20:30:42,280 [INFO] 等待下一步后的弹窗...
2026-05-17 20:30:51,398 [INFO] 等待内容检测完成...
2026-05-17 20:30:51,602 [INFO]   第1次检查，可见按钮: ['下一步']
2026-05-17 20:31:01,717 [INFO]   第2次检查，可见按钮: ['下一步']
2026-05-17 20:31:11,828 [INFO]   第3次检查，可见按钮: ['下一步']
2026-05-17 20:31:21,938 [INFO]   第4次检查，可见按钮: ['下一步']
2026-05-17 20:31:32,073 [INFO]   第5次检查，可见按钮: ['下一步']
2026-05-17 20:31:42,181 [INFO]   第6次检查，可见按钮: ['下一步']
2026-05-17 20:31:52,305 [INFO]   第7次检查，可见按钮: ['下一步']
2026-05-17 20:32:02,417 [INFO]   第8次检查，可见按钮: ['下一步']
2026-05-17 20:32:12,472 [INFO]   第9次检查，可见按钮: ['设置', '编辑分卷', '新建章节']
2026-05-17 20:32:22,533 [INFO]   第10次检查，可见按钮: ['设置', '编辑分卷', '新建章节']
2026-05-17 20:32:32,601 [INFO]   第11次检查，可见按钮: ['设置', '编辑分卷', '新建章节']
2026-05-17 20:32:42,678 [INFO]   第12次检查，可见按钮: ['设置', '编辑分卷', '新建章节']
2026-05-17 20:32:53,100 [INFO]   第1次检查，可见按钮: ['设置', '编辑分卷', '新建章节']
2026-05-17 20:33:03,172 [INFO]   第2次检查，可见按钮: ['设置', '编辑分卷', '新建章节']
2026-05-17 20:33:13,177 [INFO]   发布设置弹窗按钮: []
2026-05-17 20:33:13,258 [INFO]   已点击: 发布
2026-05-17 20:33:17,263 [INFO] ✓ 第14章《暗河》发布完成
2026-05-17 20:33:20,273 [INFO] 正在发布: 第15章 悬赏
2026-05-17 20:33:20,749 [INFO] 等待第一步表单就绪...
2026-05-17 20:33:20,765 [INFO]   第1次检查，可见按钮: []
2026-05-17 20:33:30,959 [INFO]   第2次检查，可见按钮: ['下一步']
2026-05-17 20:33:31,710 [INFO]   页面 HTML 已保存: /Users/vincent/Documents/小说模型/自动化/日志/debug/page_html_15.html
2026-05-17 20:33:32,516 [INFO]   章节号已填入: 15
2026-05-17 20:33:33,241 [INFO]   标题已填入: 悬赏
2026-05-17 20:33:33,286 [INFO]   正文已注入 (1941 字)
2026-05-17 20:33:39,311 [ERROR] 点击「下一步」失败
2026-05-17 20:33:42,826 [INFO] 浏览器已关闭
