2026-05-22 12:35:16,409 [INFO] 加载配置: 发布配置.yaml
2026-05-22 12:35:16,412 [INFO] 当前项目: 全球灾变：我的AI能自动升级
2026-05-22 12:35:16,412 [INFO] 章节目录: /Users/vincent/Documents/小说模型/全球灾变：我的AI能自动升级/执行/章节
2026-05-22 12:35:16,677 [INFO] Chrome 用户数据目录: /Users/vincent/Documents/小说模型/自动化/chrome_profiles/全球灾变（作品: 全球灾变：我的AI能自动升级）
2026-05-22 12:35:16,678 [INFO] Chrome profile 锁文件已清理
2026-05-22 12:35:20,502 [INFO] Chrome 浏览器已启动（已登录模式）
2026-05-22 12:35:20,502 [INFO] 正在打开作家工作台...
2026-05-22 12:35:26,762 [INFO] 已进入作家工作台
2026-05-22 12:35:26,763 [INFO] 正在发布: 第44章 逻辑篡改
2026-05-22 12:35:35,437 [INFO]   当前URL: https://fanqienovel.com/main/writer/7641137747754748990/publish/7642568129960215064
2026-05-22 12:35:35,655 [INFO]   第1次检查，可见按钮: ['存草稿', '下一步', '下一步']
2026-05-22 12:35:36,613 [INFO]   页面 HTML 已保存: /Users/vincent/Documents/小说模型/自动化/日志/debug/page_html_44.html
2026-05-22 12:35:36,613 [INFO] 填充发布表单...
2026-05-22 12:35:37,570 [INFO]   章节号已填入: 44
2026-05-22 12:35:38,287 [INFO]   标题已填入: 逻辑篡改
2026-05-22 12:35:38,341 [INFO]   正文已注入 (5229 字)
2026-05-22 12:35:44,400 [INFO]   已点击: 下一步
2026-05-22 12:35:50,403 [INFO] 等待下一步后的弹窗...
2026-05-22 12:35:56,491 [INFO]   已点击: 全面检测
2026-05-22 12:35:59,495 [INFO] 等待内容检测完成...
2026-05-22 12:35:59,632 [INFO]   第1次检查，可见按钮: ['存草稿', '下一步', '取消', '确认发布']
2026-05-22 12:36:00,083 [INFO]   第1次检查，可见按钮: ['存草稿', '下一步', '取消', '确认发布']
2026-05-22 12:36:00,084 [INFO]   发布设置弹窗按钮: ['存草稿', '下一步', '取消', '确认发布']
2026-05-22 12:36:00,936 [INFO]   AI 声明已勾选 (fallback)
2026-05-22 12:36:01,622 [INFO]   已点击: 确认发布
2026-05-22 12:36:05,627 [INFO] ✓ 第44章《逻辑篡改》发布完成
2026-05-22 12:36:08,634 [INFO] 正在发布: 第45章 数据入侵
2026-05-22 12:36:17,007 [INFO]   当前URL: https://fanqienovel.com/main/writer/7641137747754748990/publish/7642570332586394174
2026-05-22 12:36:17,193 [INFO]   第1次检查，可见按钮: ['存草稿', '下一步', '下一步']
2026-05-22 12:36:17,743 [INFO]   页面 HTML 已保存: /Users/vincent/Documents/小说模型/自动化/日志/debug/page_html_45.html
2026-05-22 12:36:17,743 [INFO] 填充发布表单...
2026-05-22 12:36:18,520 [INFO]   章节号已填入: 45
2026-05-22 12:36:19,248 [INFO]   标题已填入: 数据入侵
2026-05-22 12:36:19,333 [INFO]   正文已注入 (5462 字)
2026-05-22 12:36:25,404 [INFO]   已点击: 下一步
2026-05-22 12:36:31,407 [INFO] 等待下一步后的弹窗...
2026-05-22 12:36:34,443 [INFO]   已点击: 提交
2026-05-22 12:36:37,487 [INFO]   已点击: 全面检测
2026-05-22 12:36:40,493 [INFO] 等待内容检测完成...
2026-05-22 12:36:40,634 [INFO]   第1次检查，可见按钮: ['存草稿', '下一步', '取消', '确认发布']
2026-05-22 12:36:40,894 [INFO]   第1次检查，可见按钮: ['存草稿', '下一步', '取消', '确认发布']
2026-05-22 12:36:40,894 [INFO]   发布设置弹窗按钮: ['存草稿', '下一步', '取消', '确认发布']
2026-05-22 12:36:41,494 [INFO]   AI 声明已勾选 (fallback)
2026-05-22 12:36:42,142 [INFO]   已点击: 确认发布
2026-05-22 12:36:46,146 [INFO] ✓ 第45章《数据入侵》发布完成
2026-05-22 12:36:49,151 [INFO] 正在发布: 第46章 绝境升级
2026-05-22 12:36:57,490 [INFO]   当前URL: https://fanqienovel.com/main/writer/7641137747754748990/publish/7642570506356392510
2026-05-22 12:36:57,613 [INFO]   第1次检查，可见按钮: ['存草稿', '下一步', '下一步']
2026-05-22 12:36:58,128 [INFO]   页面 HTML 已保存: /Users/vincent/Documents/小说模型/自动化/日志/debug/page_html_46.html
2026-05-22 12:36:58,129 [INFO] 填充发布表单...
2026-05-22 12:36:58,903 [INFO]   章节号已填入: 46
2026-05-22 12:36:59,650 [INFO]   标题已填入: 绝境升级
2026-05-22 12:36:59,697 [INFO]   正文已注入 (5800 字)
2026-05-22 12:37:05,781 [INFO]   已点击: 下一步
2026-05-22 12:37:11,784 [INFO] 等待下一步后的弹窗...
2026-05-22 12:37:14,816 [INFO]   已点击: 提交
2026-05-22 12:37:17,849 [INFO]   已点击: 全面检测
2026-05-22 12:37:20,854 [INFO] 等待内容检测完成...
2026-05-22 12:37:21,004 [INFO]   第1次检查，可见按钮: ['存草稿', '下一步', '取消', '确认发布']
2026-05-22 12:37:21,283 [INFO]   第1次检查，可见按钮: ['存草稿', '下一步', '取消', '确认发布']
2026-05-22 12:37:21,283 [INFO]   发布设置弹窗按钮: ['存草稿', '下一步', '取消', '确认发布']
2026-05-22 12:37:21,541 [INFO]   AI 声明已勾选 (fallback)
2026-05-22 12:37:22,183 [INFO]   已点击: 确认发布
2026-05-22 12:37:26,186 [INFO] ✓ 第46章《绝境升级》发布完成
2026-05-22 12:37:29,193 [INFO] 正在发布: 第47章 数据碾压
2026-05-22 12:37:37,586 [INFO]   当前URL: https://fanqienovel.com/main/writer/7641137747754748990/publish/7642570678717121086
2026-05-22 12:37:37,714 [INFO]   第1次检查，可见按钮: ['存草稿', '下一步', '下一步']
2026-05-22 12:37:38,252 [INFO]   页面 HTML 已保存: /Users/vincent/Documents/小说模型/自动化/日志/debug/page_html_47.html
2026-05-22 12:37:38,253 [INFO] 填充发布表单...
2026-05-22 12:37:39,045 [INFO]   章节号已填入: 47
2026-05-22 12:37:39,763 [INFO]   标题已填入: 数据碾压
2026-05-22 12:37:39,808 [INFO]   正文已注入 (5666 字)
2026-05-22 12:37:45,853 [INFO]   已点击: 下一步
2026-05-22 12:37:51,856 [INFO] 等待下一步后的弹窗...
2026-05-22 12:37:57,937 [INFO]   已点击: 全面检测
2026-05-22 12:38:00,942 [INFO] 等待内容检测完成...
2026-05-22 12:38:01,085 [INFO]   第1次检查，可见按钮: ['存草稿', '下一步', '取消', '确认发布']
2026-05-22 12:38:01,351 [INFO]   第1次检查，可见按钮: ['存草稿', '下一步', '取消', '确认发布']
2026-05-22 12:38:01,351 [INFO]   发布设置弹窗按钮: ['存草稿', '下一步', '取消', '确认发布']
2026-05-22 12:38:01,864 [INFO]   AI 声明已勾选 (fallback)
2026-05-22 12:38:02,510 [INFO]   已点击: 确认发布
2026-05-22 12:38:06,514 [INFO] ✓ 第47章《数据碾压》发布完成
2026-05-22 12:38:09,518 [INFO] 正在发布: 第48章 数据具现
2026-05-22 12:38:17,871 [INFO]   当前URL: https://fanqienovel.com/main/writer/7641137747754748990/publish/7642570851962864190
2026-05-22 12:38:17,993 [INFO]   第1次检查，可见按钮: ['存草稿', '下一步', '下一步']
2026-05-22 12:38:18,575 [INFO]   页面 HTML 已保存: /Users/vincent/Documents/小说模型/自动化/日志/debug/page_html_48.html
2026-05-22 12:38:18,575 [INFO] 填充发布表单...
2026-05-22 12:38:19,355 [INFO]   章节号已填入: 48
2026-05-22 12:38:20,088 [INFO]   标题已填入: 数据具现
2026-05-22 12:38:20,136 [INFO]   正文已注入 (4825 字)
2026-05-22 12:38:26,181 [INFO]   已点击: 下一步
2026-05-22 12:38:32,185 [INFO] 等待下一步后的弹窗...
2026-05-22 12:38:35,219 [INFO]   已点击: 提交
2026-05-22 12:38:38,253 [INFO]   已点击: 全面检测
2026-05-22 12:38:41,257 [INFO] 等待内容检测完成...
2026-05-22 12:38:41,393 [INFO]   第1次检查，可见按钮: ['存草稿', '下一步', '取消', '确认发布']
2026-05-22 12:38:41,676 [INFO]   第1次检查，可见按钮: ['存草稿', '下一步', '取消', '确认发布']
2026-05-22 12:38:41,676 [INFO]   发布设置弹窗按钮: ['存草稿', '下一步', '取消', '确认发布']
2026-05-22 12:38:41,942 [INFO]   AI 声明已勾选 (fallback)
2026-05-22 12:38:42,588 [INFO]   已点击: 确认发布
2026-05-22 12:38:46,592 [INFO] ✓ 第48章《数据具现》发布完成
2026-05-22 12:38:49,598 [INFO] 正在发布: 第49章 单刷领主
2026-05-22 12:38:57,982 [INFO]   当前URL: https://fanqienovel.com/main/writer/7641137747754748990/publish/7642571023862219326
2026-05-22 12:38:58,105 [INFO]   第1次检查，可见按钮: ['存草稿', '下一步', '下一步']
2026-05-22 12:38:58,668 [INFO]   页面 HTML 已保存: /Users/vincent/Documents/小说模型/自动化/日志/debug/page_html_49.html
2026-05-22 12:38:58,669 [INFO] 填充发布表单...
2026-05-22 12:38:59,439 [INFO]   章节号已填入: 49
2026-05-22 12:39:00,169 [INFO]   标题已填入: 单刷领主
2026-05-22 12:39:00,250 [INFO]   正文已注入 (6886 字)
2026-05-22 12:39:06,294 [INFO]   已点击: 下一步
2026-05-22 12:39:12,298 [INFO] 等待下一步后的弹窗...
2026-05-22 12:39:15,331 [INFO]   已点击: 提交
2026-05-22 12:39:18,367 [INFO]   已点击: 全面检测
2026-05-22 12:39:21,371 [INFO] 等待内容检测完成...
2026-05-22 12:39:21,530 [INFO]   第1次检查，可见按钮: ['存草稿', '下一步', '取消', '确认发布']
2026-05-22 12:39:21,814 [INFO]   第1次检查，可见按钮: ['存草稿', '下一步', '取消', '确认发布']
2026-05-22 12:39:21,814 [INFO]   发布设置弹窗按钮: ['存草稿', '下一步', '取消', '确认发布']
2026-05-22 12:39:22,117 [INFO]   AI 声明已勾选 (fallback)
2026-05-22 12:39:22,771 [INFO]   已点击: 确认发布
2026-05-22 12:39:26,783 [INFO] ✓ 第49章《单刷领主》发布完成
2026-05-22 12:39:29,787 [INFO] 正在发布: 第50章 同类信号
2026-05-22 12:39:38,147 [INFO]   当前URL: https://fanqienovel.com/main/writer/7641137747754748990/publish/7642571196717875774
2026-05-22 12:39:38,279 [INFO]   第1次检查，可见按钮: ['存草稿', '下一步', '下一步']
2026-05-22 12:39:38,841 [INFO]   页面 HTML 已保存: /Users/vincent/Documents/小说模型/自动化/日志/debug/page_html_50.html
2026-05-22 12:39:38,841 [INFO] 填充发布表单...
2026-05-22 12:39:39,617 [INFO]   章节号已填入: 50
2026-05-22 12:39:40,371 [INFO]   标题已填入: 同类信号
2026-05-22 12:39:40,415 [INFO]   正文已注入 (4828 字)
2026-05-22 12:39:46,457 [INFO]   已点击: 下一步
2026-05-22 12:39:52,460 [INFO] 等待下一步后的弹窗...
2026-05-22 12:39:55,496 [INFO]   已点击: 提交
2026-05-22 12:39:58,532 [INFO]   已点击: 全面检测
2026-05-22 12:40:01,536 [INFO] 等待内容检测完成...
2026-05-22 12:40:01,673 [INFO]   第1次检查，可见按钮: ['存草稿', '下一步', '取消', '确认发布']
2026-05-22 12:40:01,929 [INFO]   第1次检查，可见按钮: ['存草稿', '下一步', '取消', '确认发布']
2026-05-22 12:40:01,929 [INFO]   发布设置弹窗按钮: ['存草稿', '下一步', '取消', '确认发布']
2026-05-22 12:40:03,169 [INFO]   AI 声明已勾选 (fallback)
2026-05-22 12:40:03,808 [INFO]   已点击: 确认发布
2026-05-22 12:40:07,812 [INFO] ✓ 第50章《同类信号》发布完成
2026-05-22 12:40:11,321 [INFO] 浏览器已关闭
