2026-05-18 10:59:55,207 [INFO] 章节目录: /Users/vincent/Documents/小说模型/万古神龙：我的血脉全靠吞/执行/章节
2026-05-18 10:59:55,550 [INFO] Chrome profile 锁文件已清理
2026-05-18 10:59:58,199 [INFO] Chrome 浏览器已启动（已登录模式）
2026-05-18 10:59:58,199 [INFO] 正在打开作家工作台...
2026-05-18 11:00:05,818 [INFO] 已进入作家工作台
2026-05-18 11:00:05,819 [INFO] 正在发布: 第18章 死涧
2026-05-18 11:00:14,235 [INFO]   当前URL: https://fanqienovel.com/main/writer/7639950067528387646/publish/7641061241108038206
2026-05-18 11:00:14,433 [INFO]   第1次检查，可见按钮: ['存草稿', '下一步']
2026-05-18 11:00:14,996 [INFO]   页面 HTML 已保存: /Users/vincent/Documents/小说模型/自动化/日志/debug/page_html_18.html
2026-05-18 11:00:14,996 [INFO] 填充发布表单...
2026-05-18 11:00:15,888 [INFO]   章节号已填入: 18
2026-05-18 11:00:16,608 [INFO]   标题已填入: 死涧
2026-05-18 11:00:16,654 [INFO]   正文已注入 (2421 字)
2026-05-18 11:00:22,710 [INFO]   已点击: 下一步
2026-05-18 11:00:28,719 [INFO] 等待下一步后的弹窗...
2026-05-18 11:00:31,768 [INFO]   已点击: 提交
2026-05-18 11:00:34,828 [INFO]   已点击: 全面检测
2026-05-18 11:00:37,832 [INFO] 等待内容检测完成...
2026-05-18 11:00:37,989 [INFO]   第1次检查，可见按钮: ['存草稿', '下一步', '取消', '确认发布']
2026-05-18 11:00:38,495 [INFO]   第1次检查，可见按钮: ['存草稿', '下一步', '取消', '确认发布']
2026-05-18 11:00:38,495 [INFO]   发布设置弹窗按钮: ['存草稿', '下一步', '取消', '确认发布']
2026-05-18 11:00:38,759 [INFO]   AI 声明已勾选 (fallback)
2026-05-18 11:00:39,443 [INFO]   已点击: 确认发布
2026-05-18 11:00:43,448 [INFO] ✓ 第18章《死涧》发布完成
2026-05-18 11:00:46,454 [INFO] 正在发布: 第19章 钓蛟
2026-05-18 11:00:54,796 [INFO]   当前URL: https://fanqienovel.com/main/writer/7639950067528387646/publish/7641061415121322558
2026-05-18 11:00:54,936 [INFO]   第1次检查，可见按钮: ['存草稿', '下一步']
2026-05-18 11:00:55,458 [INFO]   页面 HTML 已保存: /Users/vincent/Documents/小说模型/自动化/日志/debug/page_html_19.html
2026-05-18 11:00:55,458 [INFO] 填充发布表单...
2026-05-18 11:00:56,263 [INFO]   章节号已填入: 19
2026-05-18 11:00:57,024 [INFO]   标题已填入: 钓蛟
2026-05-18 11:00:57,073 [INFO]   正文已注入 (3171 字)
2026-05-18 11:01:03,226 [INFO]   已点击: 下一步
2026-05-18 11:01:09,231 [INFO] 等待下一步后的弹窗...
2026-05-18 11:01:12,267 [INFO]   已点击: 提交
2026-05-18 11:01:15,310 [INFO]   已点击: 全面检测
2026-05-18 11:01:18,316 [INFO] 等待内容检测完成...
2026-05-18 11:01:18,450 [INFO]   第1次检查，可见按钮: ['存草稿', '下一步', '取消', '确认发布']
2026-05-18 11:01:18,870 [INFO]   第1次检查，可见按钮: ['存草稿', '下一步', '取消', '确认发布']
2026-05-18 11:01:18,870 [INFO]   发布设置弹窗按钮: ['存草稿', '下一步', '取消', '确认发布']
2026-05-18 11:01:19,148 [INFO]   AI 声明已勾选 (fallback)
2026-05-18 11:01:19,857 [INFO]   已点击: 确认发布
2026-05-18 11:01:23,862 [INFO] ✓ 第19章《钓蛟》发布完成
2026-05-18 11:01:26,868 [INFO] 正在发布: 第20章 警报
2026-05-18 11:01:35,220 [INFO]   当前URL: https://fanqienovel.com/main/writer/7639950067528387646/publish/7641061588526449214
2026-05-18 11:01:35,316 [INFO]   第1次检查，可见按钮: ['存草稿', '下一步']
2026-05-18 11:01:35,999 [INFO]   页面 HTML 已保存: /Users/vincent/Documents/小说模型/自动化/日志/debug/page_html_20.html
2026-05-18 11:01:35,999 [INFO] 填充发布表单...
2026-05-18 11:01:36,792 [INFO]   章节号已填入: 20
2026-05-18 11:01:37,522 [INFO]   标题已填入: 警报
2026-05-18 11:01:37,567 [INFO]   正文已注入 (3274 字)
2026-05-18 11:01:43,629 [INFO]   已点击: 下一步
2026-05-18 11:01:49,633 [INFO] 等待下一步后的弹窗...
2026-05-18 11:01:55,780 [INFO]   已点击: 全面检测
2026-05-18 11:01:58,782 [INFO] 等待内容检测完成...
2026-05-18 11:01:58,940 [INFO]   第1次检查，可见按钮: ['存草稿', '下一步', '取消', '确认发布']
2026-05-18 11:01:59,173 [INFO]   第1次检查，可见按钮: ['存草稿', '下一步', '取消', '确认发布']
2026-05-18 11:01:59,174 [INFO]   发布设置弹窗按钮: ['存草稿', '下一步', '取消', '确认发布']
2026-05-18 11:01:59,421 [INFO]   AI 声明已勾选 (fallback)
2026-05-18 11:02:00,071 [INFO]   已点击: 确认发布
2026-05-18 11:02:04,075 [INFO] ✓ 第20章《警报》发布完成
2026-05-18 11:02:07,083 [INFO] 正在发布: 第21章 青峦城
2026-05-18 11:02:15,423 [INFO]   当前URL: https://fanqienovel.com/main/writer/7639950067528387646/publish/7641061761637958206
2026-05-18 11:02:15,553 [INFO]   第1次检查，可见按钮: ['存草稿', '下一步']
2026-05-18 11:02:16,434 [INFO]   页面 HTML 已保存: /Users/vincent/Documents/小说模型/自动化/日志/debug/page_html_21.html
2026-05-18 11:02:16,434 [INFO] 填充发布表单...
2026-05-18 11:02:17,382 [INFO]   章节号已填入: 21
2026-05-18 11:02:18,111 [INFO]   标题已填入: 青峦城
2026-05-18 11:02:18,152 [INFO]   正文已注入 (2800 字)
2026-05-18 11:02:24,293 [INFO]   已点击: 下一步
2026-05-18 11:02:30,294 [INFO] 等待下一步后的弹窗...
2026-05-18 11:02:33,341 [INFO]   已点击: 提交
2026-05-18 11:02:36,382 [INFO]   已点击: 全面检测
2026-05-18 11:02:39,387 [INFO] 等待内容检测完成...
2026-05-18 11:02:39,553 [INFO]   第1次检查，可见按钮: ['存草稿', '下一步', '取消', '确认发布']
2026-05-18 11:02:40,146 [INFO]   第1次检查，可见按钮: ['存草稿', '下一步', '取消', '确认发布']
2026-05-18 11:02:40,146 [INFO]   发布设置弹窗按钮: ['存草稿', '下一步', '取消', '确认发布']
2026-05-18 11:02:40,429 [INFO]   AI 声明已勾选 (fallback)
2026-05-18 11:02:41,080 [INFO]   已点击: 确认发布
2026-05-18 11:02:45,085 [INFO] ✓ 第21章《青峦城》发布完成
2026-05-18 11:02:48,092 [INFO] 正在发布: 第22章 闭关
2026-05-18 11:02:56,495 [INFO]   当前URL: https://fanqienovel.com/main/writer/7639950067528387646/publish/7641061937576428094
2026-05-18 11:02:56,606 [INFO]   第1次检查，可见按钮: ['存草稿', '下一步']
2026-05-18 11:02:57,352 [INFO]   页面 HTML 已保存: /Users/vincent/Documents/小说模型/自动化/日志/debug/page_html_22.html
2026-05-18 11:02:57,352 [INFO] 填充发布表单...
2026-05-18 11:02:58,158 [INFO]   章节号已填入: 22
2026-05-18 11:02:58,898 [INFO]   标题已填入: 闭关
2026-05-18 11:02:58,942 [INFO]   正文已注入 (1972 字)
2026-05-18 11:03:04,996 [INFO]   已点击: 下一步
2026-05-18 11:03:11,001 [INFO] 等待下一步后的弹窗...
2026-05-18 11:03:14,051 [INFO]   已点击: 提交
2026-05-18 11:03:17,086 [INFO]   已点击: 全面检测
2026-05-18 11:03:20,089 [INFO] 等待内容检测完成...
2026-05-18 11:03:20,235 [INFO]   第1次检查，可见按钮: ['存草稿', '下一步', '取消', '确认发布']
2026-05-18 11:03:20,638 [INFO]   第1次检查，可见按钮: ['存草稿', '下一步', '取消', '确认发布']
2026-05-18 11:03:20,638 [INFO]   发布设置弹窗按钮: ['存草稿', '下一步', '取消', '确认发布']
2026-05-18 11:03:20,886 [INFO]   AI 声明已勾选 (fallback)
2026-05-18 11:03:21,533 [INFO]   已点击: 确认发布
2026-05-18 11:03:25,536 [INFO] ✓ 第22章《闭关》发布完成
2026-05-18 11:03:28,921 [INFO] 浏览器已关闭
