2026-05-19 10:33:21,325 [INFO] 加载配置: 发布配置-万古神龙.yaml
2026-05-19 10:33:21,329 [INFO] 当前项目: 万古神龙
2026-05-19 10:33:21,330 [INFO] 章节目录: /Users/vincent/Documents/小说模型/万古神龙：我的血脉全靠吞/执行/章节
2026-05-19 10:33:21,767 [INFO] Chrome 用户数据目录: /Users/vincent/Documents/小说模型/自动化/chrome_profiles/万古神龙（作品: 万古神龙：我的血脉全靠吞）
2026-05-19 10:33:21,767 [INFO] Chrome profile 锁文件已清理
2026-05-19 10:33:25,356 [INFO] Chrome 浏览器已启动（已登录模式）
2026-05-19 10:33:25,357 [INFO] 正在打开作家工作台...
2026-05-19 10:36:21,849 [INFO] 检测到登录成功
2026-05-19 10:36:21,850 [INFO] 正在发布: 第35章 赤甲
2026-05-19 10:36:30,225 [INFO]   当前URL: https://fanqienovel.com/main/writer/7639950067528387646/publish/7641183355471413822
2026-05-19 10:36:30,402 [INFO]   第1次检查，可见按钮: ['存草稿', '下一步']
2026-05-19 10:36:30,979 [INFO]   页面 HTML 已保存: /Users/vincent/Documents/小说模型/自动化/日志/debug/page_html_35.html
2026-05-19 10:36:30,980 [INFO] 填充发布表单...
2026-05-19 10:36:31,935 [INFO]   章节号已填入: 35
2026-05-19 10:36:32,664 [INFO]   标题已填入: 赤甲
2026-05-19 10:36:32,755 [INFO]   正文已注入 (2637 字)
2026-05-19 10:36:38,854 [INFO]   已点击: 下一步
2026-05-19 10:36:44,856 [INFO] 等待下一步后的弹窗...
2026-05-19 10:36:47,914 [INFO]   已点击: 提交
2026-05-19 10:36:50,992 [INFO]   已点击: 全面检测
2026-05-19 10:36:53,997 [INFO] 等待内容检测完成...
2026-05-19 10:36:54,151 [INFO]   第1次检查，可见按钮: ['存草稿', '下一步', '取消', '确认发布']
2026-05-19 10:36:54,366 [INFO]   第1次检查，可见按钮: ['存草稿', '下一步', '取消', '确认发布']
2026-05-19 10:36:54,367 [INFO]   发布设置弹窗按钮: ['存草稿', '下一步', '取消', '确认发布']
2026-05-19 10:36:54,635 [INFO]   AI 声明已勾选 (fallback)
2026-05-19 10:36:55,287 [INFO]   已点击: 确认发布
2026-05-19 10:36:59,293 [INFO] ✓ 第35章《赤甲》发布完成
2026-05-19 10:37:02,300 [INFO] 正在发布: 第36章 破冰
2026-05-19 10:37:10,688 [INFO]   当前URL: https://fanqienovel.com/main/writer/7639950067528387646/publish/7641426384866247193
2026-05-19 10:37:10,862 [INFO]   第1次检查，可见按钮: ['存草稿', '下一步', '下一步']
2026-05-19 10:37:11,521 [INFO]   页面 HTML 已保存: /Users/vincent/Documents/小说模型/自动化/日志/debug/page_html_36.html
2026-05-19 10:37:11,521 [INFO] 填充发布表单...
2026-05-19 10:37:12,427 [INFO]   章节号已填入: 36
2026-05-19 10:37:13,152 [INFO]   标题已填入: 破冰
2026-05-19 10:37:13,196 [INFO]   正文已注入 (2595 字)
2026-05-19 10:37:19,263 [INFO]   已点击: 下一步
2026-05-19 10:37:25,267 [INFO] 等待下一步后的弹窗...
2026-05-19 10:37:28,319 [INFO]   已点击: 提交
2026-05-19 10:37:31,369 [INFO]   已点击: 全面检测
2026-05-19 10:37:34,373 [INFO] 等待内容检测完成...
2026-05-19 10:37:34,535 [INFO]   第1次检查，可见按钮: ['存草稿', '下一步', '取消', '确认发布']
2026-05-19 10:37:34,970 [INFO]   第1次检查，可见按钮: ['存草稿', '下一步', '取消', '确认发布']
2026-05-19 10:37:34,970 [INFO]   发布设置弹窗按钮: ['存草稿', '下一步', '取消', '确认发布']
2026-05-19 10:37:35,315 [INFO]   AI 声明已勾选 (fallback)
2026-05-19 10:37:35,967 [INFO]   已点击: 确认发布
2026-05-19 10:37:39,971 [INFO] ✓ 第36章《破冰》发布完成
2026-05-19 10:37:42,985 [INFO] 正在发布: 第37章 凤羽帖
2026-05-19 10:37:51,469 [INFO]   当前URL: https://fanqienovel.com/main/writer/7639950067528387646/publish/7641426559429313049
2026-05-19 10:37:51,626 [INFO]   第1次检查，可见按钮: ['存草稿', '下一步', '下一步']
2026-05-19 10:37:52,425 [INFO]   页面 HTML 已保存: /Users/vincent/Documents/小说模型/自动化/日志/debug/page_html_37.html
2026-05-19 10:37:52,425 [INFO] 填充发布表单...
2026-05-19 10:37:53,295 [INFO]   章节号已填入: 37
2026-05-19 10:37:54,066 [INFO]   标题已填入: 凤羽帖
2026-05-19 10:37:54,133 [INFO]   正文已注入 (3050 字)
2026-05-19 10:38:00,193 [INFO]   已点击: 下一步
2026-05-19 10:38:06,198 [INFO] 等待下一步后的弹窗...
2026-05-19 10:38:09,256 [INFO]   已点击: 提交
2026-05-19 10:38:12,303 [INFO]   已点击: 全面检测
2026-05-19 10:38:15,308 [INFO] 等待内容检测完成...
2026-05-19 10:38:15,454 [INFO]   第1次检查，可见按钮: ['存草稿', '下一步', '取消', '确认发布']
2026-05-19 10:38:15,819 [INFO]   第1次检查，可见按钮: ['存草稿', '下一步', '取消', '确认发布']
2026-05-19 10:38:15,819 [INFO]   发布设置弹窗按钮: ['存草稿', '下一步', '取消', '确认发布']
2026-05-19 10:38:16,115 [INFO]   AI 声明已勾选 (fallback)
2026-05-19 10:38:16,768 [INFO]   已点击: 确认发布
2026-05-19 10:38:20,773 [INFO] ✓ 第37章《凤羽帖》发布完成
2026-05-19 10:38:23,779 [INFO] 正在发布: 第38章 问剑
2026-05-19 10:38:32,174 [INFO]   当前URL: https://fanqienovel.com/main/writer/7639950067528387646/publish/7641426733849133593
2026-05-19 10:38:32,285 [INFO]   第1次检查，可见按钮: ['存草稿', '下一步', '下一步']
2026-05-19 10:38:33,063 [INFO]   页面 HTML 已保存: /Users/vincent/Documents/小说模型/自动化/日志/debug/page_html_38.html
2026-05-19 10:38:33,063 [INFO] 填充发布表单...
2026-05-19 10:38:33,925 [INFO]   章节号已填入: 38
2026-05-19 10:38:34,645 [INFO]   标题已填入: 问剑
2026-05-19 10:38:34,689 [INFO]   正文已注入 (2759 字)
2026-05-19 10:38:40,747 [INFO]   已点击: 下一步
2026-05-19 10:38:46,751 [INFO] 等待下一步后的弹窗...
2026-05-19 10:38:49,799 [INFO]   已点击: 提交
2026-05-19 10:38:52,839 [INFO]   已点击: 全面检测
2026-05-19 10:38:55,857 [INFO] 等待内容检测完成...
2026-05-19 10:38:56,082 [INFO]   第1次检查，可见按钮: ['存草稿', '下一步', '取消', '确认发布']
2026-05-19 10:38:56,626 [INFO]   第1次检查，可见按钮: ['存草稿', '下一步', '取消', '确认发布']
2026-05-19 10:38:56,626 [INFO]   发布设置弹窗按钮: ['存草稿', '下一步', '取消', '确认发布']
2026-05-19 10:38:57,018 [INFO]   AI 声明已勾选 (fallback)
2026-05-19 10:38:57,664 [INFO]   已点击: 确认发布
2026-05-19 10:39:01,669 [INFO] ✓ 第38章《问剑》发布完成
2026-05-19 10:39:04,676 [INFO] 正在发布: 第39章 龙骨
2026-05-19 10:39:13,026 [INFO]   当前URL: https://fanqienovel.com/main/writer/7639950067528387646/publish/7641426909636608537
2026-05-19 10:39:13,255 [INFO]   第1次检查，可见按钮: ['存草稿', '下一步', '下一步']
2026-05-19 10:39:14,257 [INFO]   页面 HTML 已保存: /Users/vincent/Documents/小说模型/自动化/日志/debug/page_html_39.html
2026-05-19 10:39:14,258 [INFO] 填充发布表单...
2026-05-19 10:39:15,209 [INFO]   章节号已填入: 39
2026-05-19 10:39:16,008 [INFO]   标题已填入: 龙骨
2026-05-19 10:39:16,128 [INFO]   正文已注入 (2883 字)
2026-05-19 10:39:22,181 [INFO]   已点击: 下一步
2026-05-19 10:39:28,184 [INFO] 等待下一步后的弹窗...
2026-05-19 10:39:34,312 [INFO]   已点击: 全面检测
2026-05-19 10:39:37,316 [INFO] 等待内容检测完成...
2026-05-19 10:39:37,467 [INFO]   第1次检查，可见按钮: ['存草稿', '下一步', '取消', '确认发布']
2026-05-19 10:39:38,196 [INFO]   第1次检查，可见按钮: ['存草稿', '下一步', '取消', '确认发布']
2026-05-19 10:39:38,196 [INFO]   发布设置弹窗按钮: ['存草稿', '下一步', '取消', '确认发布']
2026-05-19 10:39:38,537 [INFO]   AI 声明已勾选 (fallback)
2026-05-19 10:39:39,192 [INFO]   已点击: 确认发布
2026-05-19 10:39:43,197 [INFO] ✓ 第39章《龙骨》发布完成
2026-05-19 10:39:46,203 [INFO] 正在发布: 第40章 狻猊
2026-05-19 10:39:56,025 [INFO]   当前URL: https://fanqienovel.com/main/writer/7639950067528387646/publish/
2026-05-19 10:39:56,037 [INFO]   第1次检查，可见按钮: []
2026-05-19 10:40:06,054 [INFO]   第2次检查，可见按钮: []
2026-05-19 10:40:16,066 [INFO]   第3次检查，可见按钮: []
2026-05-19 10:40:26,081 [INFO]   第4次检查，可见按钮: []
2026-05-19 10:40:36,096 [INFO]   第5次检查，可见按钮: []
2026-05-19 10:40:46,108 [INFO]   第6次检查，可见按钮: []
2026-05-19 10:40:56,111 [WARNING] 「下一步」未出现，重定向到管理页，点击「创建章节」...
2026-05-19 10:41:04,440 [INFO]   第1次检查，可见按钮: ['存草稿', '下一步', '下一步']
2026-05-19 10:41:05,226 [INFO]   页面 HTML 已保存: /Users/vincent/Documents/小说模型/自动化/日志/debug/page_html_40.html
2026-05-19 10:41:05,226 [INFO] 填充发布表单...
2026-05-19 10:41:06,374 [INFO]   章节号已填入: 40
2026-05-19 10:41:07,127 [INFO]   标题已填入: 狻猊
2026-05-19 10:41:07,168 [INFO]   正文已注入 (2873 字)
2026-05-19 10:41:13,194 [ERROR] 点击「下一步」失败
2026-05-19 10:41:16,207 [INFO] 正在发布: 第41章 兽夹
2026-05-19 10:41:25,262 [INFO]   当前URL: https://fanqienovel.com/main/writer/book-manage
2026-05-19 10:41:25,327 [INFO]   第1次检查，可见按钮: ['作品相关', '章节管理', '创建章节']
2026-05-19 10:41:35,375 [INFO]   第2次检查，可见按钮: ['设置', '编辑分卷', '新建章节']
2026-05-19 10:41:45,397 [INFO]   第3次检查，可见按钮: []
2026-05-19 10:41:55,505 [INFO]   第4次检查，可见按钮: ['作品相关', '章节管理', '创建章节']
2026-05-19 10:42:05,609 [INFO]   第5次检查，可见按钮: ['作品相关', '章节管理', '创建章节']
2026-05-19 10:42:15,744 [INFO]   第6次检查，可见按钮: ['设置', '编辑分卷', '新建章节']
2026-05-19 10:42:25,749 [WARNING] 「下一步」未出现，重定向到管理页，点击「创建章节」...
2026-05-19 10:42:33,838 [INFO]   切换到新标签页: https://fanqienovel.com/main/writer/7639950067528387646/publish/7641427477843149374?enter_from=newchapter
2026-05-19 10:42:34,054 [INFO]   第1次检查，可见按钮: ['存草稿', '下一步']
2026-05-19 10:42:34,643 [INFO]   页面 HTML 已保存: /Users/vincent/Documents/小说模型/自动化/日志/debug/page_html_41.html
2026-05-19 10:42:34,643 [INFO] 填充发布表单...
2026-05-19 10:42:35,511 [INFO]   章节号已填入: 41
2026-05-19 10:42:36,211 [INFO]   标题已填入: 兽夹
2026-05-19 10:42:36,241 [INFO]   正文已注入 (3189 字)
2026-05-19 10:42:42,264 [ERROR] 点击「下一步」失败
2026-05-19 10:42:45,270 [INFO] 正在发布: 第42章 决赛
2026-05-19 10:42:53,801 [INFO]   当前URL: https://fanqienovel.com/main/writer/7639950067528387646/publish/7641427858061001278
2026-05-19 10:42:53,917 [INFO]   第1次检查，可见按钮: ['存草稿', '下一步', '下一步']
2026-05-19 10:42:54,719 [INFO]   页面 HTML 已保存: /Users/vincent/Documents/小说模型/自动化/日志/debug/page_html_42.html
2026-05-19 10:42:54,720 [INFO] 填充发布表单...
2026-05-19 10:42:54,723 [ERROR] 发布第42章时出错: Message: no such window: target window already closed
from unknown error: web view not found
  (Session info: chrome=147.0.7727.138)
Stacktrace:
0   chromedriver                        0x000000010827e5d8 chromedriver + 6821336
1   chromedriver                        0x0000000108275c5a chromedriver + 6786138
2   chromedriver                        0x0000000107c6b9d5 chromedriver + 453077
3   chromedriver                        0x0000000107c3ed18 chromedriver + 269592
4   chromedriver                        0x0000000107ceddd8 chromedriver + 986584
5   chromedriver                        0x0000000107d081f8 chromedriver + 1094136
6   chromedriver                        0x0000000107cb24b4 chromedriver + 742580
7   chromedriver                        0x0000000107cb3261 chromedriver + 746081
8   chromedriver                        0x00000001082361f7 chromedriver + 6525431
9   chromedriver                        0x000000010823a686 chromedriver + 6542982
10  chromedriver                        0x0000000108215efb chromedriver + 6393595
11  chromedriver                        0x000000010823b0f8 chromedriver + 6545656
12  chromedriver                        0x0000000108205440 chromedriver + 6325312
13  chromedriver                        0x0000000108262738 chromedriver + 6707000
14  chromedriver                        0x00000001082628f2 chromedriver + 6707442
15  chromedriver                        0x0000000108275871 chromedriver + 6785137
16  libsystem_pthread.dylib             0x00007ff81a2ffdf1 _pthread_start + 99
17  libsystem_pthread.dylib             0x00007ff81a2fb857 thread_start + 15

2026-05-19 10:42:57,726 [INFO] 正在发布: 第43章 退路
2026-05-19 10:42:57,728 [ERROR] 发布第43章时出错: Message: no such window: target window already closed
from unknown error: web view not found
  (Session info: chrome=147.0.7727.138)
Stacktrace:
0   chromedriver                        0x000000010827e5d8 chromedriver + 6821336
1   chromedriver                        0x0000000108275c5a chromedriver + 6786138
2   chromedriver                        0x0000000107c6b9d5 chromedriver + 453077
3   chromedriver                        0x0000000107c3ed18 chromedriver + 269592
4   chromedriver                        0x0000000107ceddd8 chromedriver + 986584
5   chromedriver                        0x0000000107d081f8 chromedriver + 1094136
6   chromedriver                        0x0000000107cb24b4 chromedriver + 742580
7   chromedriver                        0x0000000107cb3261 chromedriver + 746081
8   chromedriver                        0x00000001082361f7 chromedriver + 6525431
9   chromedriver                        0x000000010823a686 chromedriver + 6542982
10  chromedriver                        0x0000000108215efb chromedriver + 6393595
11  chromedriver                        0x000000010823b0f8 chromedriver + 6545656
12  chromedriver                        0x0000000108205440 chromedriver + 6325312
13  chromedriver                        0x0000000108262738 chromedriver + 6707000
14  chromedriver                        0x00000001082628f2 chromedriver + 6707442
15  chromedriver                        0x0000000108275871 chromedriver + 6785137
16  libsystem_pthread.dylib             0x00007ff81a2ffdf1 _pthread_start + 99
17  libsystem_pthread.dylib             0x00007ff81a2fb857 thread_start + 15

2026-05-19 10:43:00,733 [INFO] 正在发布: 第44章 梅下灯
2026-05-19 10:43:00,736 [ERROR] 发布第44章时出错: Message: no such window: target window already closed
from unknown error: web view not found
  (Session info: chrome=147.0.7727.138)
Stacktrace:
0   chromedriver                        0x000000010827e5d8 chromedriver + 6821336
1   chromedriver                        0x0000000108275c5a chromedriver + 6786138
2   chromedriver                        0x0000000107c6b9d5 chromedriver + 453077
3   chromedriver                        0x0000000107c3ed18 chromedriver + 269592
4   chromedriver                        0x0000000107ceddd8 chromedriver + 986584
5   chromedriver                        0x0000000107d081f8 chromedriver + 1094136
6   chromedriver                        0x0000000107cb24b4 chromedriver + 742580
7   chromedriver                        0x0000000107cb3261 chromedriver + 746081
8   chromedriver                        0x00000001082361f7 chromedriver + 6525431
9   chromedriver                        0x000000010823a686 chromedriver + 6542982
10  chromedriver                        0x0000000108215efb chromedriver + 6393595
11  chromedriver                        0x000000010823b0f8 chromedriver + 6545656
12  chromedriver                        0x0000000108205440 chromedriver + 6325312
13  chromedriver                        0x0000000108262738 chromedriver + 6707000
14  chromedriver                        0x00000001082628f2 chromedriver + 6707442
15  chromedriver                        0x0000000108275871 chromedriver + 6785137
16  libsystem_pthread.dylib             0x00007ff81a2ffdf1 _pthread_start + 99
17  libsystem_pthread.dylib             0x00007ff81a2fb857 thread_start + 15

2026-05-19 10:43:03,740 [INFO] 正在发布: 第45章 凤辇
2026-05-19 10:43:03,742 [ERROR] 发布第45章时出错: Message: no such window: target window already closed
from unknown error: web view not found
  (Session info: chrome=147.0.7727.138)
Stacktrace:
0   chromedriver                        0x000000010827e5d8 chromedriver + 6821336
1   chromedriver                        0x0000000108275c5a chromedriver + 6786138
2   chromedriver                        0x0000000107c6b9d5 chromedriver + 453077
3   chromedriver                        0x0000000107c3ed18 chromedriver + 269592
4   chromedriver                        0x0000000107ceddd8 chromedriver + 986584
5   chromedriver                        0x0000000107d081f8 chromedriver + 1094136
6   chromedriver                        0x0000000107cb24b4 chromedriver + 742580
7   chromedriver                        0x0000000107cb3261 chromedriver + 746081
8   chromedriver                        0x00000001082361f7 chromedriver + 6525431
9   chromedriver                        0x000000010823a686 chromedriver + 6542982
10  chromedriver                        0x0000000108215efb chromedriver + 6393595
11  chromedriver                        0x000000010823b0f8 chromedriver + 6545656
12  chromedriver                        0x0000000108205440 chromedriver + 6325312
13  chromedriver                        0x0000000108262738 chromedriver + 6707000
14  chromedriver                        0x00000001082628f2 chromedriver + 6707442
15  chromedriver                        0x0000000108275871 chromedriver + 6785137
16  libsystem_pthread.dylib             0x00007ff81a2ffdf1 _pthread_start + 99
17  libsystem_pthread.dylib             0x00007ff81a2fb857 thread_start + 15

