2026-05-18 16:10:24,000 [INFO] 加载配置: 发布配置.yaml
2026-05-18 16:10:24,003 [INFO] 章节目录: /Users/vincent/Documents/小说模型/全球灾变：我的AI能自动升级/执行/章节
2026-05-18 16:10:24,362 [INFO] Chrome profile 锁文件已清理
2026-05-18 16:10:28,357 [INFO] Chrome 浏览器已启动（已登录模式）
2026-05-18 16:10:28,361 [INFO] 正在打开作家工作台...
2026-05-18 16:10:36,304 [INFO] 已进入作家工作台
2026-05-18 16:10:36,306 [INFO] 正在发布: 第3章 第一次托管
2026-05-18 16:10:44,736 [INFO]   当前URL: None
2026-05-18 16:10:44,738 [ERROR] 发布第3章时出错: Message: no such window: target window already closed
from unknown error: web view not found
  (Session info: chrome=147.0.7727.138)
Stacktrace:
0   chromedriver                        0x000000010d6855d8 chromedriver + 6821336
1   chromedriver                        0x000000010d67cc5a chromedriver + 6786138
2   chromedriver                        0x000000010d0729d5 chromedriver + 453077
3   chromedriver                        0x000000010d045d18 chromedriver + 269592
4   chromedriver                        0x000000010d0f4dd8 chromedriver + 986584
5   chromedriver                        0x000000010d10f1f8 chromedriver + 1094136
6   chromedriver                        0x000000010d0b94b4 chromedriver + 742580
7   chromedriver                        0x000000010d0ba261 chromedriver + 746081
8   chromedriver                        0x000000010d63d1f7 chromedriver + 6525431
9   chromedriver                        0x000000010d641686 chromedriver + 6542982
10  chromedriver                        0x000000010d61cefb chromedriver + 6393595
11  chromedriver                        0x000000010d6420f8 chromedriver + 6545656
12  chromedriver                        0x000000010d60c440 chromedriver + 6325312
13  chromedriver                        0x000000010d669738 chromedriver + 6707000
14  chromedriver                        0x000000010d6698f2 chromedriver + 6707442
15  chromedriver                        0x000000010d67c871 chromedriver + 6785137
16  libsystem_pthread.dylib             0x00007ff81a2ffdf1 _pthread_start + 99
17  libsystem_pthread.dylib             0x00007ff81a2fb857 thread_start + 15

2026-05-18 16:10:47,744 [INFO] 正在发布: 第4章 运气太好
2026-05-18 16:10:47,747 [ERROR] 发布第4章时出错: Message: no such window: target window already closed
from unknown error: web view not found
  (Session info: chrome=147.0.7727.138)
Stacktrace:
0   chromedriver                        0x000000010d6855d8 chromedriver + 6821336
1   chromedriver                        0x000000010d67cc5a chromedriver + 6786138
2   chromedriver                        0x000000010d0729d5 chromedriver + 453077
3   chromedriver                        0x000000010d045d18 chromedriver + 269592
4   chromedriver                        0x000000010d0f4dd8 chromedriver + 986584
5   chromedriver                        0x000000010d10f1f8 chromedriver + 1094136
6   chromedriver                        0x000000010d0b94b4 chromedriver + 742580
7   chromedriver                        0x000000010d0ba261 chromedriver + 746081
8   chromedriver                        0x000000010d63d1f7 chromedriver + 6525431
9   chromedriver                        0x000000010d641686 chromedriver + 6542982
10  chromedriver                        0x000000010d61cefb chromedriver + 6393595
11  chromedriver                        0x000000010d6420f8 chromedriver + 6545656
12  chromedriver                        0x000000010d60c440 chromedriver + 6325312
13  chromedriver                        0x000000010d669738 chromedriver + 6707000
14  chromedriver                        0x000000010d6698f2 chromedriver + 6707442
15  chromedriver                        0x000000010d67c871 chromedriver + 6785137
16  libsystem_pthread.dylib             0x00007ff81a2ffdf1 _pthread_start + 99
17  libsystem_pthread.dylib             0x00007ff81a2fb857 thread_start + 15

2026-05-18 16:10:50,754 [INFO] 正在发布: 第5章 冰霜之下
2026-05-18 16:10:50,756 [ERROR] 发布第5章时出错: Message: no such window: target window already closed
from unknown error: web view not found
  (Session info: chrome=147.0.7727.138)
Stacktrace:
0   chromedriver                        0x000000010d6855d8 chromedriver + 6821336
1   chromedriver                        0x000000010d67cc5a chromedriver + 6786138
2   chromedriver                        0x000000010d0729d5 chromedriver + 453077
3   chromedriver                        0x000000010d045d18 chromedriver + 269592
4   chromedriver                        0x000000010d0f4dd8 chromedriver + 986584
5   chromedriver                        0x000000010d10f1f8 chromedriver + 1094136
6   chromedriver                        0x000000010d0b94b4 chromedriver + 742580
7   chromedriver                        0x000000010d0ba261 chromedriver + 746081
8   chromedriver                        0x000000010d63d1f7 chromedriver + 6525431
9   chromedriver                        0x000000010d641686 chromedriver + 6542982
10  chromedriver                        0x000000010d61cefb chromedriver + 6393595
11  chromedriver                        0x000000010d6420f8 chromedriver + 6545656
12  chromedriver                        0x000000010d60c440 chromedriver + 6325312
13  chromedriver                        0x000000010d669738 chromedriver + 6707000
14  chromedriver                        0x000000010d6698f2 chromedriver + 6707442
15  chromedriver                        0x000000010d67c871 chromedriver + 6785137
16  libsystem_pthread.dylib             0x00007ff81a2ffdf1 _pthread_start + 99
17  libsystem_pthread.dylib             0x00007ff81a2fb857 thread_start + 15

2026-05-18 16:10:53,760 [INFO] 正在发布: 第6章 第一颗糖
2026-05-18 16:10:53,762 [ERROR] 发布第6章时出错: Message: no such window: target window already closed
from unknown error: web view not found
  (Session info: chrome=147.0.7727.138)
Stacktrace:
0   chromedriver                        0x000000010d6855d8 chromedriver + 6821336
1   chromedriver                        0x000000010d67cc5a chromedriver + 6786138
2   chromedriver                        0x000000010d0729d5 chromedriver + 453077
3   chromedriver                        0x000000010d045d18 chromedriver + 269592
4   chromedriver                        0x000000010d0f4dd8 chromedriver + 986584
5   chromedriver                        0x000000010d10f1f8 chromedriver + 1094136
6   chromedriver                        0x000000010d0b94b4 chromedriver + 742580
7   chromedriver                        0x000000010d0ba261 chromedriver + 746081
8   chromedriver                        0x000000010d63d1f7 chromedriver + 6525431
9   chromedriver                        0x000000010d641686 chromedriver + 6542982
10  chromedriver                        0x000000010d61cefb chromedriver + 6393595
11  chromedriver                        0x000000010d6420f8 chromedriver + 6545656
12  chromedriver                        0x000000010d60c440 chromedriver + 6325312
13  chromedriver                        0x000000010d669738 chromedriver + 6707000
14  chromedriver                        0x000000010d6698f2 chromedriver + 6707442
15  chromedriver                        0x000000010d67c871 chromedriver + 6785137
16  libsystem_pthread.dylib             0x00007ff81a2ffdf1 _pthread_start + 99
17  libsystem_pthread.dylib             0x00007ff81a2fb857 thread_start + 15

2026-05-18 16:10:56,874 [INFO] 浏览器已关闭
