2026-05-21 14:53:39,393 [INFO] 加载配置: 发布配置-万古神龙.yaml
2026-05-21 14:53:39,396 [INFO] 当前项目: 万古神龙
2026-05-21 14:53:39,397 [INFO] 章节目录: /Users/vincent/Documents/小说模型/万古神龙：我的血脉全靠吞/执行/章节
2026-05-21 14:53:39,799 [INFO] Chrome 用户数据目录: /Users/vincent/Documents/小说模型/自动化/chrome_profiles/万古神龙（作品: 万古神龙：我的血脉全靠吞）
2026-05-21 14:53:39,799 [INFO] Chrome profile 锁文件已清理
2026-05-21 14:53:44,082 [INFO] Chrome 浏览器已启动（已登录模式）
2026-05-21 14:53:44,083 [INFO] 正在打开作家工作台...
2026-05-21 14:53:52,241 [INFO] 已进入作家工作台
2026-05-21 14:53:52,243 [INFO] 正在发布: 第1章 觉醒
2026-05-21 14:54:00,953 [INFO]   当前URL: https://fanqienovel.com/main/writer/7639950067528387646/publish/7642234749381001790
2026-05-21 14:54:01,688 [INFO]   第1次检查，可见按钮: ['存草稿', '下一步']
2026-05-21 14:54:03,880 [INFO]   页面 HTML 已保存: /Users/vincent/Documents/小说模型/自动化/日志/debug/page_html_1.html
2026-05-21 14:54:03,880 [INFO] 填充发布表单...
2026-05-21 14:54:04,904 [INFO]   章节号已填入: 1
2026-05-21 14:54:05,688 [INFO]   标题已填入: 觉醒
2026-05-21 14:54:05,771 [INFO]   正文已注入 (4502 字)
2026-05-21 14:54:11,834 [ERROR] 点击「下一步」失败
2026-05-21 14:54:14,851 [INFO] 正在发布: 第2章 噬脉诀
2026-05-21 14:54:14,852 [ERROR] 发布第2章时出错: Message: no such window: target window already closed
from unknown error: web view not found
  (Session info: chrome=148.0.7778.168)
Stacktrace:
0   chromedriver                        0x000000010f8ef5d8 chromedriver + 6821336
1   chromedriver                        0x000000010f8e6c5a chromedriver + 6786138
2   chromedriver                        0x000000010f2dc9d5 chromedriver + 453077
3   chromedriver                        0x000000010f2afd18 chromedriver + 269592
4   chromedriver                        0x000000010f35edd8 chromedriver + 986584
5   chromedriver                        0x000000010f3791f8 chromedriver + 1094136
6   chromedriver                        0x000000010f3234b4 chromedriver + 742580
7   chromedriver                        0x000000010f324261 chromedriver + 746081
8   chromedriver                        0x000000010f8a71f7 chromedriver + 6525431
9   chromedriver                        0x000000010f8ab686 chromedriver + 6542982
10  chromedriver                        0x000000010f886efb chromedriver + 6393595
11  chromedriver                        0x000000010f8ac0f8 chromedriver + 6545656
12  chromedriver                        0x000000010f876440 chromedriver + 6325312
13  chromedriver                        0x000000010f8d3738 chromedriver + 6707000
14  chromedriver                        0x000000010f8d38f2 chromedriver + 6707442
15  chromedriver                        0x000000010f8e6871 chromedriver + 6785137
16  libsystem_pthread.dylib             0x00007ff81a2ffdf1 _pthread_start + 99
17  libsystem_pthread.dylib             0x00007ff81a2fb857 thread_start + 15

2026-05-21 14:54:15,814 [WARNING] 用户中断
