2026-05-18 11:32:39,338 [INFO] 章节目录: /Users/vincent/Documents/小说模型/万古神龙：我的血脉全靠吞/执行/章节
2026-05-18 11:32:39,703 [INFO] Chrome profile 锁文件已清理
2026-05-18 11:32:41,789 [INFO] Chrome 浏览器已启动（已登录模式）
2026-05-18 11:32:41,789 [INFO] 正在打开作家工作台...
2026-05-18 11:32:47,959 [INFO] 已进入作家工作台
2026-05-18 11:32:47,960 [INFO] 正在发布: 第28章 散修
2026-05-18 11:32:56,748 [INFO]   当前URL: https://fanqienovel.com/main/writer/7639950067528387646/publish/7641069669880693310
2026-05-18 11:32:56,910 [INFO]   第1次检查，可见按钮: ['存草稿', '下一步']
2026-05-18 11:32:57,585 [INFO]   页面 HTML 已保存: /Users/vincent/Documents/小说模型/自动化/日志/debug/page_html_28.html
2026-05-18 11:32:57,585 [INFO] 填充发布表单...
2026-05-18 11:32:58,507 [INFO]   章节号已填入: 28
2026-05-18 11:32:59,376 [INFO]   标题已填入: 散修
2026-05-18 11:32:59,440 [INFO]   正文已注入 (2188 字)
2026-05-18 11:33:05,494 [INFO]   已点击: 下一步
2026-05-18 11:33:11,499 [INFO] 等待下一步后的弹窗...
2026-05-18 11:33:14,548 [INFO]   已点击: 提交
2026-05-18 11:33:17,602 [INFO]   已点击: 全面检测
2026-05-18 11:33:20,606 [INFO] 等待内容检测完成...
2026-05-18 11:33:20,757 [INFO]   第1次检查，可见按钮: ['存草稿', '下一步', '取消', '确认发布']
2026-05-18 11:33:21,171 [INFO]   第1次检查，可见按钮: ['存草稿', '下一步', '取消', '确认发布']
2026-05-18 11:33:21,172 [INFO]   发布设置弹窗按钮: ['存草稿', '下一步', '取消', '确认发布']
2026-05-18 11:33:21,408 [INFO]   AI 声明已勾选 (fallback)
2026-05-18 11:33:22,055 [INFO]   已点击: 确认发布
2026-05-18 11:33:26,060 [INFO] ✓ 第28章《散修》发布完成
2026-05-18 11:33:29,066 [INFO] 正在发布: 第29章 对峙
2026-05-18 11:33:37,430 [INFO]   当前URL: https://fanqienovel.com/main/writer/7639950067528387646/publish/7641069844414087742
2026-05-18 11:33:37,547 [INFO]   第1次检查，可见按钮: ['存草稿', '下一步']
2026-05-18 11:33:38,050 [INFO]   页面 HTML 已保存: /Users/vincent/Documents/小说模型/自动化/日志/debug/page_html_29.html
2026-05-18 11:33:38,050 [INFO] 填充发布表单...
2026-05-18 11:33:38,837 [INFO]   章节号已填入: 29
2026-05-18 11:33:39,616 [INFO]   标题已填入: 对峙
2026-05-18 11:33:39,657 [INFO]   正文已注入 (2008 字)
2026-05-18 11:33:45,746 [INFO]   已点击: 下一步
2026-05-18 11:33:51,751 [INFO] 等待下一步后的弹窗...
2026-05-18 11:33:54,784 [INFO]   已点击: 提交
2026-05-18 11:33:57,818 [INFO]   已点击: 全面检测
2026-05-18 11:34:00,823 [INFO] 等待内容检测完成...
2026-05-18 11:34:01,022 [INFO]   第1次检查，可见按钮: ['存草稿', '下一步', '取消', '确认发布']
2026-05-18 11:34:01,491 [INFO]   第1次检查，可见按钮: ['存草稿', '下一步', '取消', '确认发布']
2026-05-18 11:34:01,491 [INFO]   发布设置弹窗按钮: ['存草稿', '下一步', '取消', '确认发布']
2026-05-18 11:34:01,770 [INFO]   AI 声明已勾选 (fallback)
2026-05-18 11:34:02,422 [INFO]   已点击: 确认发布
2026-05-18 11:34:06,427 [INFO] ✓ 第29章《对峙》发布完成
2026-05-18 11:34:09,434 [INFO] 正在发布: 第30章 虎啸
2026-05-18 11:34:17,854 [INFO]   当前URL: https://fanqienovel.com/main/writer/7639950067528387646/publish/7641070017999536702
2026-05-18 11:34:17,963 [INFO]   第1次检查，可见按钮: ['存草稿', '下一步']
2026-05-18 11:34:18,460 [INFO]   页面 HTML 已保存: /Users/vincent/Documents/小说模型/自动化/日志/debug/page_html_30.html
2026-05-18 11:34:18,461 [INFO] 填充发布表单...
2026-05-18 11:34:19,247 [INFO]   章节号已填入: 30
2026-05-18 11:34:20,118 [INFO]   标题已填入: 虎啸
2026-05-18 11:34:20,281 [INFO]   正文已注入 (2567 字)
2026-05-18 11:34:26,346 [INFO]   已点击: 下一步
2026-05-18 11:34:32,349 [INFO] 等待下一步后的弹窗...
2026-05-18 11:34:35,396 [INFO]   已点击: 提交
2026-05-18 11:34:38,440 [INFO]   已点击: 全面检测
2026-05-18 11:34:41,444 [INFO] 等待内容检测完成...
2026-05-18 11:34:41,591 [INFO]   第1次检查，可见按钮: ['存草稿', '下一步', '取消', '确认发布']
2026-05-18 11:34:42,165 [INFO]   第1次检查，可见按钮: ['存草稿', '下一步', '取消', '确认发布']
2026-05-18 11:34:42,165 [INFO]   发布设置弹窗按钮: ['存草稿', '下一步', '取消', '确认发布']
2026-05-18 11:34:42,589 [INFO]   AI 声明已勾选 (fallback)
2026-05-18 11:34:43,246 [INFO]   已点击: 确认发布
2026-05-18 11:34:47,250 [INFO] ✓ 第30章《虎啸》发布完成
2026-05-18 11:34:50,258 [INFO] 正在发布: 第31章 夜灯
2026-05-18 11:34:58,720 [INFO]   当前URL: https://fanqienovel.com/main/writer/7639950067528387646/publish/7641070193493426750
2026-05-18 11:34:58,841 [INFO]   第1次检查，可见按钮: ['存草稿', '下一步']
2026-05-18 11:34:59,545 [INFO]   页面 HTML 已保存: /Users/vincent/Documents/小说模型/自动化/日志/debug/page_html_31.html
2026-05-18 11:34:59,546 [INFO] 填充发布表单...
2026-05-18 11:35:00,362 [INFO]   章节号已填入: 31
2026-05-18 11:35:01,126 [INFO]   标题已填入: 夜灯
2026-05-18 11:35:01,167 [INFO]   正文已注入 (3532 字)
2026-05-18 11:35:07,240 [INFO]   已点击: 下一步
2026-05-18 11:35:13,243 [INFO] 等待下一步后的弹窗...
2026-05-18 11:35:16,297 [INFO]   已点击: 提交
2026-05-18 11:35:19,350 [INFO]   已点击: 全面检测
2026-05-18 11:35:22,355 [INFO] 等待内容检测完成...
2026-05-18 11:35:22,513 [INFO]   第1次检查，可见按钮: ['存草稿', '下一步', '取消', '确认发布']
2026-05-18 11:35:23,013 [INFO]   第1次检查，可见按钮: ['存草稿', '下一步', '取消', '确认发布']
2026-05-18 11:35:23,013 [INFO]   发布设置弹窗按钮: ['存草稿', '下一步', '取消', '确认发布']
2026-05-18 11:35:23,289 [INFO]   AI 声明已勾选 (fallback)
2026-05-18 11:35:23,953 [INFO]   已点击: 确认发布
2026-05-18 11:35:27,957 [INFO] ✓ 第31章《夜灯》发布完成
2026-05-18 11:35:30,964 [INFO] 正在发布: 第32章 抽签
2026-05-18 11:35:39,319 [INFO]   当前URL: https://fanqienovel.com/main/writer/7639950067528387646/publish/7641070367787729470
2026-05-18 11:35:39,428 [INFO]   第1次检查，可见按钮: ['存草稿', '下一步']
2026-05-18 11:35:40,134 [INFO]   页面 HTML 已保存: /Users/vincent/Documents/小说模型/自动化/日志/debug/page_html_32.html
2026-05-18 11:35:40,135 [INFO] 填充发布表单...
2026-05-18 11:35:40,940 [INFO]   章节号已填入: 32
2026-05-18 11:35:41,656 [INFO]   标题已填入: 抽签
2026-05-18 11:35:41,725 [INFO]   正文已注入 (3048 字)
2026-05-18 11:35:47,811 [INFO]   已点击: 下一步
2026-05-18 11:35:53,816 [INFO] 等待下一步后的弹窗...
2026-05-18 11:35:56,858 [INFO]   已点击: 提交
2026-05-18 11:35:59,930 [INFO]   已点击: 全面检测
2026-05-18 11:36:02,933 [INFO] 等待内容检测完成...
2026-05-18 11:36:03,093 [INFO]   第1次检查，可见按钮: ['存草稿', '下一步', '取消', '确认发布']
2026-05-18 11:36:03,497 [INFO]   第1次检查，可见按钮: ['存草稿', '下一步', '取消', '确认发布']
2026-05-18 11:36:03,497 [INFO]   发布设置弹窗按钮: ['存草稿', '下一步', '取消', '确认发布']
2026-05-18 11:36:03,798 [INFO]   AI 声明已勾选 (fallback)
2026-05-18 11:36:04,555 [INFO]   已点击: 确认发布
2026-05-18 11:36:08,559 [INFO] ✓ 第32章《抽签》发布完成
2026-05-18 11:36:12,224 [INFO] 浏览器已关闭
