2026-05-22 12:19:15,847 [WARNING] 未找到项目配置 发布配置-全球灾变.yaml，使用默认配置
2026-05-22 12:19:15,847 [INFO] 加载配置: 发布配置.yaml
2026-05-22 12:19:15,850 [INFO] 当前项目: 全球灾变
2026-05-22 12:19:15,850 [INFO] 章节目录: /Users/vincent/Documents/小说模型/全球灾变：我的AI能自动升级/执行/章节
2026-05-22 12:19:16,182 [INFO] Chrome 用户数据目录: /Users/vincent/Documents/小说模型/自动化/chrome_profiles/全球灾变（作品: 全球灾变：我的AI能自动升级）
2026-05-22 12:19:16,182 [INFO] Chrome profile 锁文件已清理
2026-05-22 12:19:19,923 [INFO] Chrome 浏览器已启动（已登录模式）
2026-05-22 12:19:19,923 [INFO] 正在打开作家工作台...
2026-05-22 12:19:27,676 [INFO] 已进入作家工作台
2026-05-22 12:19:27,678 [INFO] 正在发布: 第42章 核心
2026-05-22 12:19:36,467 [INFO]   当前URL: https://fanqienovel.com/main/writer/7641137747754748990/publish/7642566036385972760
2026-05-22 12:19:36,648 [INFO]   第1次检查，可见按钮: ['存草稿', '下一步', '下一步']
2026-05-22 12:19:37,427 [INFO]   页面 HTML 已保存: /Users/vincent/Documents/小说模型/自动化/日志/debug/page_html_42.html
2026-05-22 12:19:37,427 [INFO] 填充发布表单...
2026-05-22 12:19:38,398 [INFO]   章节号已填入: 42
2026-05-22 12:19:39,118 [INFO]   标题已填入: 核心
2026-05-22 12:19:39,190 [INFO]   正文已注入 (3832 字)
2026-05-22 12:19:45,243 [INFO]   已点击: 下一步
2026-05-22 12:19:51,248 [INFO] 等待下一步后的弹窗...
2026-05-22 12:19:54,292 [INFO]   已点击: 提交
2026-05-22 12:19:57,334 [INFO]   已点击: 全面检测
2026-05-22 12:20:00,337 [INFO] 等待内容检测完成...
2026-05-22 12:20:00,546 [INFO]   第1次检查，可见按钮: ['存草稿', '下一步', '取消', '确认发布']
2026-05-22 12:20:00,858 [INFO]   第1次检查，可见按钮: ['存草稿', '下一步', '取消', '确认发布']
2026-05-22 12:20:00,858 [INFO]   发布设置弹窗按钮: ['存草稿', '下一步', '取消', '确认发布']
2026-05-22 12:20:01,224 [INFO]   AI 声明已勾选 (fallback)
2026-05-22 12:20:01,872 [INFO]   已点击: 确认发布
2026-05-22 12:20:05,877 [INFO] ✓ 第42章《核心》发布完成
2026-05-22 12:20:08,883 [INFO] 正在发布: 第43章 反杀
2026-05-22 12:20:17,275 [INFO]   当前URL: https://fanqienovel.com/main/writer/7641137747754748990/publish/7642566212257317400
2026-05-22 12:20:17,410 [INFO]   第1次检查，可见按钮: ['存草稿', '下一步', '下一步']
2026-05-22 12:20:17,962 [INFO]   页面 HTML 已保存: /Users/vincent/Documents/小说模型/自动化/日志/debug/page_html_43.html
2026-05-22 12:20:17,962 [INFO] 填充发布表单...
2026-05-22 12:20:18,771 [INFO]   章节号已填入: 43
2026-05-22 12:20:19,530 [INFO]   标题已填入: 反杀
2026-05-22 12:20:19,592 [INFO]   正文已注入 (3900 字)
2026-05-22 12:20:25,645 [INFO]   已点击: 下一步
2026-05-22 12:20:31,649 [INFO] 等待下一步后的弹窗...
2026-05-22 12:20:34,685 [INFO]   已点击: 提交
2026-05-22 12:20:37,726 [INFO]   已点击: 全面检测
2026-05-22 12:20:40,730 [INFO] 等待内容检测完成...
2026-05-22 12:20:40,889 [INFO]   第1次检查，可见按钮: ['存草稿', '下一步', '取消', '确认发布']
2026-05-22 12:20:41,188 [INFO]   第1次检查，可见按钮: ['存草稿', '下一步', '取消', '确认发布']
2026-05-22 12:20:41,188 [INFO]   发布设置弹窗按钮: ['存草稿', '下一步', '取消', '确认发布']
2026-05-22 12:20:41,518 [INFO]   AI 声明已勾选 (fallback)
2026-05-22 12:20:42,198 [INFO]   已点击: 确认发布
2026-05-22 12:20:46,203 [INFO] ✓ 第43章《反杀》发布完成
2026-05-22 12:20:49,208 [INFO] 正在发布: 第44章 逻辑篡改
2026-05-22 12:20:57,565 [INFO]   当前URL: https://fanqienovel.com/main/writer/7641137747754748990/publish/7642566384701932056
2026-05-22 12:20:57,697 [INFO]   第1次检查，可见按钮: ['存草稿', '下一步', '下一步']
2026-05-22 12:20:58,415 [INFO]   页面 HTML 已保存: /Users/vincent/Documents/小说模型/自动化/日志/debug/page_html_44.html
2026-05-22 12:20:58,415 [INFO] 填充发布表单...
2026-05-22 12:20:59,256 [INFO]   章节号已填入: 44
2026-05-22 12:20:59,995 [INFO]   标题已填入: 逻辑篡改
2026-05-22 12:21:00,048 [INFO]   正文已注入 (5229 字)
2026-05-22 12:21:06,110 [INFO]   已点击: 下一步
2026-05-22 12:21:12,114 [INFO] 等待下一步后的弹窗...
2026-05-22 12:21:18,207 [INFO]   已点击: 全面检测
2026-05-22 12:21:21,213 [INFO] 等待内容检测完成...
2026-05-22 12:21:21,392 [INFO]   第1次检查，可见按钮: ['存草稿', '下一步', '取消', '确认发布']
2026-05-22 12:21:21,805 [INFO]   第1次检查，可见按钮: ['存草稿', '下一步', '取消', '确认发布']
2026-05-22 12:21:21,806 [INFO]   发布设置弹窗按钮: ['存草稿', '下一步', '取消', '确认发布']
2026-05-22 12:21:22,807 [INFO]   AI 声明已勾选 (fallback)
2026-05-22 12:21:23,459 [INFO]   已点击: 确认发布
2026-05-22 12:21:27,461 [INFO] ✓ 第44章《逻辑篡改》发布完成
2026-05-22 12:21:30,467 [INFO] 正在发布: 第45章 数据入侵
2026-05-22 12:21:38,853 [INFO]   当前URL: https://fanqienovel.com/main/writer/7641137747754748990/publish/7642566561227620888
2026-05-22 12:21:39,038 [INFO]   第1次检查，可见按钮: ['存草稿', '下一步', '下一步']
2026-05-22 12:21:39,950 [INFO]   页面 HTML 已保存: /Users/vincent/Documents/小说模型/自动化/日志/debug/page_html_45.html
2026-05-22 12:21:39,950 [INFO] 填充发布表单...
2026-05-22 12:21:40,751 [INFO]   章节号已填入: 45
2026-05-22 12:21:41,524 [INFO]   标题已填入: 数据入侵
2026-05-22 12:21:41,581 [INFO]   正文已注入 (5462 字)
2026-05-22 12:21:47,655 [INFO]   已点击: 下一步
2026-05-22 12:21:53,660 [INFO] 等待下一步后的弹窗...
2026-05-22 12:21:56,698 [INFO]   已点击: 提交
2026-05-22 12:21:59,741 [INFO]   已点击: 全面检测
2026-05-22 12:22:02,745 [INFO] 等待内容检测完成...
2026-05-22 12:22:02,910 [INFO]   第1次检查，可见按钮: ['存草稿', '下一步', '取消', '确认发布']
2026-05-22 12:22:03,227 [INFO]   第1次检查，可见按钮: ['存草稿', '下一步', '取消', '确认发布']
2026-05-22 12:22:03,227 [INFO]   发布设置弹窗按钮: ['存草稿', '下一步', '取消', '确认发布']
2026-05-22 12:22:03,923 [INFO]   AI 声明已勾选 (fallback)
2026-05-22 12:22:04,583 [INFO]   已点击: 确认发布
2026-05-22 12:22:08,587 [INFO] ✓ 第45章《数据入侵》发布完成
2026-05-22 12:22:11,593 [INFO] 正在发布: 第46章 绝境升级
2026-05-22 12:22:20,002 [INFO]   当前URL: https://fanqienovel.com/main/writer/7641137747754748990/publish/7642566737665212952
2026-05-22 12:22:20,144 [INFO]   第1次检查，可见按钮: ['存草稿', '下一步', '下一步']
2026-05-22 12:22:20,677 [INFO]   页面 HTML 已保存: /Users/vincent/Documents/小说模型/自动化/日志/debug/page_html_46.html
2026-05-22 12:22:20,677 [INFO] 填充发布表单...
2026-05-22 12:22:21,464 [INFO]   章节号已填入: 46
2026-05-22 12:22:22,230 [INFO]   标题已填入: 绝境升级
2026-05-22 12:22:22,280 [INFO]   正文已注入 (5800 字)
2026-05-22 12:22:28,333 [INFO]   已点击: 下一步
2026-05-22 12:22:34,337 [INFO] 等待下一步后的弹窗...
2026-05-22 12:22:37,373 [INFO]   已点击: 提交
2026-05-22 12:22:40,413 [INFO]   已点击: 全面检测
2026-05-22 12:22:43,418 [INFO] 等待内容检测完成...
2026-05-22 12:22:43,581 [INFO]   第1次检查，可见按钮: ['存草稿', '下一步', '取消', '确认发布']
2026-05-22 12:22:43,878 [INFO]   第1次检查，可见按钮: ['存草稿', '下一步', '取消', '确认发布']
2026-05-22 12:22:43,879 [INFO]   发布设置弹窗按钮: ['存草稿', '下一步', '取消', '确认发布']
2026-05-22 12:22:44,197 [INFO]   AI 声明已勾选 (fallback)
2026-05-22 12:22:44,846 [INFO]   已点击: 确认发布
2026-05-22 12:22:48,849 [INFO] ✓ 第46章《绝境升级》发布完成
2026-05-22 12:22:51,856 [INFO] 正在发布: 第47章 数据碾压
2026-05-22 12:23:00,244 [INFO]   当前URL: https://fanqienovel.com/main/writer/7641137747754748990/publish/7642566911040946712
2026-05-22 12:23:00,403 [INFO]   第1次检查，可见按钮: ['存草稿', '下一步', '下一步']
2026-05-22 12:23:00,956 [INFO]   页面 HTML 已保存: /Users/vincent/Documents/小说模型/自动化/日志/debug/page_html_47.html
2026-05-22 12:23:00,956 [INFO] 填充发布表单...
2026-05-22 12:23:01,912 [INFO]   章节号已填入: 47
2026-05-22 12:23:02,659 [INFO]   标题已填入: 数据碾压
2026-05-22 12:23:02,710 [INFO]   正文已注入 (5666 字)
2026-05-22 12:23:08,758 [INFO]   已点击: 下一步
2026-05-22 12:23:14,763 [INFO] 等待下一步后的弹窗...
2026-05-22 12:23:20,849 [INFO]   已点击: 全面检测
2026-05-22 12:23:23,854 [INFO] 等待内容检测完成...
2026-05-22 12:23:24,040 [INFO]   第1次检查，可见按钮: ['存草稿', '下一步', '取消', '确认发布']
2026-05-22 12:23:24,378 [INFO]   第1次检查，可见按钮: ['存草稿', '下一步', '取消', '确认发布']
2026-05-22 12:23:24,378 [INFO]   发布设置弹窗按钮: ['存草稿', '下一步', '取消', '确认发布']
2026-05-22 12:23:25,063 [INFO]   AI 声明已勾选 (fallback)
2026-05-22 12:23:25,721 [INFO]   已点击: 确认发布
2026-05-22 12:23:29,725 [INFO] ✓ 第47章《数据碾压》发布完成
2026-05-22 12:23:32,732 [INFO] 正在发布: 第48章 数据具现
2026-05-22 12:23:41,255 [INFO]   当前URL: https://fanqienovel.com/main/writer/7641137747754748990/publish/7642567086404796952
2026-05-22 12:23:41,398 [INFO]   第1次检查，可见按钮: ['存草稿', '下一步', '下一步']
2026-05-22 12:23:42,004 [INFO]   页面 HTML 已保存: /Users/vincent/Documents/小说模型/自动化/日志/debug/page_html_48.html
2026-05-22 12:23:42,004 [INFO] 填充发布表单...
2026-05-22 12:23:42,835 [INFO]   章节号已填入: 48
2026-05-22 12:23:43,585 [INFO]   标题已填入: 数据具现
2026-05-22 12:23:43,640 [INFO]   正文已注入 (4825 字)
2026-05-22 12:23:49,691 [INFO]   已点击: 下一步
2026-05-22 12:23:55,697 [INFO] 等待下一步后的弹窗...
2026-05-22 12:23:58,737 [INFO]   已点击: 提交
2026-05-22 12:24:01,778 [INFO]   已点击: 全面检测
2026-05-22 12:24:04,782 [INFO] 等待内容检测完成...
2026-05-22 12:24:04,933 [INFO]   第1次检查，可见按钮: ['存草稿', '下一步', '取消', '确认发布']
2026-05-22 12:24:05,212 [INFO]   第1次检查，可见按钮: ['存草稿', '下一步', '取消', '确认发布']
2026-05-22 12:24:05,213 [INFO]   发布设置弹窗按钮: ['存草稿', '下一步', '取消', '确认发布']
2026-05-22 12:24:05,568 [INFO]   AI 声明已勾选 (fallback)
2026-05-22 12:24:06,216 [INFO]   已点击: 确认发布
2026-05-22 12:24:10,221 [INFO] ✓ 第48章《数据具现》发布完成
2026-05-22 12:24:13,226 [INFO] 正在发布: 第49章 单刷领主
2026-05-22 12:24:21,636 [INFO]   当前URL: https://fanqienovel.com/main/writer/7641137747754748990/publish/7642567259877032472
2026-05-22 12:24:21,767 [INFO]   第1次检查，可见按钮: ['存草稿', '下一步', '下一步']
2026-05-22 12:24:22,318 [INFO]   页面 HTML 已保存: /Users/vincent/Documents/小说模型/自动化/日志/debug/page_html_49.html
2026-05-22 12:24:22,318 [INFO] 填充发布表单...
2026-05-22 12:24:23,096 [INFO]   章节号已填入: 49
2026-05-22 12:24:23,875 [INFO]   标题已填入: 单刷领主
2026-05-22 12:24:23,929 [INFO]   正文已注入 (6886 字)
2026-05-22 12:24:29,987 [INFO]   已点击: 下一步
2026-05-22 12:24:35,991 [INFO] 等待下一步后的弹窗...
2026-05-22 12:24:39,023 [INFO]   已点击: 提交
2026-05-22 12:24:42,059 [INFO]   已点击: 全面检测
2026-05-22 12:24:45,063 [INFO] 等待内容检测完成...
2026-05-22 12:24:45,216 [INFO]   第1次检查，可见按钮: ['存草稿', '下一步', '取消', '确认发布']
2026-05-22 12:24:45,507 [INFO]   第1次检查，可见按钮: ['存草稿', '下一步', '取消', '确认发布']
2026-05-22 12:24:45,508 [INFO]   发布设置弹窗按钮: ['存草稿', '下一步', '取消', '确认发布']
2026-05-22 12:24:45,785 [INFO]   AI 声明已勾选 (fallback)
2026-05-22 12:24:46,431 [INFO]   已点击: 确认发布
2026-05-22 12:24:50,434 [INFO] ✓ 第49章《单刷领主》发布完成
2026-05-22 12:24:53,440 [INFO] 正在发布: 第50章 同类信号
2026-05-22 12:25:01,800 [INFO]   当前URL: https://fanqienovel.com/main/writer/7641137747754748990/publish/7642567432950792728
2026-05-22 12:25:01,934 [INFO]   第1次检查，可见按钮: ['存草稿', '下一步', '下一步']
2026-05-22 12:25:02,501 [INFO]   页面 HTML 已保存: /Users/vincent/Documents/小说模型/自动化/日志/debug/page_html_50.html
2026-05-22 12:25:02,501 [INFO] 填充发布表单...
2026-05-22 12:25:03,285 [INFO]   章节号已填入: 50
2026-05-22 12:25:04,149 [INFO]   标题已填入: 同类信号
2026-05-22 12:25:04,200 [INFO]   正文已注入 (4828 字)
2026-05-22 12:25:10,241 [INFO]   已点击: 下一步
2026-05-22 12:25:16,243 [INFO] 等待下一步后的弹窗...
2026-05-22 12:25:19,282 [INFO]   已点击: 提交
2026-05-22 12:25:22,319 [INFO]   已点击: 全面检测
2026-05-22 12:25:25,323 [INFO] 等待内容检测完成...
2026-05-22 12:25:25,497 [INFO]   第1次检查，可见按钮: ['存草稿', '下一步', '取消', '确认发布']
2026-05-22 12:25:25,786 [INFO]   第1次检查，可见按钮: ['存草稿', '下一步', '取消', '确认发布']
2026-05-22 12:25:25,786 [INFO]   发布设置弹窗按钮: ['存草稿', '下一步', '取消', '确认发布']
2026-05-22 12:25:27,250 [INFO]   AI 声明已勾选 (fallback)
2026-05-22 12:25:27,896 [INFO]   已点击: 确认发布
2026-05-22 12:25:31,900 [INFO] ✓ 第50章《同类信号》发布完成
2026-05-22 12:25:34,905 [INFO] 正在发布: 第51章 入侵前兆
2026-05-22 12:25:43,339 [INFO]   当前URL: https://fanqienovel.com/main/writer/7641137747754748990/publish/7642567610696991256
2026-05-22 12:25:43,471 [INFO]   第1次检查，可见按钮: ['存草稿', '下一步', '下一步']
2026-05-22 12:25:44,029 [INFO]   页面 HTML 已保存: /Users/vincent/Documents/小说模型/自动化/日志/debug/page_html_51.html
2026-05-22 12:25:44,029 [INFO] 填充发布表单...
2026-05-22 12:25:44,844 [INFO]   章节号已填入: 51
2026-05-22 12:25:45,577 [INFO]   标题已填入: 入侵前兆
2026-05-22 12:25:45,625 [INFO]   正文已注入 (4880 字)
2026-05-22 12:25:51,675 [INFO]   已点击: 下一步
2026-05-22 12:25:57,678 [INFO] 等待下一步后的弹窗...
2026-05-22 12:26:00,717 [INFO]   已点击: 提交
2026-05-22 12:26:03,755 [INFO]   已点击: 全面检测
2026-05-22 12:26:06,759 [INFO] 等待内容检测完成...
2026-05-22 12:26:06,918 [INFO]   第1次检查，可见按钮: ['存草稿', '下一步', '取消', '确认发布']
2026-05-22 12:26:07,313 [INFO]   第1次检查，可见按钮: ['存草稿', '下一步', '取消', '确认发布']
2026-05-22 12:26:07,313 [INFO]   发布设置弹窗按钮: ['存草稿', '下一步', '取消', '确认发布']
2026-05-22 12:26:07,633 [INFO]   AI 声明已勾选 (fallback)
2026-05-22 12:26:08,313 [INFO]   已点击: 确认发布
2026-05-22 12:26:12,318 [INFO] ✓ 第51章《入侵前兆》发布完成
2026-05-22 12:26:16,219 [INFO] 浏览器已关闭
