2026-05-20 10:31:58,111 [INFO] 加载配置: 发布配置.yaml
2026-05-20 10:31:58,114 [INFO] 当前项目: 全球灾变：我的AI能自动升级
2026-05-20 10:31:58,115 [INFO] 章节目录: /Users/vincent/Documents/小说模型/全球灾变：我的AI能自动升级/执行/章节
2026-05-20 10:31:58,580 [INFO] Chrome 用户数据目录: /Users/vincent/Documents/小说模型/自动化/chrome_profiles/全球灾变（作品: 全球灾变：我的AI能自动升级）
2026-05-20 10:31:58,581 [INFO] Chrome profile 锁文件已清理
2026-05-20 10:32:02,487 [INFO] Chrome 浏览器已启动（已登录模式）
2026-05-20 10:32:02,488 [INFO] 正在打开作家工作台...
2026-05-20 10:32:11,084 [INFO] 已进入作家工作台
2026-05-20 10:32:11,085 [INFO] 正在发布: 第22章 数据猎手
2026-05-20 10:32:19,491 [INFO]   当前URL: https://fanqienovel.com/main/writer/7641137747754748990/publish/7641796219756347929
2026-05-20 10:32:19,645 [INFO]   第1次检查，可见按钮: ['存草稿', '下一步']
2026-05-20 10:32:20,308 [INFO]   页面 HTML 已保存: /Users/vincent/Documents/小说模型/自动化/日志/debug/page_html_22.html
2026-05-20 10:32:20,308 [INFO] 填充发布表单...
2026-05-20 10:32:21,325 [INFO]   章节号已填入: 22
2026-05-20 10:32:22,087 [INFO]   标题已填入: 数据猎手
2026-05-20 10:32:22,203 [INFO]   正文已注入 (4727 字)
2026-05-20 10:32:28,285 [INFO]   已点击: 下一步
2026-05-20 10:32:34,290 [INFO] 等待下一步后的弹窗...
2026-05-20 10:32:37,332 [INFO]   已点击: 提交
2026-05-20 10:32:40,386 [INFO]   已点击: 全面检测
2026-05-20 10:32:43,391 [INFO] 等待内容检测完成...
2026-05-20 10:32:43,644 [INFO]   第1次检查，可见按钮: ['存草稿', '下一步', '取消', '确认发布']
2026-05-20 10:32:44,343 [INFO]   第1次检查，可见按钮: ['存草稿', '下一步', '取消', '确认发布']
2026-05-20 10:32:44,344 [INFO]   发布设置弹窗按钮: ['存草稿', '下一步', '取消', '确认发布']
2026-05-20 10:32:44,782 [INFO]   AI 声明已勾选 (fallback)
2026-05-20 10:32:45,609 [INFO]   已点击: 确认发布
2026-05-20 10:32:49,614 [INFO] ✓ 第22章《数据猎手》发布完成
2026-05-20 10:32:52,621 [INFO] 正在发布: 第23章 主巢
2026-05-20 10:33:01,065 [INFO]   当前URL: https://fanqienovel.com/main/writer/7641137747754748990/publish/7641796397510967833
2026-05-20 10:33:01,345 [INFO]   第1次检查，可见按钮: ['存草稿', '下一步', '下一步']
2026-05-20 10:33:02,677 [INFO]   页面 HTML 已保存: /Users/vincent/Documents/小说模型/自动化/日志/debug/page_html_23.html
2026-05-20 10:33:02,678 [INFO] 填充发布表单...
2026-05-20 10:33:03,715 [INFO]   章节号已填入: 23
2026-05-20 10:33:04,498 [INFO]   标题已填入: 主巢
2026-05-20 10:33:04,560 [INFO]   正文已注入 (5098 字)
2026-05-20 10:33:10,655 [INFO]   已点击: 下一步
2026-05-20 10:33:16,661 [INFO] 等待下一步后的弹窗...
2026-05-20 10:33:19,710 [INFO]   已点击: 提交
2026-05-20 10:33:22,751 [INFO]   已点击: 全面检测
2026-05-20 10:33:25,756 [INFO] 等待内容检测完成...
2026-05-20 10:33:25,920 [INFO]   第1次检查，可见按钮: ['存草稿', '下一步', '取消', '确认发布']
2026-05-20 10:33:26,386 [INFO]   第1次检查，可见按钮: ['存草稿', '下一步', '取消', '确认发布']
2026-05-20 10:33:26,386 [INFO]   发布设置弹窗按钮: ['存草稿', '下一步', '取消', '确认发布']
2026-05-20 10:33:26,719 [INFO]   AI 声明已勾选 (fallback)
2026-05-20 10:33:27,397 [INFO]   已点击: 确认发布
2026-05-20 10:33:31,400 [INFO] ✓ 第23章《主巢》发布完成
2026-05-20 10:33:34,407 [INFO] 正在发布: 第24章 风暴前的宁静
2026-05-20 10:33:42,917 [INFO]   当前URL: https://fanqienovel.com/main/writer/7641137747754748990/publish/7641796577719239193
2026-05-20 10:33:43,094 [INFO]   第1次检查，可见按钮: ['存草稿', '下一步', '下一步']
2026-05-20 10:33:43,818 [INFO]   页面 HTML 已保存: /Users/vincent/Documents/小说模型/自动化/日志/debug/page_html_24.html
2026-05-20 10:33:43,818 [INFO] 填充发布表单...
2026-05-20 10:33:44,715 [INFO]   章节号已填入: 24
2026-05-20 10:33:45,586 [INFO]   标题已填入: 风暴前的宁静
2026-05-20 10:33:45,657 [INFO]   正文已注入 (3006 字)
2026-05-20 10:33:51,716 [INFO]   已点击: 下一步
2026-05-20 10:33:57,721 [INFO] 等待下一步后的弹窗...
2026-05-20 10:34:00,776 [INFO]   已点击: 提交
2026-05-20 10:34:03,817 [INFO]   已点击: 全面检测
2026-05-20 10:34:06,821 [INFO] 等待内容检测完成...
2026-05-20 10:34:06,979 [INFO]   第1次检查，可见按钮: ['存草稿', '下一步', '取消', '确认发布']
2026-05-20 10:34:07,442 [INFO]   第1次检查，可见按钮: ['存草稿', '下一步', '取消', '确认发布']
2026-05-20 10:34:07,442 [INFO]   发布设置弹窗按钮: ['存草稿', '下一步', '取消', '确认发布']
2026-05-20 10:34:07,769 [INFO]   AI 声明已勾选 (fallback)
2026-05-20 10:34:08,419 [INFO]   已点击: 确认发布
2026-05-20 10:34:12,439 [INFO] ✓ 第24章《风暴前的宁静》发布完成
2026-05-20 10:34:15,527 [INFO] 正在发布: 第25章 铁壁来客
2026-05-20 10:34:23,646 [INFO]   当前URL: https://fanqienovel.com/main/writer/7641137747754748990/publish/7641796753682858521
2026-05-20 10:34:23,775 [INFO]   第1次检查，可见按钮: ['存草稿', '下一步', '下一步']
2026-05-20 10:34:24,308 [INFO]   页面 HTML 已保存: /Users/vincent/Documents/小说模型/自动化/日志/debug/page_html_25.html
2026-05-20 10:34:24,308 [INFO] 填充发布表单...
2026-05-20 10:34:25,170 [INFO]   章节号已填入: 25
2026-05-20 10:34:25,925 [INFO]   标题已填入: 铁壁来客
2026-05-20 10:34:26,008 [INFO]   正文已注入 (2622 字)
2026-05-20 10:34:32,071 [INFO]   已点击: 下一步
2026-05-20 10:34:38,090 [INFO] 等待下一步后的弹窗...
2026-05-20 10:34:44,202 [INFO]   已点击: 全面检测
2026-05-20 10:34:47,206 [INFO] 等待内容检测完成...
2026-05-20 10:34:47,358 [INFO]   第1次检查，可见按钮: ['存草稿', '下一步', '取消', '确认发布']
2026-05-20 10:34:47,638 [INFO]   第1次检查，可见按钮: ['存草稿', '下一步', '取消', '确认发布']
2026-05-20 10:34:47,639 [INFO]   发布设置弹窗按钮: ['存草稿', '下一步', '取消', '确认发布']
2026-05-20 10:34:47,947 [INFO]   AI 声明已勾选 (fallback)
2026-05-20 10:34:48,599 [INFO]   已点击: 确认发布
2026-05-20 10:34:52,604 [INFO] ✓ 第25章《铁壁来客》发布完成
2026-05-20 10:34:55,608 [INFO] 正在发布: 第26章 幻术师
2026-05-20 10:35:04,067 [INFO]   当前URL: https://fanqienovel.com/main/writer/7641137747754748990/publish/7641796926316233241
2026-05-20 10:35:04,196 [INFO]   第1次检查，可见按钮: ['存草稿', '下一步', '下一步']
2026-05-20 10:35:04,742 [INFO]   页面 HTML 已保存: /Users/vincent/Documents/小说模型/自动化/日志/debug/page_html_26.html
2026-05-20 10:35:04,742 [INFO] 填充发布表单...
2026-05-20 10:35:05,674 [INFO]   章节号已填入: 26
2026-05-20 10:35:06,410 [INFO]   标题已填入: 幻术师
2026-05-20 10:35:06,460 [INFO]   正文已注入 (3678 字)
2026-05-20 10:35:12,562 [INFO]   已点击: 下一步
2026-05-20 10:35:18,570 [INFO] 等待下一步后的弹窗...
2026-05-20 10:35:21,609 [INFO]   已点击: 提交
2026-05-20 10:35:24,656 [INFO]   已点击: 全面检测
2026-05-20 10:35:27,659 [INFO] 等待内容检测完成...
2026-05-20 10:35:27,827 [INFO]   第1次检查，可见按钮: ['存草稿', '下一步', '取消', '确认发布']
2026-05-20 10:35:28,100 [INFO]   第1次检查，可见按钮: ['存草稿', '下一步', '取消', '确认发布']
2026-05-20 10:35:28,101 [INFO]   发布设置弹窗按钮: ['存草稿', '下一步', '取消', '确认发布']
2026-05-20 10:35:28,455 [INFO]   AI 声明已勾选 (fallback)
2026-05-20 10:35:29,117 [INFO]   已点击: 确认发布
2026-05-20 10:35:33,121 [INFO] ✓ 第26章《幻术师》发布完成
2026-05-20 10:35:36,131 [INFO] 正在发布: 第27章 反向入侵
2026-05-20 10:35:44,531 [INFO]   当前URL: https://fanqienovel.com/main/writer/7641137747754748990/publish/7641797100073665049
2026-05-20 10:35:44,660 [INFO]   第1次检查，可见按钮: ['存草稿', '下一步', '下一步']
2026-05-20 10:35:45,227 [INFO]   页面 HTML 已保存: /Users/vincent/Documents/小说模型/自动化/日志/debug/page_html_27.html
2026-05-20 10:35:45,228 [INFO] 填充发布表单...
2026-05-20 10:35:46,114 [INFO]   章节号已填入: 27
2026-05-20 10:35:46,913 [INFO]   标题已填入: 反向入侵
2026-05-20 10:35:46,975 [INFO]   正文已注入 (3341 字)
2026-05-20 10:35:53,032 [INFO]   已点击: 下一步
2026-05-20 10:35:59,037 [INFO] 等待下一步后的弹窗...
2026-05-20 10:36:02,093 [INFO]   已点击: 提交
2026-05-20 10:36:05,152 [INFO]   已点击: 全面检测
2026-05-20 10:36:08,157 [INFO] 等待内容检测完成...
2026-05-20 10:36:08,311 [INFO]   第1次检查，可见按钮: ['存草稿', '下一步', '取消', '确认发布']
2026-05-20 10:36:08,567 [INFO]   第1次检查，可见按钮: ['存草稿', '下一步', '取消', '确认发布']
2026-05-20 10:36:08,567 [INFO]   发布设置弹窗按钮: ['存草稿', '下一步', '取消', '确认发布']
2026-05-20 10:36:08,868 [INFO]   AI 声明已勾选 (fallback)
2026-05-20 10:36:09,544 [INFO]   已点击: 确认发布
2026-05-20 10:36:13,545 [INFO] ✓ 第27章《反向入侵》发布完成
2026-05-20 10:36:16,551 [INFO] 正在发布: 第28章 沦陷
2026-05-20 10:36:24,985 [INFO]   当前URL: https://fanqienovel.com/main/writer/7641137747754748990/publish/7641797273780765209
2026-05-20 10:36:25,128 [INFO]   第1次检查，可见按钮: ['存草稿', '下一步', '下一步']
2026-05-20 10:36:25,645 [INFO]   页面 HTML 已保存: /Users/vincent/Documents/小说模型/自动化/日志/debug/page_html_28.html
2026-05-20 10:36:25,645 [INFO] 填充发布表单...
2026-05-20 10:36:26,552 [INFO]   章节号已填入: 28
2026-05-20 10:36:27,260 [INFO]   标题已填入: 沦陷
2026-05-20 10:36:27,304 [INFO]   正文已注入 (2954 字)
2026-05-20 10:36:33,367 [INFO]   已点击: 下一步
2026-05-20 10:36:39,372 [INFO] 等待下一步后的弹窗...
2026-05-20 10:36:42,410 [INFO]   已点击: 提交
2026-05-20 10:36:45,461 [INFO]   已点击: 全面检测
2026-05-20 10:36:48,466 [INFO] 等待内容检测完成...
2026-05-20 10:36:48,634 [INFO]   第1次检查，可见按钮: ['存草稿', '下一步', '取消', '确认发布']
2026-05-20 10:36:48,893 [INFO]   第1次检查，可见按钮: ['存草稿', '下一步', '取消', '确认发布']
2026-05-20 10:36:48,893 [INFO]   发布设置弹窗按钮: ['存草稿', '下一步', '取消', '确认发布']
2026-05-20 10:36:49,187 [INFO]   AI 声明已勾选 (fallback)
2026-05-20 10:36:49,865 [INFO]   已点击: 确认发布
2026-05-20 10:36:53,868 [INFO] ✓ 第28章《沦陷》发布完成
2026-05-20 10:36:56,878 [INFO] 正在发布: 第29章 领主苏醒
2026-05-20 10:37:05,278 [INFO]   当前URL: https://fanqienovel.com/main/writer/7641137747754748990/publish/7641797446737084953
2026-05-20 10:37:05,446 [INFO]   第1次检查，可见按钮: ['存草稿', '下一步', '下一步']
2026-05-20 10:37:06,053 [INFO]   页面 HTML 已保存: /Users/vincent/Documents/小说模型/自动化/日志/debug/page_html_29.html
2026-05-20 10:37:06,053 [INFO] 填充发布表单...
2026-05-20 10:37:06,943 [INFO]   章节号已填入: 29
2026-05-20 10:37:07,691 [INFO]   标题已填入: 领主苏醒
2026-05-20 10:37:07,738 [INFO]   正文已注入 (3160 字)
2026-05-20 10:37:13,851 [INFO]   已点击: 下一步
2026-05-20 10:37:19,855 [INFO] 等待下一步后的弹窗...
2026-05-20 10:37:25,970 [INFO]   已点击: 全面检测
2026-05-20 10:37:28,974 [INFO] 等待内容检测完成...
2026-05-20 10:37:29,123 [INFO]   第1次检查，可见按钮: ['存草稿', '下一步', '取消', '确认发布']
2026-05-20 10:37:29,379 [INFO]   第1次检查，可见按钮: ['存草稿', '下一步', '取消', '确认发布']
2026-05-20 10:37:29,379 [INFO]   发布设置弹窗按钮: ['存草稿', '下一步', '取消', '确认发布']
2026-05-20 10:37:29,699 [INFO]   AI 声明已勾选 (fallback)
2026-05-20 10:37:30,366 [INFO]   已点击: 确认发布
2026-05-20 10:37:34,369 [INFO] ✓ 第29章《领主苏醒》发布完成
2026-05-20 10:37:37,375 [INFO] 正在发布: 第30章 围城
2026-05-20 10:37:45,793 [INFO]   当前URL: https://fanqienovel.com/main/writer/7641137747754748990/publish/7641797621035565593
2026-05-20 10:37:45,937 [INFO]   第1次检查，可见按钮: ['存草稿', '下一步', '下一步']
2026-05-20 10:37:46,557 [INFO]   页面 HTML 已保存: /Users/vincent/Documents/小说模型/自动化/日志/debug/page_html_30.html
2026-05-20 10:37:46,558 [INFO] 填充发布表单...
2026-05-20 10:37:47,456 [INFO]   章节号已填入: 30
2026-05-20 10:37:48,191 [INFO]   标题已填入: 围城
2026-05-20 10:37:48,237 [INFO]   正文已注入 (2796 字)
2026-05-20 10:37:54,294 [INFO]   已点击: 下一步
2026-05-20 10:38:00,298 [INFO] 等待下一步后的弹窗...
2026-05-20 10:38:06,411 [INFO]   已点击: 全面检测
2026-05-20 10:38:09,415 [INFO] 等待内容检测完成...
2026-05-20 10:38:09,703 [INFO]   第1次检查，可见按钮: ['存草稿', '下一步', '取消', '确认发布']
2026-05-20 10:38:10,387 [INFO]   第1次检查，可见按钮: ['存草稿', '下一步', '取消', '确认发布']
2026-05-20 10:38:10,388 [INFO]   发布设置弹窗按钮: ['存草稿', '下一步', '取消', '确认发布']
2026-05-20 10:38:10,911 [INFO]   AI 声明已勾选 (fallback)
2026-05-20 10:38:11,608 [INFO]   已点击: 确认发布
2026-05-20 10:38:15,611 [INFO] ✓ 第30章《围城》发布完成
2026-05-20 10:38:18,615 [INFO] 正在发布: 第31章 托管（上）
2026-05-20 10:38:26,716 [INFO]   当前URL: https://fanqienovel.com/main/writer/7641137747754748990/publish/7641797801269019161
2026-05-20 10:38:26,939 [INFO]   第1次检查，可见按钮: ['存草稿', '下一步', '下一步']
2026-05-20 10:38:28,346 [INFO]   页面 HTML 已保存: /Users/vincent/Documents/小说模型/自动化/日志/debug/page_html_31.html
2026-05-20 10:38:28,346 [INFO] 填充发布表单...
2026-05-20 10:38:29,699 [INFO]   章节号已填入: 31
2026-05-20 10:38:30,984 [INFO]   标题已填入: 托管（上）
2026-05-20 10:38:31,151 [INFO]   正文已注入 (2942 字)
2026-05-20 10:38:37,211 [INFO]   已点击: 下一步
2026-05-20 10:38:43,214 [INFO] 等待下一步后的弹窗...
2026-05-20 10:38:46,260 [INFO]   已点击: 提交
2026-05-20 10:38:49,305 [INFO]   已点击: 全面检测
2026-05-20 10:38:52,308 [INFO] 等待内容检测完成...
2026-05-20 10:38:52,522 [INFO]   第1次检查，可见按钮: ['存草稿', '下一步', '取消', '确认发布']
2026-05-20 10:38:53,385 [INFO]   第1次检查，可见按钮: ['存草稿', '下一步', '取消', '确认发布']
2026-05-20 10:38:53,385 [INFO]   发布设置弹窗按钮: ['存草稿', '下一步', '取消', '确认发布']
2026-05-20 10:38:54,106 [INFO]   AI 声明已勾选 (fallback)
2026-05-20 10:38:54,768 [INFO]   已点击: 确认发布
2026-05-20 10:38:58,770 [INFO] ✓ 第31章《托管（上）》发布完成
